<html>
<body>
<pre>
<h1>µVision Build Log</h1>
<h2>Project:</h2>
G:\ExploreLpc1768_BreakOut\ExploreLpc1768_BreakOut\06d-UART_Tx_Numbers\06d-UART_Tx_Numbers.uvproj
Project File Date:  03/10/2016

<h2>Output:</h2>
Build target 'Target 1'
assembling startup_LPC17xx.s...
compiling main.c...
main.c(43): warning:  #69-D: integer conversion resulted in truncation
main.c(43): error:  #165: too few arguments in function call
main.c(48): error:  #167: argument of type "char *" is incompatible with parameter of type "uint8_t"
main.c(48): error:  #167: argument of type "int" is incompatible with parameter of type "const char *"
compiling delay.c...
compiling gpio.c...
compiling system_LPC17xx.c...
compiling uart.c...
Target not created
compiling main.c...
main.c(43): warning:  #69-D: integer conversion resulted in truncation
main.c(43): error:  #165: too few arguments in function call
main.c(48): error:  #167: argument of type "char *" is incompatible with parameter of type "uint8_t"
main.c(48): error:  #167: argument of type "int" is incompatible with parameter of type "const char *"
main.c - 3 Error(s), 1 Warning(s).
compiling main.c...
main.c - 0 Error(s), 0 Warning(s).
Build target 'Target 1'
linking...
Program Size: Code=3808 RO-data=268 RW-data=4 ZI-data=612  
User command #1: fromelf --bin 07a-ADC_UART.axf --output 07a-ADC_UART.bin
"07a-ADC_UART.axf": Error: Q0122E: Could not open file '07a-ADC_UART.axf': No such file or directory
Finished: 0 information, 0 warning and 1 error messages.
"06d-UART_Tx_Numbers.axf" - 0 Error(s), 0 Warning(s).
Build target 'Target 1'
assembling startup_LPC17xx.s...
compiling main.c...
compiling delay.c...
compiling gpio.c...
compiling system_LPC17xx.c...
compiling uart.c...
linking...
Program Size: Code=3808 RO-data=268 RW-data=4 ZI-data=612  
User command #1: fromelf --bin 07a-ADC_UART.axf --output 07a-ADC_UART.bin
"07a-ADC_UART.axf": Error: Q0122E: Could not open file '07a-ADC_UART.axf': No such file or directory
Finished: 0 information, 0 warning and 1 error messages.
"06d-UART_Tx_Numbers.axf" - 0 Error(s), 0 Warning(s).
compiling main.c...
main.c - 0 Error(s), 0 Warning(s).
Build target 'Target 1'
linking...
Program Size: Code=3808 RO-data=268 RW-data=4 ZI-data=612  
User command #1: fromelf --bin 06d-UART_Tx_Numbers.axf --output 06d-UART_Tx_Numbers.bin
"06d-UART_Tx_Numbers.axf" - 0 Error(s), 0 Warning(s).
Build target 'Target 1'
assembling startup_LPC17xx.s...
compiling main.c...
compiling delay.c...
compiling gpio.c...
compiling system_LPC17xx.c...
compiling uart.c...
linking...
Program Size: Code=3808 RO-data=268 RW-data=4 ZI-data=612  
User command #1: fromelf --bin 06d-UART_Tx_Numbers.axf --output 06d-UART_Tx_Numbers.bin
"06d-UART_Tx_Numbers.axf" - 0 Error(s), 0 Warning(s).
