<html>
<body>
<pre>
<h1>µVision Build Log</h1>
<h2>Project:</h2>
G:\ExploreLpc1768_BreakOut\ExploreLpc1768_BreakOut\09b-RTC_LCD\09b-RTC_LCD.uvproj
Project File Date:  03/10/2016

<h2>Output:</h2>
Build target 'Target 1'
assembling startup_LPC17xx.s...
compiling main.c...
compiling delay.c...
compiling gpio.c...
compiling lcd.c...
compiling rtc.c...
compiling system_LPC17xx.c...
linking...
Program Size: Code=4968 RO-data=236 RW-data=12 ZI-data=628  
User command #1: fromelf --bin 09b-RTC_LCD.axf --output 09b-RTC_LCD.bin
"09b-RTC_LCD.axf" - 0 Error(s), 0 Warning(s).
