<html>
<body>
<pre>
<h1>µVision Build Log</h1>
<h2>Project:</h2>
F:\GitHub\LPC1768\Explore-Cortex-M3-LPC1768-DVB-14001\Code\KeilExamples\12a-Timers_Led\12a-Timers_Led.uvproj
Project File Date:  04/01/2016

<h2>Output:</h2>
Build target 'Target 1'
assembling startup_LPC17xx.s...
compiling main.c...
compiling gpio.c...
compiling system_LPC17xx.c...
compiling timer.c...
linking...
Program Size: Code=1868 RO-data=236 RW-data=52 ZI-data=612  
User command #1: fromelf --bin 12a-Timers_Led.axf --output 12a-Timers_Led.bin
"12a-Timers_Led.axf" - 0 Error(s), 0 Warning(s).
