<html>
<body>
<pre>
<h1>µVision Build Log</h1>
<h2>Project:</h2>
G:\ExploreLpc1768_BreakOut\ExploreLpc1768_BreakOut\07e-ADC_Temperature_LCD\07e-ADC_Temperature_LCD.uvproj
Project File Date:  03/10/2016

<h2>Output:</h2>
compiling main.c...
main.c(51): error:  #20: identifier "PB_0" is undefined
main.c(51): error:  #20: identifier "PB_1" is undefined
main.c(51): error:  #20: identifier "PB_2" is undefined
main.c(51): error:  #20: identifier "PB_4" is undefined
main.c(51): error:  #20: identifier "PB_5" is undefined
main.c(51): error:  #20: identifier "PB_6" is undefined
main.c(51): error:  #20: identifier "PB_7" is undefined
main.c - 7 Error(s), 0 Warning(s).
compiling main.c...
main.c - 0 Error(s), 0 Warning(s).
compiling main.c...
main.c - 0 Error(s), 0 Warning(s).
Build target 'Target 1'
assembling startup_LPC17xx.s...
compiling adc.c...
..\00-libfiles\adc.c(111): warning:  #61-D: integer operation result is out of range
..\00-libfiles\adc.c(111): warning:  #68-D: integer conversion resulted in a change of sign
compiling delay.c...
compiling gpio.c...
compiling lcd.c...
compiling system_LPC17xx.c...
linking...
Program Size: Code=6046 RO-data=254 RW-data=12 ZI-data=628  
User command #1: fromelf --bin 07a-ADC_UART.axf --output 07a-ADC_UART.bin
"07a-ADC_UART.axf": Error: Q0122E: Could not open file '07a-ADC_UART.axf': No such file or directory
Finished: 0 information, 0 warning and 1 error messages.
"07e-ADC_Temperature_LCD.axf" - 0 Error(s), 2 Warning(s).
Build target 'Target 1'
assembling startup_LPC17xx.s...
compiling main.c...
compiling adc.c...
..\00-libfiles\adc.c(111): warning:  #61-D: integer operation result is out of range
..\00-libfiles\adc.c(111): warning:  #68-D: integer conversion resulted in a change of sign
compiling delay.c...
compiling gpio.c...
compiling lcd.c...
compiling system_LPC17xx.c...
linking...
Program Size: Code=6046 RO-data=254 RW-data=12 ZI-data=628  
User command #1: fromelf --bin 07a-ADC_UART.axf --output 07a-ADC_UART.bin
"07a-ADC_UART.axf": Error: Q0122E: Could not open file '07a-ADC_UART.axf': No such file or directory
Finished: 0 information, 0 warning and 1 error messages.
"07e-ADC_Temperature_LCD.axf" - 0 Error(s), 2 Warning(s).
compiling main.c...
main.c - 0 Error(s), 0 Warning(s).
Build target 'Target 1'
linking...
Program Size: Code=6046 RO-data=254 RW-data=12 ZI-data=628  
User command #1: fromelf --bin 07e-ADC_Temperature_LCD.axf --output 07e-ADC_Temperature_LCD.bin
"07e-ADC_Temperature_LCD.axf" - 0 Error(s), 0 Warning(s).
Build target 'Target 1'
assembling startup_LPC17xx.s...
compiling main.c...
compiling adc.c...
..\00-libfiles\adc.c(111): warning:  #61-D: integer operation result is out of range
..\00-libfiles\adc.c(111): warning:  #68-D: integer conversion resulted in a change of sign
compiling delay.c...
compiling gpio.c...
compiling lcd.c...
compiling system_LPC17xx.c...
linking...
Program Size: Code=6046 RO-data=254 RW-data=12 ZI-data=628  
User command #1: fromelf --bin 07e-ADC_Temperature_LCD.axf --output 07e-ADC_Temperature_LCD.bin
"07e-ADC_Temperature_LCD.axf" - 0 Error(s), 2 Warning(s).
Build target 'Target 1'
assembling startup_LPC17xx.s...
compiling main.c...
compiling adc.c...
..\00-libfiles\adc.c(111): warning:  #61-D: integer operation result is out of range
..\00-libfiles\adc.c(111): warning:  #68-D: integer conversion resulted in a change of sign
compiling delay.c...
compiling gpio.c...
compiling lcd.c...
compiling system_LPC17xx.c...
linking...
Program Size: Code=6046 RO-data=254 RW-data=12 ZI-data=628  
User command #1: fromelf --bin 07e-ADC_Temperature_LCD.axf --output 07e-ADC_Temperature_LCD.bin
"07e-ADC_Temperature_LCD.axf" - 0 Error(s), 2 Warning(s).
Build target 'Target 1'
assembling startup_LPC17xx.s...
compiling main.c...
compiling adc.c...
..\00-libfiles\adc.c(111): warning:  #61-D: integer operation result is out of range
..\00-libfiles\adc.c(111): warning:  #68-D: integer conversion resulted in a change of sign
compiling delay.c...
compiling gpio.c...
compiling lcd.c...
compiling system_LPC17xx.c...
linking...
Program Size: Code=6046 RO-data=254 RW-data=12 ZI-data=628  
User command #1: fromelf --bin 07e-ADC_Temperature_LCD.axf --output 07e-ADC_Temperature_LCD.bin
"07e-ADC_Temperature_LCD.axf" - 0 Error(s), 2 Warning(s).
