<html>
<body>
<pre>
<h1>µVision Build Log</h1>
<h2>Project:</h2>
F:\GitHub\LPC1768\Explore-Cortex-M3-LPC1768-DVB-14001\Code\KeilTutorialExamples\RTC_Example2\RTC_Example2.uvproj
Project File Date:  03/30/2016

<h2>Output:</h2>
Build target 'Target 1'
assembling startup_LPC17xx.s...
compiling main.c...
main.c(39): warning:  #1-D: last line of file ends without a newline
compiling delay.c...
compiling gpio.c...
compiling lcd.c...
compiling rtc.c...
compiling system_LPC17xx.c...
linking...
Program Size: Code=5020 RO-data=236 RW-data=12 ZI-data=628  
"RTC_Example2.axf" - 0 Error(s), 1 Warning(s).
Build target 'Target 1'
compiling main.c...
linking...
Program Size: Code=5020 RO-data=236 RW-data=12 ZI-data=628  
"RTC_Example2.axf" - 0 Error(s), 0 Warning(s).
Build target 'Target 1'
assembling startup_LPC17xx.s...
compiling main.c...
compiling delay.c...
compiling gpio.c...
compiling lcd.c...
compiling rtc.c...
compiling system_LPC17xx.c...
linking...
Program Size: Code=5020 RO-data=236 RW-data=12 ZI-data=628  
"RTC_Example2.axf" - 0 Error(s), 0 Warning(s).
Build target 'Target 1'
assembling startup_LPC17xx.s...
compiling main.c...
main.c(23): warning:  #69-D: integer conversion resulted in truncation
compiling delay.c...
compiling gpio.c...
compiling lcd.c...
compiling rtc.c...
compiling system_LPC17xx.c...
linking...
Program Size: Code=5020 RO-data=236 RW-data=12 ZI-data=628  
"RTC_Example2.axf" - 0 Error(s), 1 Warning(s).
Build target 'Target 1'
assembling startup_LPC17xx.s...
compiling main.c...
compiling delay.c...
compiling gpio.c...
compiling lcd.c...
compiling rtc.c...
compiling system_LPC17xx.c...
linking...
Program Size: Code=5024 RO-data=236 RW-data=12 ZI-data=628  
"RTC_Example2.axf" - 0 Error(s), 0 Warning(s).
Build target 'Target 1'
assembling startup_LPC17xx.s...
compiling main.c...
compiling delay.c...
compiling gpio.c...
compiling lcd.c...
compiling rtc.c...
compiling system_LPC17xx.c...
linking...
Program Size: Code=5024 RO-data=236 RW-data=12 ZI-data=628  
"RTC_Example2.axf" - 0 Error(s), 0 Warning(s).
Build target 'Target 1'
assembling startup_LPC17xx.s...
compiling main.c...
compiling delay.c...
compiling gpio.c...
compiling lcd.c...
compiling rtc.c...
compiling system_LPC17xx.c...
linking...
Program Size: Code=5024 RO-data=236 RW-data=12 ZI-data=628  
"RTC_Example2.axf" - 0 Error(s), 0 Warning(s).
Build target 'Target 1'
assembling startup_LPC17xx.s...
compiling main.c...
compiling delay.c...
compiling gpio.c...
compiling lcd.c...
compiling rtc.c...
compiling system_LPC17xx.c...
linking...
Program Size: Code=5024 RO-data=236 RW-data=12 ZI-data=628  
"RTC_Example2.axf" - 0 Error(s), 0 Warning(s).
