<html>
<body>
<pre>
<h1>µVision Build Log</h1>
<h2>Project:</h2>
D:\work_space\Lpc1768_Boards\Lpc1768_BreakOut\Code\Switch_Led\Switch_Led.uvproj
Project File Date:  05/23/2015

<h2>Output:</h2>
Build target 'Target 1'
compiling delay.c...
compiling switchLed_main.c...
switchLed_main.c(138): warning:  #951-D: return type of function "main" must be "int"
compiling system_LPC17xx.c...
assembling startup_LPC17xx.s...
compiling gpio.c...
linking...
Program Size: Code=1148 RO-data=236 RW-data=4 ZI-data=612  
FromELF: creating hex file...
User command #1: fromelf --bin Switch_Led.axf --output Switch_Led.bin
"Switch_Led.axf" - 0 Error(s), 1 Warning(s).
