<html>
<body>
<pre>
<h1>µVision Build Log</h1>
<h2>Project:</h2>
F:\GitHub\LPC1768\Explore-Cortex-M3-LPC1768-DVB-14001\Code\KeilTutorialExamples\Keypad_UART\Keypad_UART.uvproj
Project File Date:  04/01/2016

<h2>Output:</h2>
Build target 'Target 1'
assembling startup_LPC17xx.s...
compiling main.c...
compiling delay.c...
compiling gpio.c...
compiling keypad.c...
compiling system_LPC17xx.c...
compiling uart.c...
linking...
Program Size: Code=4262 RO-data=286 RW-data=12 ZI-data=612  
"Keypad_UART.axf" - 0 Error(s), 0 Warning(s).
Build target 'Target 1'
assembling startup_LPC17xx.s...
compiling main.c...
compiling delay.c...
compiling gpio.c...
compiling keypad.c...
compiling system_LPC17xx.c...
compiling uart.c...
linking...
Program Size: Code=4262 RO-data=286 RW-data=12 ZI-data=612  
"Keypad_UART.axf" - 0 Error(s), 0 Warning(s).
Build target 'Target 1'
assembling startup_LPC17xx.s...
compiling main.c...
compiling delay.c...
compiling gpio.c...
compiling keypad.c...
compiling system_LPC17xx.c...
compiling uart.c...
linking...
Program Size: Code=4262 RO-data=286 RW-data=12 ZI-data=612  
FromELF: creating hex file...
"Keypad_UART.axf" - 0 Error(s), 0 Warning(s).
