<html>
<body>
<pre>
<h1>µVision Build Log</h1>
<h2>Project:</h2>
F:\GitHub\LPC1768\Explore-Cortex-M3-LPC1768-DVB-14001\Code\KeilExamples\13a-EINT_Leds\13a-EINT_Leds.uvproj
Project File Date:  04/01/2016

<h2>Output:</h2>
Build target 'Target 1'
assembling startup_LPC17xx.s...
compiling main.c...
main.c(37): error:  #5: cannot open source input file "stdutils.h": No such file or directory
compiling extintr.c...
compiling gpio.c...
compiling system_LPC17xx.c...
Target not created
Build target 'Target 1'
compiling main.c...
compiling extintr.c...
compiling gpio.c...
compiling system_LPC17xx.c...
linking...
Program Size: Code=1772 RO-data=236 RW-data=36 ZI-data=612  
User command #1: fromelf --bin 13a-EINT_Leds.axf --output 13a-EINT_Leds.bin
"13a-EINT_Leds.axf" - 0 Error(s), 0 Warning(s).
Build target 'Target 1'
assembling startup_LPC17xx.s...
compiling main.c...
compiling extintr.c...
compiling gpio.c...
compiling system_LPC17xx.c...
linking...
Program Size: Code=1772 RO-data=236 RW-data=36 ZI-data=612  
User command #1: fromelf --bin 13a-EINT_Leds.axf --output 13a-EINT_Leds.bin
"13a-EINT_Leds.axf" - 0 Error(s), 0 Warning(s).
