<html>
<body>
<pre>
<h1>µVision Build Log</h1>
<h2>Project:</h2>
G:\ExploreLpc1768_BreakOut\ExploreLpc1768_BreakOut\10a-Keypad_UART\10a-Keypad_UART.uvproj
Project File Date:  03/10/2016

<h2>Output:</h2>
Build target 'Target 1'
assembling startup_LPC17xx.s...
compiling main.c...
main.c(43): error:  #20: identifier "PB_0" is undefined
main.c(43): error:  #20: identifier "PB_1" is undefined
main.c(43): error:  #20: identifier "PB_2" is undefined
main.c(43): error:  #20: identifier "PB_3" is undefined
main.c(43): error:  #20: identifier "PB_4" is undefined
main.c(43): error:  #20: identifier "PB_5" is undefined
main.c(43): error:  #20: identifier "PB_6" is undefined
main.c(43): error:  #20: identifier "PB_7" is undefined
compiling delay.c...
compiling gpio.c...
compiling keypad.c...
compiling system_LPC17xx.c...
compiling uart.c...
Target not created
compiling main.c...
main.c(43): error:  #20: identifier "PB_0" is undefined
main.c(43): error:  #20: identifier "PB_1" is undefined
main.c(43): error:  #20: identifier "PB_2" is undefined
main.c(43): error:  #20: identifier "PB_3" is undefined
main.c(43): error:  #20: identifier "PB_4" is undefined
main.c(43): error:  #20: identifier "PB_5" is undefined
main.c(43): error:  #20: identifier "PB_6" is undefined
main.c(43): error:  #20: identifier "PB_7" is undefined
main.c - 8 Error(s), 0 Warning(s).
Build target 'Target 1'
assembling startup_LPC17xx.s...
compiling main.c...
compiling delay.c...
compiling gpio.c...
compiling keypad.c...
compiling system_LPC17xx.c...
compiling uart.c...
linking...
Program Size: Code=4214 RO-data=286 RW-data=12 ZI-data=612  
User command #1: fromelf --bin 10a-Keypad_UART.axf --output 10a-Keypad_UART.bin
"10a-Keypad_UART.axf" - 0 Error(s), 0 Warning(s).
Build target 'Target 1'
assembling startup_LPC17xx.s...
compiling main.c...
compiling delay.c...
compiling gpio.c...
compiling keypad.c...
compiling system_LPC17xx.c...
compiling uart.c...
linking...
Program Size: Code=4214 RO-data=286 RW-data=12 ZI-data=612  
User command #1: fromelf --bin 10a-Keypad_UART.axf --output 10a-Keypad_UART.bin
"10a-Keypad_UART.axf" - 0 Error(s), 0 Warning(s).
Build target 'Target 1'
assembling startup_LPC17xx.s...
compiling main.c...
compiling delay.c...
compiling gpio.c...
compiling keypad.c...
compiling system_LPC17xx.c...
compiling uart.c...
linking...
Program Size: Code=4222 RO-data=286 RW-data=12 ZI-data=612  
User command #1: fromelf --bin 10a-Keypad_UART.axf --output 10a-Keypad_UART.bin
"10a-Keypad_UART.axf" - 0 Error(s), 0 Warning(s).
Build target 'Target 1'
assembling startup_LPC17xx.s...
compiling main.c...
compiling delay.c...
compiling gpio.c...
compiling keypad.c...
compiling system_LPC17xx.c...
compiling uart.c...
linking...
Program Size: Code=4246 RO-data=286 RW-data=12 ZI-data=612  
User command #1: fromelf --bin 10a-Keypad_UART.axf --output 10a-Keypad_UART.bin
"10a-Keypad_UART.axf" - 0 Error(s), 0 Warning(s).
Build target 'Target 1'
assembling startup_LPC17xx.s...
compiling main.c...
compiling delay.c...
compiling gpio.c...
compiling keypad.c...
compiling system_LPC17xx.c...
compiling uart.c...
linking...
Program Size: Code=4246 RO-data=286 RW-data=12 ZI-data=612  
User command #1: fromelf --bin 10a-Keypad_UART.axf --output 10a-Keypad_UART.bin
"10a-Keypad_UART.axf" - 0 Error(s), 0 Warning(s).
Build target 'Target 1'
assembling startup_LPC17xx.s...
compiling main.c...
compiling delay.c...
compiling gpio.c...
compiling keypad.c...
compiling system_LPC17xx.c...
compiling uart.c...
linking...
Program Size: Code=4214 RO-data=286 RW-data=12 ZI-data=612  
User command #1: fromelf --bin 10a-Keypad_UART.axf --output 10a-Keypad_UART.bin
"10a-Keypad_UART.axf" - 0 Error(s), 0 Warning(s).
Build target 'Target 1'
assembling startup_LPC17xx.s...
compiling main.c...
compiling delay.c...
compiling gpio.c...
compiling keypad.c...
compiling system_LPC17xx.c...
compiling uart.c...
linking...
Program Size: Code=4214 RO-data=286 RW-data=12 ZI-data=612  
User command #1: fromelf --bin 10a-Keypad_UART.axf --output 10a-Keypad_UART.bin
"10a-Keypad_UART.axf" - 0 Error(s), 0 Warning(s).
Build target 'Target 1'
assembling startup_LPC17xx.s...
compiling main.c...
compiling delay.c...
compiling gpio.c...
compiling keypad.c...
compiling system_LPC17xx.c...
compiling uart.c...
linking...
Program Size: Code=4214 RO-data=286 RW-data=12 ZI-data=612  
User command #1: fromelf --bin 10a-Keypad_UART.axf --output 10a-Keypad_UART.bin
"10a-Keypad_UART.axf" - 0 Error(s), 0 Warning(s).
Build target 'Target 1'
assembling startup_LPC17xx.s...
compiling main.c...
compiling delay.c...
compiling gpio.c...
compiling keypad.c...
compiling system_LPC17xx.c...
compiling uart.c...
linking...
Program Size: Code=4214 RO-data=286 RW-data=12 ZI-data=612  
User command #1: fromelf --bin 10a-Keypad_UART.axf --output 10a-Keypad_UART.bin
"10a-Keypad_UART.axf" - 0 Error(s), 0 Warning(s).
Build target 'Target 1'
assembling startup_LPC17xx.s...
compiling main.c...
main.c(44): error:  #29: expected an expression
main.c(44): error:  #140: too many arguments in function call
compiling delay.c...
compiling gpio.c...
compiling keypad.c...
compiling system_LPC17xx.c...
compiling uart.c...
Target not created
Build target 'Target 1'
assembling startup_LPC17xx.s...
compiling main.c...
compiling delay.c...
compiling gpio.c...
compiling keypad.c...
compiling system_LPC17xx.c...
compiling uart.c...
linking...
Program Size: Code=4214 RO-data=286 RW-data=12 ZI-data=612  
User command #1: fromelf --bin 10a-Keypad_UART.axf --output 10a-Keypad_UART.bin
"10a-Keypad_UART.axf" - 0 Error(s), 0 Warning(s).
Build target 'Target 1'
assembling startup_LPC17xx.s...
compiling main.c...
compiling delay.c...
compiling gpio.c...
compiling keypad.c...
compiling system_LPC17xx.c...
compiling uart.c...
linking...
Program Size: Code=4214 RO-data=286 RW-data=12 ZI-data=612  
User command #1: fromelf --bin 10a-Keypad_UART.axf --output 10a-Keypad_UART.bin
"10a-Keypad_UART.axf" - 0 Error(s), 0 Warning(s).
Build target 'Target 1'
assembling startup_LPC17xx.s...
compiling main.c...
compiling delay.c...
compiling gpio.c...
compiling keypad.c...
compiling system_LPC17xx.c...
compiling uart.c...
linking...
Program Size: Code=4214 RO-data=286 RW-data=12 ZI-data=612  
User command #1: fromelf --bin 10a-Keypad_UART.axf --output 10a-Keypad_UART.bin
"10a-Keypad_UART.axf" - 0 Error(s), 0 Warning(s).
