<html>
<body>
<pre>
<h1>µVision Build Log</h1>
<h2>Project:</h2>
F:\GitHub\LPC1768\Explore-Cortex-M3-LPC1768-DVB-14001\Code\KeilTutorialExamples\Eeprom_At24xx_Example1\Eeprom_At24xx_Example1.uvproj
Project File Date:  04/01/2016

<h2>Output:</h2>
Build target 'Target 1'
assembling startup_LPC17xx.s...
compiling main.c...
compiling delay.c...
compiling eeprom.c...
compiling gpio.c...
compiling softi2c.c...
compiling uart.c...
linking...
Eeprom_At24xx_Example1.axf: Error: L6218E: Undefined symbol SystemInit (referred from main.o).
Eeprom_At24xx_Example1.axf: Error: L6218E: Undefined symbol SystemCoreClock (referred from uart.o).
Target not created
Build target 'Target 1'
assembling startup_LPC17xx.s...
compiling main.c...
compiling delay.c...
compiling eeprom.c...
compiling gpio.c...
compiling softi2c.c...
compiling uart.c...
compiling system_LPC17xx.c...
linking...
Program Size: Code=4648 RO-data=268 RW-data=8 ZI-data=608  
FromELF: creating hex file...
"Eeprom_At24xx_Example1.axf" - 0 Error(s), 0 Warning(s).
Build target 'Target 1'
assembling startup_LPC17xx.s...
compiling main.c...
compiling delay.c...
compiling eeprom.c...
compiling gpio.c...
compiling softi2c.c...
compiling uart.c...
compiling system_LPC17xx.c...
linking...
Program Size: Code=4640 RO-data=268 RW-data=8 ZI-data=608  
FromELF: creating hex file...
"Eeprom_At24xx_Example1.axf" - 0 Error(s), 0 Warning(s).
Build target 'Target 1'
assembling startup_LPC17xx.s...
compiling main.c...
compiling delay.c...
compiling eeprom.c...
compiling gpio.c...
compiling softi2c.c...
compiling uart.c...
compiling system_LPC17xx.c...
linking...
Program Size: Code=4640 RO-data=268 RW-data=8 ZI-data=608  
FromELF: creating hex file...
"Eeprom_At24xx_Example1.axf" - 0 Error(s), 0 Warning(s).
Build target 'Target 1'
assembling startup_LPC17xx.s...
compiling main.c...
compiling delay.c...
compiling eeprom.c...
compiling gpio.c...
compiling softi2c.c...
compiling uart.c...
compiling system_LPC17xx.c...
linking...
Program Size: Code=4640 RO-data=268 RW-data=8 ZI-data=608  
FromELF: creating hex file...
"Eeprom_At24xx_Example1.axf" - 0 Error(s), 0 Warning(s).
