<html>
<body>
<pre>
<h1>µVision Build Log</h1>
<h2>Project:</h2>
F:\GitHub\LPC1768\Explore-Cortex-M3-LPC1768-DVB-14001\Code\KeilTutorialExamples\Eeprom_At24xx_Example2\Eeprom_At24xx_Example2.uvproj
Project File Date:  04/01/2016

<h2>Output:</h2>
Build target 'Target 1'
assembling startup_LPC17xx.s...
compiling main.c...
main.c(38): error:  #5: cannot open source input file "uart.h": No such file or directory
compiling delay.c...
compiling eeprom.c...
compiling gpio.c...
compiling softi2c.c...
compiling system_LPC17xx.c...
Target not created
Build target 'Target 1'
assembling startup_LPC17xx.s...
compiling main.c...
main.c(47): warning:  #69-D: integer conversion resulted in truncation
main.c(47): error:  #165: too few arguments in function call
main.c(49): error:  #167: argument of type "char *" is incompatible with parameter of type "uint8_t"
main.c(49): warning:  #167-D: argument of type "unsigned char *" is incompatible with parameter of type "const char *"
main.c(50): warning:  #167-D: argument of type "unsigned char *" is incompatible with parameter of type "char *"
main.c(53): warning:  #167-D: argument of type "unsigned char *" is incompatible with parameter of type "char *"
main.c(54): error:  #167: argument of type "char *" is incompatible with parameter of type "uint8_t"
main.c(54): warning:  #167-D: argument of type "unsigned char *" is incompatible with parameter of type "const char *"
main.c(58): warning:  #111-D: statement is unreachable
compiling delay.c...
compiling eeprom.c...
compiling gpio.c...
compiling softi2c.c...
compiling system_LPC17xx.c...
Target not created
Build target 'Target 1'
assembling startup_LPC17xx.s...
compiling main.c...
main.c(50): warning:  #167-D: argument of type "unsigned char *" is incompatible with parameter of type "char *"
main.c(53): warning:  #167-D: argument of type "unsigned char *" is incompatible with parameter of type "char *"
main.c(58): warning:  #111-D: statement is unreachable
compiling delay.c...
compiling eeprom.c...
compiling gpio.c...
compiling softi2c.c...
compiling system_LPC17xx.c...
linking...
Eeprom_At24xx_Example2.axf: Error: L6218E: Undefined symbol UART_Init (referred from main.o).
Eeprom_At24xx_Example2.axf: Error: L6218E: Undefined symbol UART_Printf (referred from main.o).
Target not created
Build target 'Target 1'
assembling startup_LPC17xx.s...
compiling main.c...
main.c(50): warning:  #167-D: argument of type "unsigned char *" is incompatible with parameter of type "char *"
main.c(53): warning:  #167-D: argument of type "unsigned char *" is incompatible with parameter of type "char *"
main.c(58): warning:  #111-D: statement is unreachable
compiling delay.c...
compiling eeprom.c...
compiling gpio.c...
compiling softi2c.c...
compiling system_LPC17xx.c...
compiling uart.c...
linking...
Program Size: Code=4120 RO-data=268 RW-data=8 ZI-data=608  
FromELF: creating hex file...
"Eeprom_At24xx_Example2.axf" - 0 Error(s), 3 Warning(s).
Build target 'Target 1'
assembling startup_LPC17xx.s...
compiling main.c...
main.c(50): warning:  #167-D: argument of type "unsigned char *" is incompatible with parameter of type "char *"
main.c(53): warning:  #167-D: argument of type "unsigned char *" is incompatible with parameter of type "char *"
compiling delay.c...
compiling eeprom.c...
compiling gpio.c...
compiling softi2c.c...
compiling system_LPC17xx.c...
compiling uart.c...
linking...
Program Size: Code=4120 RO-data=268 RW-data=8 ZI-data=608  
FromELF: creating hex file...
"Eeprom_At24xx_Example2.axf" - 0 Error(s), 2 Warning(s).
Build target 'Target 1'
assembling startup_LPC17xx.s...
compiling main.c...
compiling delay.c...
compiling eeprom.c...
compiling gpio.c...
compiling softi2c.c...
compiling system_LPC17xx.c...
compiling uart.c...
linking...
Program Size: Code=4120 RO-data=268 RW-data=8 ZI-data=608  
FromELF: creating hex file...
"Eeprom_At24xx_Example2.axf" - 0 Error(s), 0 Warning(s).
Build target 'Target 1'
assembling startup_LPC17xx.s...
compiling main.c...
compiling delay.c...
compiling eeprom.c...
compiling gpio.c...
compiling softi2c.c...
compiling system_LPC17xx.c...
compiling uart.c...
linking...
Program Size: Code=4120 RO-data=268 RW-data=8 ZI-data=608  
FromELF: creating hex file...
"Eeprom_At24xx_Example2.axf" - 0 Error(s), 0 Warning(s).
Build target 'Target 1'
assembling startup_LPC17xx.s...
compiling main.c...
compiling delay.c...
compiling eeprom.c...
compiling gpio.c...
compiling softi2c.c...
compiling system_LPC17xx.c...
compiling uart.c...
linking...
Program Size: Code=4120 RO-data=268 RW-data=8 ZI-data=608  
FromELF: creating hex file...
"Eeprom_At24xx_Example2.axf" - 0 Error(s), 0 Warning(s).
Build target 'Target 1'
assembling startup_LPC17xx.s...
compiling main.c...
compiling delay.c...
compiling eeprom.c...
compiling gpio.c...
compiling softi2c.c...
compiling system_LPC17xx.c...
compiling uart.c...
linking...
Program Size: Code=4120 RO-data=268 RW-data=8 ZI-data=608  
FromELF: creating hex file...
"Eeprom_At24xx_Example2.axf" - 0 Error(s), 0 Warning(s).
Build target 'Target 1'
assembling startup_LPC17xx.s...
compiling main.c...
compiling delay.c...
compiling eeprom.c...
compiling gpio.c...
compiling softi2c.c...
compiling system_LPC17xx.c...
compiling uart.c...
linking...
Program Size: Code=4120 RO-data=268 RW-data=8 ZI-data=608  
FromELF: creating hex file...
"Eeprom_At24xx_Example2.axf" - 0 Error(s), 0 Warning(s).
