<html>
<body>
<pre>
<h1>µVision Build Log</h1>
<h2>Project:</h2>
F:\GitHub\LPC1768\Explore-Cortex-M3-LPC1768-DVB-14001\Code\KeilTutorialExamples\UART_Example1\UART_Example1.uvproj
Project File Date:  03/30/2016

<h2>Output:</h2>
Build target 'Target 1'
assembling startup_LPC17xx.s...
compiling main.c...
main.c(2): error:  #5: cannot open source input file "stdutils.h": No such file or directory
compiling system_LPC17xx.c...
Target not created
Build target 'Target 1'
compiling main.c...
main.c(3): error:  #5: cannot open source input file "stdutils.h": No such file or directory
Target not created
Build target 'Target 1'
assembling startup_LPC17xx.s...
compiling main.c...
main.c(46): error:  #20: identifier "SystemCoreClock" is undefined
main.c(64): warning:  #223-D: function "util_BitClear" declared implicitly
main.c(71): warning:  #223-D: function "util_IsBitCleared" declared implicitly
main.c(80): warning:  #223-D: function "util_IsBitCleared" declared implicitly
main.c(87): warning:  #951-D: return type of function "main" must be "int"
main.c(112): warning:  #1-D: last line of file ends without a newline
compiling system_LPC17xx.c...
Target not created
Build target 'Target 1'
assembling startup_LPC17xx.s...
compiling main.c...
main.c(65): warning:  #223-D: function "util_BitClear" declared implicitly
main.c(72): warning:  #223-D: function "util_IsBitCleared" declared implicitly
main.c(81): warning:  #223-D: function "util_IsBitCleared" declared implicitly
main.c(88): warning:  #951-D: return type of function "main" must be "int"
main.c(113): warning:  #1-D: last line of file ends without a newline
compiling system_LPC17xx.c...
linking...
UART_Example1.axf: Error: L6218E: Undefined symbol util_BitClear (referred from main.o).
UART_Example1.axf: Error: L6218E: Undefined symbol util_IsBitCleared (referred from main.o).
Target not created
Build target 'Target 1'
assembling startup_LPC17xx.s...
compiling main.c...
main.c(86): warning:  #951-D: return type of function "main" must be "int"
main.c(111): warning:  #1-D: last line of file ends without a newline
compiling system_LPC17xx.c...
linking...
Program Size: Code=1404 RO-data=236 RW-data=4 ZI-data=612  
"UART_Example1.axf" - 0 Error(s), 2 Warning(s).
Build target 'Target 1'
assembling startup_LPC17xx.s...
compiling main.c...
main.c(111): warning:  #1-D: last line of file ends without a newline
compiling system_LPC17xx.c...
linking...
Program Size: Code=1404 RO-data=236 RW-data=4 ZI-data=612  
"UART_Example1.axf" - 0 Error(s), 1 Warning(s).
Build target 'Target 1'
assembling startup_LPC17xx.s...
compiling main.c...
compiling system_LPC17xx.c...
linking...
Program Size: Code=1404 RO-data=236 RW-data=4 ZI-data=612  
"UART_Example1.axf" - 0 Error(s), 0 Warning(s).
Build target 'Target 1'
assembling startup_LPC17xx.s...
compiling main.c...
compiling system_LPC17xx.c...
linking...
Program Size: Code=1404 RO-data=236 RW-data=4 ZI-data=612  
FromELF: creating hex file...
"UART_Example1.axf" - 0 Error(s), 0 Warning(s).
Build target 'Target 1'
assembling startup_LPC17xx.s...
compiling main.c...
compiling system_LPC17xx.c...
linking...
Program Size: Code=1404 RO-data=236 RW-data=4 ZI-data=612  
FromELF: creating hex file...
"UART_Example1.axf" - 0 Error(s), 0 Warning(s).
