<html>
<body>
<pre>
<h1>µVision Build Log</h1>
<h2>Project:</h2>
F:\GitHub\LPC1768\Explore-Cortex-M3-LPC1768-DVB-14001\Code\KeilExamples\02a-SwitchLed\02a-SwitchLed.uvproj
Project File Date:  04/01/2016

<h2>Output:</h2>
Build target 'Target 1'
assembling startup_LPC17xx.s...
compiling main.c...
main.c(36): error:  #5: cannot open source input file "gpio.h": No such file or directory
compiling gpio.c...
compiling system_LPC17xx.c...
Target not created
Build target 'Target 1'
assembling startup_LPC17xx.s...
compiling main.c...
compiling gpio.c...
compiling system_LPC17xx.c...
linking...
Program Size: Code=664 RO-data=220 RW-data=0 ZI-data=608  
User command #1: fromelf --bin 02a-SwitchLed.axf --output 02a-SwitchLed.bin
"02a-SwitchLed.axf" - 0 Error(s), 0 Warning(s).
Build target 'Target 1'
assembling startup_LPC17xx.s...
compiling main.c...
compiling gpio.c...
compiling system_LPC17xx.c...
linking...
Program Size: Code=664 RO-data=220 RW-data=0 ZI-data=608  
User command #1: fromelf --bin 02a-SwitchLed.axf --output 02a-SwitchLed.bin
"02a-SwitchLed.axf" - 0 Error(s), 0 Warning(s).
