Component: ARM Compiler 5.06 update 1 (build 61) Tool: armlink [4d35a8]

==============================================================================

Section Cross References

    startup_lpc17xx.o(STACK) refers (Special) to heapauxi.o(.text) for __use_two_region_memory
    startup_lpc17xx.o(HEAP) refers (Special) to heapauxi.o(.text) for __use_two_region_memory
    startup_lpc17xx.o(RESET) refers (Special) to heapauxi.o(.text) for __use_two_region_memory
    startup_lpc17xx.o(RESET) refers to startup_lpc17xx.o(STACK) for __initial_sp
    startup_lpc17xx.o(RESET) refers to startup_lpc17xx.o(.text) for Reset_Handler
    startup_lpc17xx.o(.ARM.__at_0x02FC) refers (Special) to heapauxi.o(.text) for __use_two_region_memory
    startup_lpc17xx.o(.text) refers (Special) to heapauxi.o(.text) for __use_two_region_memory
    startup_lpc17xx.o(.text) refers to __main.o(!!!main) for __main
    startup_lpc17xx.o(.text) refers to startup_lpc17xx.o(HEAP) for Heap_Mem
    startup_lpc17xx.o(.text) refers to startup_lpc17xx.o(STACK) for Stack_Mem
    pwm.o(i.PWM_SetDutyCycle) refers to pwm.o(i.PWM_Init) for PWM_Init
    pwm.o(i.PWM_SetDutyCycle) refers to gpio.o(i.GPIO_PinFunction) for GPIO_PinFunction
    pwm.o(i.PWM_SetDutyCycle) refers to pwm.o(.data) for pwmInitDoneFlag_u32
    pwm.o(i.PWM_Start) refers to pwm.o(i.PWM_Init) for PWM_Init
    pwm.o(i.PWM_Start) refers to pwm.o(.data) for pwmInitDoneFlag_u32
    system_lpc17xx.o(i.SystemCoreClockUpdate) refers to system_lpc17xx.o(.data) for SystemCoreClock
    uart.o(i.UART_Init) refers to gpio.o(i.GPIO_PinFunction) for GPIO_PinFunction
    uart.o(i.UART_Init) refers to uart.o(i.UART_SetBaudRate) for UART_SetBaudRate
    uart.o(i.UART_Init) refers to uart.o(.constdata) for UartConfig
    uart.o(i.UART_Printf) refers to uart.o(i.UART_TxChar) for UART_TxChar
    uart.o(i.UART_Printf) refers to uart.o(i.UART_TxNumber) for UART_TxNumber
    uart.o(i.UART_Printf) refers to d2f.o(x$fpl$d2f) for __aeabi_d2f
    uart.o(i.UART_Printf) refers to uart.o(i.UART_TxFloatNumber) for UART_TxFloatNumber
    uart.o(i.UART_Printf) refers to uart.o(i.UART_TxString) for UART_TxString
    uart.o(i.UART_RxChar) refers to uart.o(.constdata) for UartConfig
    uart.o(i.UART_RxString) refers to uart.o(i.UART_RxChar) for UART_RxChar
    uart.o(i.UART_RxString) refers to uart.o(i.UART_TxChar) for UART_TxChar
    uart.o(i.UART_SetBaudRate) refers to system_lpc17xx.o(.data) for SystemCoreClock
    uart.o(i.UART_SetBaudRate) refers to uart.o(.constdata) for UartConfig
    uart.o(i.UART_TxChar) refers to uart.o(.constdata) for UartConfig
    uart.o(i.UART_TxFloatNumber) refers to ffixu.o(x$fpl$ffixu) for __aeabi_f2uiz
    uart.o(i.UART_TxFloatNumber) refers to uart.o(i.UART_TxNumber) for UART_TxNumber
    uart.o(i.UART_TxFloatNumber) refers to uart.o(i.UART_TxChar) for UART_TxChar
    uart.o(i.UART_TxFloatNumber) refers to fflt_clz.o(x$fpl$ffltu) for __aeabi_ui2f
    uart.o(i.UART_TxFloatNumber) refers to faddsub_clz.o(x$fpl$frsb) for __aeabi_frsub
    uart.o(i.UART_TxFloatNumber) refers to fmul.o(x$fpl$fmul) for __aeabi_fmul
    uart.o(i.UART_TxNumber) refers to uart.o(i.UART_TxChar) for UART_TxChar
    uart.o(i.UART_TxString) refers to uart.o(i.UART_TxChar) for UART_TxChar
    main.o(i.main) refers to system_lpc17xx.o(i.SystemInit) for SystemInit
    main.o(i.main) refers to uart.o(i.UART_Init) for UART_Init
    main.o(i.main) refers to pwm.o(i.PWM_Init) for PWM_Init
    main.o(i.main) refers to pwm.o(i.PWM_Start) for PWM_Start
    main.o(i.main) refers to pwm.o(i.PWM_SetDutyCycle) for PWM_SetDutyCycle
    main.o(i.main) refers to uart.o(i.UART_Printf) for UART_Printf
    main.o(i.main) refers to uart.o(i.UART_RxChar) for UART_RxChar
    __main.o(!!!main) refers to __rtentry.o(.ARM.Collect$$rtentry$$00000000) for __rt_entry
    d2f.o(x$fpl$d2f) refers (Special) to usenofp.o(x$fpl$usenofp) for __I$use$fp
    d2f.o(x$fpl$d2f) refers to fretinf.o(x$fpl$fretinf) for __fpl_fretinf
    d2f.o(x$fpl$d2f) refers to dnaninf.o(x$fpl$dnaninf) for __fpl_dnaninf
    faddsub_clz.o(x$fpl$fadd) refers (Special) to usenofp.o(x$fpl$usenofp) for __I$use$fp
    faddsub_clz.o(x$fpl$fadd) refers to faddsub_clz.o(x$fpl$fsub) for _fsub1
    faddsub_clz.o(x$fpl$fadd) refers to fretinf.o(x$fpl$fretinf) for __fpl_fretinf
    faddsub_clz.o(x$fpl$fadd) refers to fnaninf.o(x$fpl$fnaninf) for __fpl_fnaninf
    faddsub_clz.o(x$fpl$frsb) refers (Special) to usenofp.o(x$fpl$usenofp) for __I$use$fp
    faddsub_clz.o(x$fpl$frsb) refers to faddsub_clz.o(x$fpl$fadd) for _fadd1
    faddsub_clz.o(x$fpl$frsb) refers to faddsub_clz.o(x$fpl$fsub) for _fsub1
    faddsub_clz.o(x$fpl$fsub) refers (Special) to usenofp.o(x$fpl$usenofp) for __I$use$fp
    faddsub_clz.o(x$fpl$fsub) refers to faddsub_clz.o(x$fpl$fadd) for _fadd1
    faddsub_clz.o(x$fpl$fsub) refers to fnaninf.o(x$fpl$fnaninf) for __fpl_fnaninf
    ffixu.o(x$fpl$ffixu) refers (Special) to usenofp.o(x$fpl$usenofp) for __I$use$fp
    ffixu.o(x$fpl$ffixu) refers to fnaninf.o(x$fpl$fnaninf) for __fpl_fnaninf
    ffixu.o(x$fpl$ffixur) refers (Special) to usenofp.o(x$fpl$usenofp) for __I$use$fp
    ffixu.o(x$fpl$ffixur) refers to fnaninf.o(x$fpl$fnaninf) for __fpl_fnaninf
    fflt_clz.o(x$fpl$ffltu) refers (Special) to usenofp.o(x$fpl$usenofp) for __I$use$fp
    fflt_clz.o(x$fpl$fflt) refers (Special) to usenofp.o(x$fpl$usenofp) for __I$use$fp
    fflt_clz.o(x$fpl$ffltn) refers (Special) to usenofp.o(x$fpl$usenofp) for __I$use$fp
    fmul.o(x$fpl$fmul) refers (Special) to usenofp.o(x$fpl$usenofp) for __I$use$fp
    fmul.o(x$fpl$fmul) refers to fretinf.o(x$fpl$fretinf) for __fpl_fretinf
    fmul.o(x$fpl$fmul) refers to fnaninf.o(x$fpl$fnaninf) for __fpl_fnaninf
    __rtentry.o(.ARM.Collect$$rtentry$$00000000) refers (Special) to __rtentry2.o(.ARM.Collect$$rtentry$$0000000A) for __rt_entry_li
    __rtentry.o(.ARM.Collect$$rtentry$$00000000) refers (Special) to __rtentry2.o(.ARM.Collect$$rtentry$$0000000D) for __rt_entry_main
    __rtentry.o(.ARM.Collect$$rtentry$$00000000) refers (Special) to __rtentry2.o(.ARM.Collect$$rtentry$$0000000C) for __rt_entry_postli_1
    __rtentry.o(.ARM.Collect$$rtentry$$00000000) refers (Special) to __rtentry2.o(.ARM.Collect$$rtentry$$00000009) for __rt_entry_postsh_1
    __rtentry.o(.ARM.Collect$$rtentry$$00000000) refers (Special) to __rtentry2.o(.ARM.Collect$$rtentry$$00000002) for __rt_entry_presh_1
    __rtentry.o(.ARM.Collect$$rtentry$$00000000) refers (Special) to __rtentry4.o(.ARM.Collect$$rtentry$$00000004) for __rt_entry_sh
    dnaninf.o(x$fpl$dnaninf) refers (Special) to usenofp.o(x$fpl$usenofp) for __I$use$fp
    fnaninf.o(x$fpl$fnaninf) refers (Special) to usenofp.o(x$fpl$usenofp) for __I$use$fp
    fretinf.o(x$fpl$fretinf) refers (Special) to usenofp.o(x$fpl$usenofp) for __I$use$fp
    __rtentry2.o(.ARM.Collect$$rtentry$$00000008) refers to boardinit2.o(.text) for _platform_post_stackheap_init
    __rtentry2.o(.ARM.Collect$$rtentry$$0000000A) refers to libinit.o(.ARM.Collect$$libinit$$00000000) for __rt_lib_init
    __rtentry2.o(.ARM.Collect$$rtentry$$0000000B) refers to boardinit3.o(.text) for _platform_post_lib_init
    __rtentry2.o(.ARM.Collect$$rtentry$$0000000D) refers to main.o(i.main) for main
    __rtentry2.o(.ARM.Collect$$rtentry$$0000000D) refers to exit.o(.text) for exit
    __rtentry2.o(.ARM.exidx) refers to __rtentry2.o(.ARM.Collect$$rtentry$$00000001) for .ARM.Collect$$rtentry$$00000001
    __rtentry2.o(.ARM.exidx) refers to __rtentry2.o(.ARM.Collect$$rtentry$$00000008) for .ARM.Collect$$rtentry$$00000008
    __rtentry2.o(.ARM.exidx) refers to __rtentry2.o(.ARM.Collect$$rtentry$$0000000A) for .ARM.Collect$$rtentry$$0000000A
    __rtentry2.o(.ARM.exidx) refers to __rtentry2.o(.ARM.Collect$$rtentry$$0000000B) for .ARM.Collect$$rtentry$$0000000B
    __rtentry2.o(.ARM.exidx) refers to __rtentry2.o(.ARM.Collect$$rtentry$$0000000D) for .ARM.Collect$$rtentry$$0000000D
    __rtentry4.o(.ARM.Collect$$rtentry$$00000004) refers to sys_stackheap_outer.o(.text) for __user_setup_stackheap
    __rtentry4.o(.ARM.exidx) refers to __rtentry4.o(.ARM.Collect$$rtentry$$00000004) for .ARM.Collect$$rtentry$$00000004
    sys_stackheap_outer.o(.text) refers to libspace.o(.text) for __user_perproc_libspace
    sys_stackheap_outer.o(.text) refers to startup_lpc17xx.o(.text) for __user_initial_stackheap
    exit.o(.text) refers to rtexit.o(.ARM.Collect$$rtexit$$00000000) for __rt_exit
    libinit.o(.ARM.Collect$$libinit$$00000000) refers (Special) to libinit2.o(.ARM.Collect$$libinit$$0000002E) for __rt_lib_init_alloca_1
    libinit.o(.ARM.Collect$$libinit$$00000000) refers (Special) to libinit2.o(.ARM.Collect$$libinit$$0000002C) for __rt_lib_init_argv_1
    libinit.o(.ARM.Collect$$libinit$$00000000) refers (Special) to libinit2.o(.ARM.Collect$$libinit$$0000001B) for __rt_lib_init_atexit_1
    libinit.o(.ARM.Collect$$libinit$$00000000) refers (Special) to libinit2.o(.ARM.Collect$$libinit$$00000021) for __rt_lib_init_clock_1
    libinit.o(.ARM.Collect$$libinit$$00000000) refers (Special) to libinit2.o(.ARM.Collect$$libinit$$00000032) for __rt_lib_init_cpp_1
    libinit.o(.ARM.Collect$$libinit$$00000000) refers (Special) to libinit2.o(.ARM.Collect$$libinit$$00000030) for __rt_lib_init_exceptions_1
    libinit.o(.ARM.Collect$$libinit$$00000000) refers (Special) to libinit2.o(.ARM.Collect$$libinit$$00000002) for __rt_lib_init_fp_1
    libinit.o(.ARM.Collect$$libinit$$00000000) refers (Special) to libinit2.o(.ARM.Collect$$libinit$$0000001F) for __rt_lib_init_fp_trap_1
    libinit.o(.ARM.Collect$$libinit$$00000000) refers (Special) to libinit2.o(.ARM.Collect$$libinit$$00000023) for __rt_lib_init_getenv_1
    libinit.o(.ARM.Collect$$libinit$$00000000) refers (Special) to libinit2.o(.ARM.Collect$$libinit$$0000000A) for __rt_lib_init_heap_1
    libinit.o(.ARM.Collect$$libinit$$00000000) refers (Special) to libinit2.o(.ARM.Collect$$libinit$$00000011) for __rt_lib_init_lc_collate_1
    libinit.o(.ARM.Collect$$libinit$$00000000) refers (Special) to libinit2.o(.ARM.Collect$$libinit$$00000013) for __rt_lib_init_lc_ctype_1
    libinit.o(.ARM.Collect$$libinit$$00000000) refers (Special) to libinit2.o(.ARM.Collect$$libinit$$00000015) for __rt_lib_init_lc_monetary_1
    libinit.o(.ARM.Collect$$libinit$$00000000) refers (Special) to libinit2.o(.ARM.Collect$$libinit$$00000017) for __rt_lib_init_lc_numeric_1
    libinit.o(.ARM.Collect$$libinit$$00000000) refers (Special) to libinit2.o(.ARM.Collect$$libinit$$00000019) for __rt_lib_init_lc_time_1
    libinit.o(.ARM.Collect$$libinit$$00000000) refers (Special) to libinit2.o(.ARM.Collect$$libinit$$00000004) for __rt_lib_init_preinit_1
    libinit.o(.ARM.Collect$$libinit$$00000000) refers (Special) to libinit2.o(.ARM.Collect$$libinit$$0000000E) for __rt_lib_init_rand_1
    libinit.o(.ARM.Collect$$libinit$$00000000) refers (Special) to libinit2.o(.ARM.Collect$$libinit$$00000033) for __rt_lib_init_return
    libinit.o(.ARM.Collect$$libinit$$00000000) refers (Special) to libinit2.o(.ARM.Collect$$libinit$$0000001D) for __rt_lib_init_signal_1
    libinit.o(.ARM.Collect$$libinit$$00000000) refers (Special) to libinit2.o(.ARM.Collect$$libinit$$00000025) for __rt_lib_init_stdio_1
    libinit.o(.ARM.Collect$$libinit$$00000000) refers (Special) to libinit2.o(.ARM.Collect$$libinit$$0000000C) for __rt_lib_init_user_alloc_1
    libspace.o(.text) refers to libspace.o(.bss) for __libspace_start
    rtexit.o(.ARM.Collect$$rtexit$$00000000) refers (Special) to rtexit2.o(.ARM.Collect$$rtexit$$00000004) for __rt_exit_exit
    rtexit.o(.ARM.Collect$$rtexit$$00000000) refers (Special) to rtexit2.o(.ARM.Collect$$rtexit$$00000003) for __rt_exit_ls
    rtexit.o(.ARM.Collect$$rtexit$$00000000) refers (Special) to rtexit2.o(.ARM.Collect$$rtexit$$00000002) for __rt_exit_prels_1
    rtexit.o(.ARM.exidx) refers (Special) to rtexit2.o(.ARM.Collect$$rtexit$$00000004) for __rt_exit_exit
    rtexit.o(.ARM.exidx) refers (Special) to rtexit2.o(.ARM.Collect$$rtexit$$00000003) for __rt_exit_ls
    rtexit.o(.ARM.exidx) refers (Special) to rtexit2.o(.ARM.Collect$$rtexit$$00000002) for __rt_exit_prels_1
    rtexit.o(.ARM.exidx) refers to rtexit.o(.ARM.Collect$$rtexit$$00000000) for .ARM.Collect$$rtexit$$00000000
    libinit2.o(.ARM.Collect$$libinit$$00000010) refers to libinit2.o(.ARM.Collect$$libinit$$0000000F) for .ARM.Collect$$libinit$$0000000F
    libinit2.o(.ARM.Collect$$libinit$$00000012) refers to libinit2.o(.ARM.Collect$$libinit$$0000000F) for .ARM.Collect$$libinit$$0000000F
    libinit2.o(.ARM.Collect$$libinit$$00000014) refers to libinit2.o(.ARM.Collect$$libinit$$0000000F) for .ARM.Collect$$libinit$$0000000F
    libinit2.o(.ARM.Collect$$libinit$$00000016) refers to libinit2.o(.ARM.Collect$$libinit$$0000000F) for .ARM.Collect$$libinit$$0000000F
    libinit2.o(.ARM.Collect$$libinit$$00000018) refers to libinit2.o(.ARM.Collect$$libinit$$0000000F) for .ARM.Collect$$libinit$$0000000F
    libinit2.o(.ARM.Collect$$libinit$$00000026) refers to argv_veneer.o(.emb_text) for __ARM_argv_veneer
    libinit2.o(.ARM.Collect$$libinit$$00000027) refers to argv_veneer.o(.emb_text) for __ARM_argv_veneer
    rtexit2.o(.ARM.Collect$$rtexit$$00000003) refers to libshutdown.o(.ARM.Collect$$libshutdown$$00000000) for __rt_lib_shutdown
    rtexit2.o(.ARM.Collect$$rtexit$$00000004) refers to sys_exit.o(.text) for _sys_exit
    rtexit2.o(.ARM.exidx) refers to rtexit2.o(.ARM.Collect$$rtexit$$00000001) for .ARM.Collect$$rtexit$$00000001
    rtexit2.o(.ARM.exidx) refers to rtexit2.o(.ARM.Collect$$rtexit$$00000003) for .ARM.Collect$$rtexit$$00000003
    rtexit2.o(.ARM.exidx) refers to rtexit2.o(.ARM.Collect$$rtexit$$00000004) for .ARM.Collect$$rtexit$$00000004
    argv_veneer.o(.emb_text) refers to no_argv.o(.text) for __ARM_get_argv
    sys_exit.o(.text) refers (Special) to use_no_semi.o(.text) for __I$use$semihosting
    sys_exit.o(.text) refers (Special) to indicate_semi.o(.text) for __semihosting_library_function
    _get_argv_nomalloc.o(.text) refers (Special) to hrguard.o(.text) for __heap_region$guard
    _get_argv_nomalloc.o(.text) refers to defsig_rtmem_outer.o(.text) for __rt_SIGRTMEM
    _get_argv_nomalloc.o(.text) refers to sys_command.o(.text) for _sys_command_string
    libshutdown.o(.ARM.Collect$$libshutdown$$00000000) refers (Special) to libshutdown2.o(.ARM.Collect$$libshutdown$$00000002) for __rt_lib_shutdown_cpp_1
    libshutdown.o(.ARM.Collect$$libshutdown$$00000000) refers (Special) to libshutdown2.o(.ARM.Collect$$libshutdown$$00000007) for __rt_lib_shutdown_fp_trap_1
    libshutdown.o(.ARM.Collect$$libshutdown$$00000000) refers (Special) to libshutdown2.o(.ARM.Collect$$libshutdown$$0000000F) for __rt_lib_shutdown_heap_1
    libshutdown.o(.ARM.Collect$$libshutdown$$00000000) refers (Special) to libshutdown2.o(.ARM.Collect$$libshutdown$$00000010) for __rt_lib_shutdown_return
    libshutdown.o(.ARM.Collect$$libshutdown$$00000000) refers (Special) to libshutdown2.o(.ARM.Collect$$libshutdown$$0000000A) for __rt_lib_shutdown_signal_1
    libshutdown.o(.ARM.Collect$$libshutdown$$00000000) refers (Special) to libshutdown2.o(.ARM.Collect$$libshutdown$$00000004) for __rt_lib_shutdown_stdio_1
    libshutdown.o(.ARM.Collect$$libshutdown$$00000000) refers (Special) to libshutdown2.o(.ARM.Collect$$libshutdown$$0000000C) for __rt_lib_shutdown_user_alloc_1
    sys_command.o(.text) refers (Special) to use_no_semi.o(.text) for __I$use$semihosting
    sys_command.o(.text) refers (Special) to indicate_semi.o(.text) for __semihosting_library_function
    defsig_rtmem_outer.o(.text) refers to defsig_rtmem_inner.o(.text) for __rt_SIGRTMEM_inner
    defsig_rtmem_outer.o(.text) refers to defsig_exit.o(.text) for __sig_exit
    defsig_rtmem_formal.o(.text) refers to rt_raise.o(.text) for __rt_raise
    rt_raise.o(.text) refers to __raise.o(.text) for __raise
    rt_raise.o(.text) refers to sys_exit.o(.text) for _sys_exit
    defsig_exit.o(.text) refers to sys_exit.o(.text) for _sys_exit
    defsig_rtmem_inner.o(.text) refers to defsig_general.o(.text) for __default_signal_display
    __raise.o(.text) refers to defsig.o(CL$$defsig) for __default_signal_handler
    defsig_general.o(.text) refers to sys_wrch.o(.text) for _ttywrch
    sys_wrch.o(.text) refers (Special) to use_no_semi.o(.text) for __I$use$semihosting
    sys_wrch.o(.text) refers (Special) to indicate_semi.o(.text) for __semihosting_library_function
    defsig.o(CL$$defsig) refers to defsig_rtmem_inner.o(.text) for __rt_SIGRTMEM_inner
    defsig_abrt_inner.o(.text) refers to defsig_general.o(.text) for __default_signal_display
    defsig_fpe_inner.o(.text) refers to defsig_general.o(.text) for __default_signal_display
    defsig_rtred_inner.o(.text) refers to defsig_general.o(.text) for __default_signal_display
    defsig_stak_inner.o(.text) refers to defsig_general.o(.text) for __default_signal_display
    defsig_pvfn_inner.o(.text) refers to defsig_general.o(.text) for __default_signal_display
    defsig_cppl_inner.o(.text) refers to defsig_general.o(.text) for __default_signal_display
    defsig_segv_inner.o(.text) refers to defsig_general.o(.text) for __default_signal_display
    defsig_other.o(.text) refers to defsig_general.o(.text) for __default_signal_display


==============================================================================

Removing Unused input sections from the image.

    Removing gpio.o(.emb_text), (8 bytes).
    Removing gpio.o(i.GPIO_PinDirection), (48 bytes).
    Removing gpio.o(i.GPIO_PinRead), (44 bytes).
    Removing gpio.o(i.GPIO_PinWrite), (48 bytes).
    Removing pwm.o(.emb_text), (8 bytes).
    Removing pwm.o(i.PWM_Stop), (148 bytes).
    Removing system_lpc17xx.o(.emb_text), (8 bytes).
    Removing system_lpc17xx.o(i.SystemCoreClockUpdate), (324 bytes).
    Removing uart.o(.emb_text), (8 bytes).
    Removing uart.o(i.UART_RxString), (68 bytes).
    Removing main.o(.emb_text), (8 bytes).

11 unused section(s) (total 720 bytes) removed from the image.

==============================================================================

Image Symbol Table

    Local Symbols

    Symbol Name                              Value     Ov Type        Size  Object(Section)

    ../clib/angel/boardlib.s                 0x00000000   Number         0  boardinit3.o ABSOLUTE
    ../clib/angel/boardlib.s                 0x00000000   Number         0  boardinit2.o ABSOLUTE
    ../clib/angel/boardlib.s                 0x00000000   Number         0  boardshut.o ABSOLUTE
    ../clib/angel/boardlib.s                 0x00000000   Number         0  boardinit1.o ABSOLUTE
    ../clib/angel/handlers.s                 0x00000000   Number         0  __scatter_copy.o ABSOLUTE
    ../clib/angel/handlers.s                 0x00000000   Number         0  __scatter_zi.o ABSOLUTE
    ../clib/angel/kernel.s                   0x00000000   Number         0  __rtentry.o ABSOLUTE
    ../clib/angel/kernel.s                   0x00000000   Number         0  __rtentry2.o ABSOLUTE
    ../clib/angel/kernel.s                   0x00000000   Number         0  rtexit2.o ABSOLUTE
    ../clib/angel/kernel.s                   0x00000000   Number         0  __rtentry4.o ABSOLUTE
    ../clib/angel/kernel.s                   0x00000000   Number         0  rtexit.o ABSOLUTE
    ../clib/angel/rt.s                       0x00000000   Number         0  rt_raise.o ABSOLUTE
    ../clib/angel/scatter.s                  0x00000000   Number         0  __scatter.o ABSOLUTE
    ../clib/angel/startup.s                  0x00000000   Number         0  __main.o ABSOLUTE
    ../clib/angel/sys.s                      0x00000000   Number         0  indicate_semi.o ABSOLUTE
    ../clib/angel/sys.s                      0x00000000   Number         0  use_no_semi.o ABSOLUTE
    ../clib/angel/sys.s                      0x00000000   Number         0  libspace.o ABSOLUTE
    ../clib/angel/sys.s                      0x00000000   Number         0  sys_stackheap_outer.o ABSOLUTE
    ../clib/angel/sysapp.c                   0x00000000   Number         0  sys_command.o ABSOLUTE
    ../clib/angel/sysapp.c                   0x00000000   Number         0  sys_exit.o ABSOLUTE
    ../clib/angel/sysapp.c                   0x00000000   Number         0  sys_wrch.o ABSOLUTE
    ../clib/armsys.c                         0x00000000   Number         0  no_argv.o ABSOLUTE
    ../clib/armsys.c                         0x00000000   Number         0  argv_veneer.o ABSOLUTE
    ../clib/armsys.c                         0x00000000   Number         0  argv_veneer.o ABSOLUTE
    ../clib/armsys.c                         0x00000000   Number         0  _get_argv_nomalloc.o ABSOLUTE
    ../clib/heapalloc.c                      0x00000000   Number         0  hrguard.o ABSOLUTE
    ../clib/heapaux.c                        0x00000000   Number         0  heapauxi.o ABSOLUTE
    ../clib/libinit.s                        0x00000000   Number         0  libshutdown.o ABSOLUTE
    ../clib/libinit.s                        0x00000000   Number         0  libinit2.o ABSOLUTE
    ../clib/libinit.s                        0x00000000   Number         0  libinit.o ABSOLUTE
    ../clib/libinit.s                        0x00000000   Number         0  libshutdown2.o ABSOLUTE
    ../clib/signal.c                         0x00000000   Number         0  defsig_other.o ABSOLUTE
    ../clib/signal.c                         0x00000000   Number         0  defsig_segv_inner.o ABSOLUTE
    ../clib/signal.c                         0x00000000   Number         0  defsig_cppl_inner.o ABSOLUTE
    ../clib/signal.c                         0x00000000   Number         0  defsig_pvfn_inner.o ABSOLUTE
    ../clib/signal.c                         0x00000000   Number         0  defsig_stak_inner.o ABSOLUTE
    ../clib/signal.c                         0x00000000   Number         0  defsig_rtred_inner.o ABSOLUTE
    ../clib/signal.c                         0x00000000   Number         0  defsig_fpe_inner.o ABSOLUTE
    ../clib/signal.c                         0x00000000   Number         0  defsig_abrt_inner.o ABSOLUTE
    ../clib/signal.c                         0x00000000   Number         0  defsig_general.o ABSOLUTE
    ../clib/signal.c                         0x00000000   Number         0  __raise.o ABSOLUTE
    ../clib/signal.c                         0x00000000   Number         0  defsig_rtmem_inner.o ABSOLUTE
    ../clib/signal.c                         0x00000000   Number         0  defsig_exit.o ABSOLUTE
    ../clib/signal.c                         0x00000000   Number         0  defsig_rtmem_outer.o ABSOLUTE
    ../clib/signal.c                         0x00000000   Number         0  defsig_rtmem_formal.o ABSOLUTE
    ../clib/signal.s                         0x00000000   Number         0  defsig.o ABSOLUTE
    ../clib/stdlib.c                         0x00000000   Number         0  exit.o ABSOLUTE
    ../fplib/d2f.s                           0x00000000   Number         0  d2f.o ABSOLUTE
    ../fplib/dnaninf.s                       0x00000000   Number         0  dnaninf.o ABSOLUTE
    ../fplib/faddsub.s                       0x00000000   Number         0  faddsub_clz.o ABSOLUTE
    ../fplib/ffixu.s                         0x00000000   Number         0  ffixu.o ABSOLUTE
    ../fplib/fflt.s                          0x00000000   Number         0  fflt_clz.o ABSOLUTE
    ../fplib/fmul.s                          0x00000000   Number         0  fmul.o ABSOLUTE
    ../fplib/fnaninf.s                       0x00000000   Number         0  fnaninf.o ABSOLUTE
    ../fplib/fpinit.s                        0x00000000   Number         0  fpinit.o ABSOLUTE
    ../fplib/fretinf.s                       0x00000000   Number         0  fretinf.o ABSOLUTE
    ../fplib/usenofp.s                       0x00000000   Number         0  usenofp.o ABSOLUTE
    ..\00-libfiles\gpio.c                    0x00000000   Number         0  gpio.o ABSOLUTE
    ..\00-libfiles\pwm.c                     0x00000000   Number         0  pwm.o ABSOLUTE
    ..\00-libfiles\system_LPC17xx.c          0x00000000   Number         0  system_lpc17xx.o ABSOLUTE
    ..\00-libfiles\uart.c                    0x00000000   Number         0  uart.o ABSOLUTE
    ..\\00-libfiles\\gpio.c                  0x00000000   Number         0  gpio.o ABSOLUTE
    ..\\00-libfiles\\pwm.c                   0x00000000   Number         0  pwm.o ABSOLUTE
    ..\\00-libfiles\\system_LPC17xx.c        0x00000000   Number         0  system_lpc17xx.o ABSOLUTE
    ..\\00-libfiles\\uart.c                  0x00000000   Number         0  uart.o ABSOLUTE
    dc.s                                     0x00000000   Number         0  dc.o ABSOLUTE
    main.c                                   0x00000000   Number         0  main.o ABSOLUTE
    main.c                                   0x00000000   Number         0  main.o ABSOLUTE
    startup_LPC17xx.s                        0x00000000   Number         0  startup_lpc17xx.o ABSOLUTE
    .ARM.__at_0x02FC                         0x000002fc   Section        4  startup_lpc17xx.o(.ARM.__at_0x02FC)
    RESET                                    0x00002000   Section      204  startup_lpc17xx.o(RESET)
    !!!main                                  0x000020cc   Section        8  __main.o(!!!main)
    !!!scatter                               0x000020d4   Section       52  __scatter.o(!!!scatter)
    !!handler_copy                           0x00002108   Section       26  __scatter_copy.o(!!handler_copy)
    !!handler_zi                             0x00002124   Section       28  __scatter_zi.o(!!handler_zi)
    .ARM.Collect$$libinit$$00000000          0x00002140   Section        2  libinit.o(.ARM.Collect$$libinit$$00000000)
    .ARM.Collect$$libinit$$00000002          0x00002142   Section        0  libinit2.o(.ARM.Collect$$libinit$$00000002)
    .ARM.Collect$$libinit$$00000004          0x00002142   Section        0  libinit2.o(.ARM.Collect$$libinit$$00000004)
    .ARM.Collect$$libinit$$0000000A          0x00002142   Section        0  libinit2.o(.ARM.Collect$$libinit$$0000000A)
    .ARM.Collect$$libinit$$0000000C          0x00002142   Section        0  libinit2.o(.ARM.Collect$$libinit$$0000000C)
    .ARM.Collect$$libinit$$0000000E          0x00002142   Section        0  libinit2.o(.ARM.Collect$$libinit$$0000000E)
    .ARM.Collect$$libinit$$00000011          0x00002142   Section        0  libinit2.o(.ARM.Collect$$libinit$$00000011)
    .ARM.Collect$$libinit$$00000013          0x00002142   Section        0  libinit2.o(.ARM.Collect$$libinit$$00000013)
    .ARM.Collect$$libinit$$00000015          0x00002142   Section        0  libinit2.o(.ARM.Collect$$libinit$$00000015)
    .ARM.Collect$$libinit$$00000017          0x00002142   Section        0  libinit2.o(.ARM.Collect$$libinit$$00000017)
    .ARM.Collect$$libinit$$00000019          0x00002142   Section        0  libinit2.o(.ARM.Collect$$libinit$$00000019)
    .ARM.Collect$$libinit$$0000001B          0x00002142   Section        0  libinit2.o(.ARM.Collect$$libinit$$0000001B)
    .ARM.Collect$$libinit$$0000001D          0x00002142   Section        0  libinit2.o(.ARM.Collect$$libinit$$0000001D)
    .ARM.Collect$$libinit$$0000001F          0x00002142   Section        0  libinit2.o(.ARM.Collect$$libinit$$0000001F)
    .ARM.Collect$$libinit$$00000021          0x00002142   Section        0  libinit2.o(.ARM.Collect$$libinit$$00000021)
    .ARM.Collect$$libinit$$00000023          0x00002142   Section        0  libinit2.o(.ARM.Collect$$libinit$$00000023)
    .ARM.Collect$$libinit$$00000025          0x00002142   Section        0  libinit2.o(.ARM.Collect$$libinit$$00000025)
    .ARM.Collect$$libinit$$0000002C          0x00002142   Section        0  libinit2.o(.ARM.Collect$$libinit$$0000002C)
    .ARM.Collect$$libinit$$0000002E          0x00002142   Section        0  libinit2.o(.ARM.Collect$$libinit$$0000002E)
    .ARM.Collect$$libinit$$00000030          0x00002142   Section        0  libinit2.o(.ARM.Collect$$libinit$$00000030)
    .ARM.Collect$$libinit$$00000032          0x00002142   Section        0  libinit2.o(.ARM.Collect$$libinit$$00000032)
    .ARM.Collect$$libinit$$00000033          0x00002142   Section        2  libinit2.o(.ARM.Collect$$libinit$$00000033)
    .ARM.Collect$$libshutdown$$00000000      0x00002144   Section        2  libshutdown.o(.ARM.Collect$$libshutdown$$00000000)
    .ARM.Collect$$libshutdown$$00000002      0x00002146   Section        0  libshutdown2.o(.ARM.Collect$$libshutdown$$00000002)
    .ARM.Collect$$libshutdown$$00000004      0x00002146   Section        0  libshutdown2.o(.ARM.Collect$$libshutdown$$00000004)
    .ARM.Collect$$libshutdown$$00000007      0x00002146   Section        0  libshutdown2.o(.ARM.Collect$$libshutdown$$00000007)
    .ARM.Collect$$libshutdown$$0000000A      0x00002146   Section        0  libshutdown2.o(.ARM.Collect$$libshutdown$$0000000A)
    .ARM.Collect$$libshutdown$$0000000C      0x00002146   Section        0  libshutdown2.o(.ARM.Collect$$libshutdown$$0000000C)
    .ARM.Collect$$libshutdown$$0000000F      0x00002146   Section        0  libshutdown2.o(.ARM.Collect$$libshutdown$$0000000F)
    .ARM.Collect$$libshutdown$$00000010      0x00002146   Section        2  libshutdown2.o(.ARM.Collect$$libshutdown$$00000010)
    .ARM.Collect$$rtentry$$00000000          0x00002148   Section        0  __rtentry.o(.ARM.Collect$$rtentry$$00000000)
    .ARM.Collect$$rtentry$$00000002          0x00002148   Section        0  __rtentry2.o(.ARM.Collect$$rtentry$$00000002)
    .ARM.Collect$$rtentry$$00000004          0x00002148   Section        6  __rtentry4.o(.ARM.Collect$$rtentry$$00000004)
    .ARM.Collect$$rtentry$$00000009          0x0000214e   Section        0  __rtentry2.o(.ARM.Collect$$rtentry$$00000009)
    .ARM.Collect$$rtentry$$0000000A          0x0000214e   Section        4  __rtentry2.o(.ARM.Collect$$rtentry$$0000000A)
    .ARM.Collect$$rtentry$$0000000C          0x00002152   Section        0  __rtentry2.o(.ARM.Collect$$rtentry$$0000000C)
    .ARM.Collect$$rtentry$$0000000D          0x00002152   Section        8  __rtentry2.o(.ARM.Collect$$rtentry$$0000000D)
    .ARM.Collect$$rtexit$$00000000           0x0000215a   Section        2  rtexit.o(.ARM.Collect$$rtexit$$00000000)
    .ARM.Collect$$rtexit$$00000002           0x0000215c   Section        0  rtexit2.o(.ARM.Collect$$rtexit$$00000002)
    .ARM.Collect$$rtexit$$00000003           0x0000215c   Section        4  rtexit2.o(.ARM.Collect$$rtexit$$00000003)
    .ARM.Collect$$rtexit$$00000004           0x00002160   Section        6  rtexit2.o(.ARM.Collect$$rtexit$$00000004)
    .text                                    0x00002168   Section       52  startup_lpc17xx.o(.text)
    .text                                    0x0000219c   Section        0  heapauxi.o(.text)
    .text                                    0x000021a2   Section       74  sys_stackheap_outer.o(.text)
    .text                                    0x000021ec   Section        0  exit.o(.text)
    .text                                    0x00002200   Section        8  libspace.o(.text)
    .text                                    0x00002208   Section        0  sys_exit.o(.text)
    .text                                    0x00002214   Section        2  use_no_semi.o(.text)
    .text                                    0x00002216   Section        0  indicate_semi.o(.text)
    i.GPIO_PinFunction                       0x00002218   Section        0  gpio.o(i.GPIO_PinFunction)
    i.PWM_Init                               0x00002258   Section        0  pwm.o(i.PWM_Init)
    i.PWM_SetDutyCycle                       0x00002278   Section        0  pwm.o(i.PWM_SetDutyCycle)
    i.PWM_Start                              0x00002364   Section        0  pwm.o(i.PWM_Start)
    i.SystemInit                             0x00002410   Section        0  system_lpc17xx.o(i.SystemInit)
    i.UART_Init                              0x00002538   Section        0  uart.o(i.UART_Init)
    i.UART_Printf                            0x000025ac   Section        0  uart.o(i.UART_Printf)
    i.UART_RxChar                            0x000027c4   Section        0  uart.o(i.UART_RxChar)
    i.UART_SetBaudRate                       0x000027f0   Section        0  uart.o(i.UART_SetBaudRate)
    i.UART_TxChar                            0x00002874   Section        0  uart.o(i.UART_TxChar)
    i.UART_TxFloatNumber                     0x0000289c   Section        0  uart.o(i.UART_TxFloatNumber)
    i.UART_TxNumber                          0x000028f4   Section        0  uart.o(i.UART_TxNumber)
    i.UART_TxString                          0x000029a0   Section        0  uart.o(i.UART_TxString)
    i.main                                   0x000029bc   Section        0  main.o(i.main)
    x$fpl$d2f                                0x00002b50   Section       98  d2f.o(x$fpl$d2f)
    x$fpl$dnaninf                            0x00002bb2   Section      156  dnaninf.o(x$fpl$dnaninf)
    x$fpl$fadd                               0x00002c50   Section      196  faddsub_clz.o(x$fpl$fadd)
    _fadd1                                   0x00002c5f   Thumb Code     0  faddsub_clz.o(x$fpl$fadd)
    x$fpl$ffixu                              0x00002d14   Section       62  ffixu.o(x$fpl$ffixu)
    x$fpl$ffltu                              0x00002d54   Section       38  fflt_clz.o(x$fpl$ffltu)
    x$fpl$fmul                               0x00002d7c   Section      258  fmul.o(x$fpl$fmul)
    x$fpl$fnaninf                            0x00002e7e   Section      140  fnaninf.o(x$fpl$fnaninf)
    x$fpl$fretinf                            0x00002f0a   Section       10  fretinf.o(x$fpl$fretinf)
    x$fpl$frsb                               0x00002f14   Section       20  faddsub_clz.o(x$fpl$frsb)
    x$fpl$fsub                               0x00002f28   Section      234  faddsub_clz.o(x$fpl$fsub)
    _fsub1                                   0x00002f37   Thumb Code     0  faddsub_clz.o(x$fpl$fsub)
    x$fpl$usenofp                            0x00003012   Section        0  usenofp.o(x$fpl$usenofp)
    .constdata                               0x00003014   Section       32  uart.o(.constdata)
    .data                                    0x10000000   Section        4  pwm.o(.data)
    pwmInitDoneFlag_u32                      0x10000000   Data           4  pwm.o(.data)
    .data                                    0x10000004   Section        4  system_lpc17xx.o(.data)
    .bss                                     0x10000008   Section       96  libspace.o(.bss)
    HEAP                                     0x10000068   Section        0  startup_lpc17xx.o(HEAP)
    STACK                                    0x10000068   Section      512  startup_lpc17xx.o(STACK)
    Heap_Mem                                 0x10000068   Data           0  startup_lpc17xx.o(HEAP)
    Stack_Mem                                0x10000068   Data         512  startup_lpc17xx.o(STACK)
    __initial_sp                             0x10000268   Data           0  startup_lpc17xx.o(STACK)

    Global Symbols

    Symbol Name                              Value     Ov Type        Size  Object(Section)

    BuildAttributes$$THM_ISAv4$P$D$K$B$S$PE$A:L22UL41UL21$X:L11$S22US41US21$IEEE1$IW$USESV6$~STKCKD$USESV7$~SHL$OSPACE$ROPI$EBA8$UX$STANDARDLIB$REQ8$PRES8$EABIv2 0x00000000   Number         0  anon$$obj.o ABSOLUTE
    __ARM_use_no_argv                        0x00000000   Number         0  main.o ABSOLUTE
    __ARM_exceptions_init                     - Undefined Weak Reference
    __alloca_initialize                       - Undefined Weak Reference
    __arm_preinit_                            - Undefined Weak Reference
    __cpp_initialize__aeabi_                  - Undefined Weak Reference
    __cxa_finalize                            - Undefined Weak Reference
    __rt_locale                               - Undefined Weak Reference
    __sigvec_lookup                           - Undefined Weak Reference
    _atexit_init                              - Undefined Weak Reference
    _call_atexit_fns                          - Undefined Weak Reference
    _clock_init                               - Undefined Weak Reference
    _fp_trap_init                             - Undefined Weak Reference
    _fp_trap_shutdown                         - Undefined Weak Reference
    _get_lc_collate                           - Undefined Weak Reference
    _get_lc_ctype                             - Undefined Weak Reference
    _get_lc_monetary                          - Undefined Weak Reference
    _get_lc_numeric                           - Undefined Weak Reference
    _get_lc_time                              - Undefined Weak Reference
    _getenv_init                              - Undefined Weak Reference
    _handle_redirection                       - Undefined Weak Reference
    _init_alloc                               - Undefined Weak Reference
    _init_user_alloc                          - Undefined Weak Reference
    _initio                                   - Undefined Weak Reference
    _rand_init                                - Undefined Weak Reference
    _signal_finish                            - Undefined Weak Reference
    _signal_init                              - Undefined Weak Reference
    _terminate_alloc                          - Undefined Weak Reference
    _terminate_user_alloc                     - Undefined Weak Reference
    _terminateio                              - Undefined Weak Reference
    __Vectors                                0x00002000   Data           4  startup_lpc17xx.o(RESET)
    __main                                   0x000020cd   Thumb Code     8  __main.o(!!!main)
    __scatterload                            0x000020d5   Thumb Code     0  __scatter.o(!!!scatter)
    __scatterload_rt2                        0x000020d5   Thumb Code    44  __scatter.o(!!!scatter)
    __scatterload_rt2_thumb_only             0x000020d5   Thumb Code     0  __scatter.o(!!!scatter)
    __scatterload_null                       0x000020e3   Thumb Code     0  __scatter.o(!!!scatter)
    __scatterload_copy                       0x00002109   Thumb Code    26  __scatter_copy.o(!!handler_copy)
    __scatterload_zeroinit                   0x00002125   Thumb Code    28  __scatter_zi.o(!!handler_zi)
    __rt_lib_init                            0x00002141   Thumb Code     0  libinit.o(.ARM.Collect$$libinit$$00000000)
    __rt_lib_init_alloca_1                   0x00002143   Thumb Code     0  libinit2.o(.ARM.Collect$$libinit$$0000002E)
    __rt_lib_init_argv_1                     0x00002143   Thumb Code     0  libinit2.o(.ARM.Collect$$libinit$$0000002C)
    __rt_lib_init_atexit_1                   0x00002143   Thumb Code     0  libinit2.o(.ARM.Collect$$libinit$$0000001B)
    __rt_lib_init_clock_1                    0x00002143   Thumb Code     0  libinit2.o(.ARM.Collect$$libinit$$00000021)
    __rt_lib_init_cpp_1                      0x00002143   Thumb Code     0  libinit2.o(.ARM.Collect$$libinit$$00000032)
    __rt_lib_init_exceptions_1               0x00002143   Thumb Code     0  libinit2.o(.ARM.Collect$$libinit$$00000030)
    __rt_lib_init_fp_1                       0x00002143   Thumb Code     0  libinit2.o(.ARM.Collect$$libinit$$00000002)
    __rt_lib_init_fp_trap_1                  0x00002143   Thumb Code     0  libinit2.o(.ARM.Collect$$libinit$$0000001F)
    __rt_lib_init_getenv_1                   0x00002143   Thumb Code     0  libinit2.o(.ARM.Collect$$libinit$$00000023)
    __rt_lib_init_heap_1                     0x00002143   Thumb Code     0  libinit2.o(.ARM.Collect$$libinit$$0000000A)
    __rt_lib_init_lc_collate_1               0x00002143   Thumb Code     0  libinit2.o(.ARM.Collect$$libinit$$00000011)
    __rt_lib_init_lc_ctype_1                 0x00002143   Thumb Code     0  libinit2.o(.ARM.Collect$$libinit$$00000013)
    __rt_lib_init_lc_monetary_1              0x00002143   Thumb Code     0  libinit2.o(.ARM.Collect$$libinit$$00000015)
    __rt_lib_init_lc_numeric_1               0x00002143   Thumb Code     0  libinit2.o(.ARM.Collect$$libinit$$00000017)
    __rt_lib_init_lc_time_1                  0x00002143   Thumb Code     0  libinit2.o(.ARM.Collect$$libinit$$00000019)
    __rt_lib_init_preinit_1                  0x00002143   Thumb Code     0  libinit2.o(.ARM.Collect$$libinit$$00000004)
    __rt_lib_init_rand_1                     0x00002143   Thumb Code     0  libinit2.o(.ARM.Collect$$libinit$$0000000E)
    __rt_lib_init_return                     0x00002143   Thumb Code     0  libinit2.o(.ARM.Collect$$libinit$$00000033)
    __rt_lib_init_signal_1                   0x00002143   Thumb Code     0  libinit2.o(.ARM.Collect$$libinit$$0000001D)
    __rt_lib_init_stdio_1                    0x00002143   Thumb Code     0  libinit2.o(.ARM.Collect$$libinit$$00000025)
    __rt_lib_init_user_alloc_1               0x00002143   Thumb Code     0  libinit2.o(.ARM.Collect$$libinit$$0000000C)
    __rt_lib_shutdown                        0x00002145   Thumb Code     0  libshutdown.o(.ARM.Collect$$libshutdown$$00000000)
    __rt_lib_shutdown_cpp_1                  0x00002147   Thumb Code     0  libshutdown2.o(.ARM.Collect$$libshutdown$$00000002)
    __rt_lib_shutdown_fp_trap_1              0x00002147   Thumb Code     0  libshutdown2.o(.ARM.Collect$$libshutdown$$00000007)
    __rt_lib_shutdown_heap_1                 0x00002147   Thumb Code     0  libshutdown2.o(.ARM.Collect$$libshutdown$$0000000F)
    __rt_lib_shutdown_return                 0x00002147   Thumb Code     0  libshutdown2.o(.ARM.Collect$$libshutdown$$00000010)
    __rt_lib_shutdown_signal_1               0x00002147   Thumb Code     0  libshutdown2.o(.ARM.Collect$$libshutdown$$0000000A)
    __rt_lib_shutdown_stdio_1                0x00002147   Thumb Code     0  libshutdown2.o(.ARM.Collect$$libshutdown$$00000004)
    __rt_lib_shutdown_user_alloc_1           0x00002147   Thumb Code     0  libshutdown2.o(.ARM.Collect$$libshutdown$$0000000C)
    __rt_entry                               0x00002149   Thumb Code     0  __rtentry.o(.ARM.Collect$$rtentry$$00000000)
    __rt_entry_presh_1                       0x00002149   Thumb Code     0  __rtentry2.o(.ARM.Collect$$rtentry$$00000002)
    __rt_entry_sh                            0x00002149   Thumb Code     0  __rtentry4.o(.ARM.Collect$$rtentry$$00000004)
    __rt_entry_li                            0x0000214f   Thumb Code     0  __rtentry2.o(.ARM.Collect$$rtentry$$0000000A)
    __rt_entry_postsh_1                      0x0000214f   Thumb Code     0  __rtentry2.o(.ARM.Collect$$rtentry$$00000009)
    __rt_entry_main                          0x00002153   Thumb Code     0  __rtentry2.o(.ARM.Collect$$rtentry$$0000000D)
    __rt_entry_postli_1                      0x00002153   Thumb Code     0  __rtentry2.o(.ARM.Collect$$rtentry$$0000000C)
    __rt_exit                                0x0000215b   Thumb Code     0  rtexit.o(.ARM.Collect$$rtexit$$00000000)
    __rt_exit_ls                             0x0000215d   Thumb Code     0  rtexit2.o(.ARM.Collect$$rtexit$$00000003)
    __rt_exit_prels_1                        0x0000215d   Thumb Code     0  rtexit2.o(.ARM.Collect$$rtexit$$00000002)
    __rt_exit_exit                           0x00002161   Thumb Code     0  rtexit2.o(.ARM.Collect$$rtexit$$00000004)
    Reset_Handler                            0x00002169   Thumb Code     4  startup_lpc17xx.o(.text)
    NMI_Handler                              0x0000216d   Thumb Code     2  startup_lpc17xx.o(.text)
    HardFault_Handler                        0x0000216f   Thumb Code     2  startup_lpc17xx.o(.text)
    MemManage_Handler                        0x00002171   Thumb Code     2  startup_lpc17xx.o(.text)
    BusFault_Handler                         0x00002173   Thumb Code     2  startup_lpc17xx.o(.text)
    UsageFault_Handler                       0x00002175   Thumb Code     2  startup_lpc17xx.o(.text)
    SVC_Handler                              0x00002177   Thumb Code     2  startup_lpc17xx.o(.text)
    DebugMon_Handler                         0x00002179   Thumb Code     2  startup_lpc17xx.o(.text)
    PendSV_Handler                           0x0000217b   Thumb Code     2  startup_lpc17xx.o(.text)
    SysTick_Handler                          0x0000217d   Thumb Code     2  startup_lpc17xx.o(.text)
    ADC_IRQHandler                           0x0000217f   Thumb Code     0  startup_lpc17xx.o(.text)
    BOD_IRQHandler                           0x0000217f   Thumb Code     0  startup_lpc17xx.o(.text)
    CANActivity_IRQHandler                   0x0000217f   Thumb Code     0  startup_lpc17xx.o(.text)
    CAN_IRQHandler                           0x0000217f   Thumb Code     0  startup_lpc17xx.o(.text)
    DMA_IRQHandler                           0x0000217f   Thumb Code     0  startup_lpc17xx.o(.text)
    EINT0_IRQHandler                         0x0000217f   Thumb Code     0  startup_lpc17xx.o(.text)
    EINT1_IRQHandler                         0x0000217f   Thumb Code     0  startup_lpc17xx.o(.text)
    EINT2_IRQHandler                         0x0000217f   Thumb Code     0  startup_lpc17xx.o(.text)
    EINT3_IRQHandler                         0x0000217f   Thumb Code     0  startup_lpc17xx.o(.text)
    ENET_IRQHandler                          0x0000217f   Thumb Code     0  startup_lpc17xx.o(.text)
    I2C0_IRQHandler                          0x0000217f   Thumb Code     0  startup_lpc17xx.o(.text)
    I2C1_IRQHandler                          0x0000217f   Thumb Code     0  startup_lpc17xx.o(.text)
    I2C2_IRQHandler                          0x0000217f   Thumb Code     0  startup_lpc17xx.o(.text)
    I2S_IRQHandler                           0x0000217f   Thumb Code     0  startup_lpc17xx.o(.text)
    MCPWM_IRQHandler                         0x0000217f   Thumb Code     0  startup_lpc17xx.o(.text)
    PLL0_IRQHandler                          0x0000217f   Thumb Code     0  startup_lpc17xx.o(.text)
    PLL1_IRQHandler                          0x0000217f   Thumb Code     0  startup_lpc17xx.o(.text)
    PWM1_IRQHandler                          0x0000217f   Thumb Code     0  startup_lpc17xx.o(.text)
    QEI_IRQHandler                           0x0000217f   Thumb Code     0  startup_lpc17xx.o(.text)
    RIT_IRQHandler                           0x0000217f   Thumb Code     0  startup_lpc17xx.o(.text)
    RTC_IRQHandler                           0x0000217f   Thumb Code     0  startup_lpc17xx.o(.text)
    SPI_IRQHandler                           0x0000217f   Thumb Code     0  startup_lpc17xx.o(.text)
    SSP0_IRQHandler                          0x0000217f   Thumb Code     0  startup_lpc17xx.o(.text)
    SSP1_IRQHandler                          0x0000217f   Thumb Code     0  startup_lpc17xx.o(.text)
    TIMER0_IRQHandler                        0x0000217f   Thumb Code     0  startup_lpc17xx.o(.text)
    TIMER1_IRQHandler                        0x0000217f   Thumb Code     0  startup_lpc17xx.o(.text)
    TIMER2_IRQHandler                        0x0000217f   Thumb Code     0  startup_lpc17xx.o(.text)
    TIMER3_IRQHandler                        0x0000217f   Thumb Code     0  startup_lpc17xx.o(.text)
    UART0_IRQHandler                         0x0000217f   Thumb Code     0  startup_lpc17xx.o(.text)
    UART1_IRQHandler                         0x0000217f   Thumb Code     0  startup_lpc17xx.o(.text)
    UART2_IRQHandler                         0x0000217f   Thumb Code     0  startup_lpc17xx.o(.text)
    UART3_IRQHandler                         0x0000217f   Thumb Code     0  startup_lpc17xx.o(.text)
    USBActivity_IRQHandler                   0x0000217f   Thumb Code     0  startup_lpc17xx.o(.text)
    USB_IRQHandler                           0x0000217f   Thumb Code     0  startup_lpc17xx.o(.text)
    WDT_IRQHandler                           0x0000217f   Thumb Code     0  startup_lpc17xx.o(.text)
    __user_initial_stackheap                 0x00002181   Thumb Code     0  startup_lpc17xx.o(.text)
    __use_two_region_memory                  0x0000219d   Thumb Code     2  heapauxi.o(.text)
    __rt_heap_escrow$2region                 0x0000219f   Thumb Code     2  heapauxi.o(.text)
    __rt_heap_expand$2region                 0x000021a1   Thumb Code     2  heapauxi.o(.text)
    __user_setup_stackheap                   0x000021a3   Thumb Code    74  sys_stackheap_outer.o(.text)
    exit                                     0x000021ed   Thumb Code    18  exit.o(.text)
    __user_libspace                          0x00002201   Thumb Code     8  libspace.o(.text)
    __user_perproc_libspace                  0x00002201   Thumb Code     0  libspace.o(.text)
    __user_perthread_libspace                0x00002201   Thumb Code     0  libspace.o(.text)
    _sys_exit                                0x00002209   Thumb Code     8  sys_exit.o(.text)
    __I$use$semihosting                      0x00002215   Thumb Code     0  use_no_semi.o(.text)
    __use_no_semihosting_swi                 0x00002215   Thumb Code     2  use_no_semi.o(.text)
    __semihosting_library_function           0x00002217   Thumb Code     0  indicate_semi.o(.text)
    GPIO_PinFunction                         0x00002219   Thumb Code    60  gpio.o(i.GPIO_PinFunction)
    PWM_Init                                 0x00002259   Thumb Code    28  pwm.o(i.PWM_Init)
    PWM_SetDutyCycle                         0x00002279   Thumb Code   226  pwm.o(i.PWM_SetDutyCycle)
    PWM_Start                                0x00002365   Thumb Code   164  pwm.o(i.PWM_Start)
    SystemInit                               0x00002411   Thumb Code   280  system_lpc17xx.o(i.SystemInit)
    UART_Init                                0x00002539   Thumb Code   108  uart.o(i.UART_Init)
    UART_Printf                              0x000025ad   Thumb Code   536  uart.o(i.UART_Printf)
    UART_RxChar                              0x000027c5   Thumb Code    40  uart.o(i.UART_RxChar)
    UART_SetBaudRate                         0x000027f1   Thumb Code   118  uart.o(i.UART_SetBaudRate)
    UART_TxChar                              0x00002875   Thumb Code    36  uart.o(i.UART_TxChar)
    UART_TxFloatNumber                       0x0000289d   Thumb Code    84  uart.o(i.UART_TxFloatNumber)
    UART_TxNumber                            0x000028f5   Thumb Code   172  uart.o(i.UART_TxNumber)
    UART_TxString                            0x000029a1   Thumb Code    26  uart.o(i.UART_TxString)
    main                                     0x000029bd   Thumb Code   350  main.o(i.main)
    __aeabi_d2f                              0x00002b51   Thumb Code     0  d2f.o(x$fpl$d2f)
    _d2f                                     0x00002b51   Thumb Code    98  d2f.o(x$fpl$d2f)
    __fpl_dnaninf                            0x00002bb3   Thumb Code   156  dnaninf.o(x$fpl$dnaninf)
    __aeabi_fadd                             0x00002c51   Thumb Code     0  faddsub_clz.o(x$fpl$fadd)
    _fadd                                    0x00002c51   Thumb Code   196  faddsub_clz.o(x$fpl$fadd)
    __aeabi_f2uiz                            0x00002d15   Thumb Code     0  ffixu.o(x$fpl$ffixu)
    _ffixu                                   0x00002d15   Thumb Code    62  ffixu.o(x$fpl$ffixu)
    __aeabi_ui2f                             0x00002d55   Thumb Code     0  fflt_clz.o(x$fpl$ffltu)
    _ffltu                                   0x00002d55   Thumb Code    38  fflt_clz.o(x$fpl$ffltu)
    __aeabi_fmul                             0x00002d7d   Thumb Code     0  fmul.o(x$fpl$fmul)
    _fmul                                    0x00002d7d   Thumb Code   258  fmul.o(x$fpl$fmul)
    __fpl_fnaninf                            0x00002e7f   Thumb Code   140  fnaninf.o(x$fpl$fnaninf)
    __fpl_fretinf                            0x00002f0b   Thumb Code    10  fretinf.o(x$fpl$fretinf)
    __aeabi_frsub                            0x00002f15   Thumb Code     0  faddsub_clz.o(x$fpl$frsb)
    _frsb                                    0x00002f15   Thumb Code    20  faddsub_clz.o(x$fpl$frsb)
    __aeabi_fsub                             0x00002f29   Thumb Code     0  faddsub_clz.o(x$fpl$fsub)
    _fsub                                    0x00002f29   Thumb Code   234  faddsub_clz.o(x$fpl$fsub)
    __I$use$fp                               0x00003012   Number         0  usenofp.o(x$fpl$usenofp)
    UartConfig                               0x00003014   Data          32  uart.o(.constdata)
    Region$$Table$$Base                      0x00003034   Number         0  anon$$obj.o(Region$$Table)
    Region$$Table$$Limit                     0x00003054   Number         0  anon$$obj.o(Region$$Table)
    SystemCoreClock                          0x10000004   Data           4  system_lpc17xx.o(.data)
    __libspace_start                         0x10000008   Data          96  libspace.o(.bss)
    __temporary_stack_top$libspace           0x10000068   Data           0  libspace.o(.bss)



==============================================================================

Memory Map of the image

  Image Entry point : 0x000020cd

  Load Region LR_IROM1 (Base: 0x00002000, Size: 0x0000105c, Max: 0x00080000, ABSOLUTE)

    Execution Region ER_IROM1 (Base: 0x00002000, Size: 0x00001054, Max: 0x00080000, ABSOLUTE)

    Base Addr    Size         Type   Attr      Idx    E Section Name        Object

    0x00002000   0x000000cc   Data   RO            3    RESET               startup_lpc17xx.o
    0x000020cc   0x00000008   Code   RO          242  * !!!main             c_w.l(__main.o)
    0x000020d4   0x00000034   Code   RO          426    !!!scatter          c_w.l(__scatter.o)
    0x00002108   0x0000001a   Code   RO          428    !!handler_copy      c_w.l(__scatter_copy.o)
    0x00002122   0x00000002   PAD
    0x00002124   0x0000001c   Code   RO          430    !!handler_zi        c_w.l(__scatter_zi.o)
    0x00002140   0x00000002   Code   RO          296    .ARM.Collect$$libinit$$00000000  c_w.l(libinit.o)
    0x00002142   0x00000000   Code   RO          303    .ARM.Collect$$libinit$$00000002  c_w.l(libinit2.o)
    0x00002142   0x00000000   Code   RO          305    .ARM.Collect$$libinit$$00000004  c_w.l(libinit2.o)
    0x00002142   0x00000000   Code   RO          308    .ARM.Collect$$libinit$$0000000A  c_w.l(libinit2.o)
    0x00002142   0x00000000   Code   RO          310    .ARM.Collect$$libinit$$0000000C  c_w.l(libinit2.o)
    0x00002142   0x00000000   Code   RO          312    .ARM.Collect$$libinit$$0000000E  c_w.l(libinit2.o)
    0x00002142   0x00000000   Code   RO          315    .ARM.Collect$$libinit$$00000011  c_w.l(libinit2.o)
    0x00002142   0x00000000   Code   RO          317    .ARM.Collect$$libinit$$00000013  c_w.l(libinit2.o)
    0x00002142   0x00000000   Code   RO          319    .ARM.Collect$$libinit$$00000015  c_w.l(libinit2.o)
    0x00002142   0x00000000   Code   RO          321    .ARM.Collect$$libinit$$00000017  c_w.l(libinit2.o)
    0x00002142   0x00000000   Code   RO          323    .ARM.Collect$$libinit$$00000019  c_w.l(libinit2.o)
    0x00002142   0x00000000   Code   RO          325    .ARM.Collect$$libinit$$0000001B  c_w.l(libinit2.o)
    0x00002142   0x00000000   Code   RO          327    .ARM.Collect$$libinit$$0000001D  c_w.l(libinit2.o)
    0x00002142   0x00000000   Code   RO          329    .ARM.Collect$$libinit$$0000001F  c_w.l(libinit2.o)
    0x00002142   0x00000000   Code   RO          331    .ARM.Collect$$libinit$$00000021  c_w.l(libinit2.o)
    0x00002142   0x00000000   Code   RO          333    .ARM.Collect$$libinit$$00000023  c_w.l(libinit2.o)
    0x00002142   0x00000000   Code   RO          335    .ARM.Collect$$libinit$$00000025  c_w.l(libinit2.o)
    0x00002142   0x00000000   Code   RO          339    .ARM.Collect$$libinit$$0000002C  c_w.l(libinit2.o)
    0x00002142   0x00000000   Code   RO          341    .ARM.Collect$$libinit$$0000002E  c_w.l(libinit2.o)
    0x00002142   0x00000000   Code   RO          343    .ARM.Collect$$libinit$$00000030  c_w.l(libinit2.o)
    0x00002142   0x00000000   Code   RO          345    .ARM.Collect$$libinit$$00000032  c_w.l(libinit2.o)
    0x00002142   0x00000002   Code   RO          346    .ARM.Collect$$libinit$$00000033  c_w.l(libinit2.o)
    0x00002144   0x00000002   Code   RO          366    .ARM.Collect$$libshutdown$$00000000  c_w.l(libshutdown.o)
    0x00002146   0x00000000   Code   RO          379    .ARM.Collect$$libshutdown$$00000002  c_w.l(libshutdown2.o)
    0x00002146   0x00000000   Code   RO          381    .ARM.Collect$$libshutdown$$00000004  c_w.l(libshutdown2.o)
    0x00002146   0x00000000   Code   RO          384    .ARM.Collect$$libshutdown$$00000007  c_w.l(libshutdown2.o)
    0x00002146   0x00000000   Code   RO          387    .ARM.Collect$$libshutdown$$0000000A  c_w.l(libshutdown2.o)
    0x00002146   0x00000000   Code   RO          389    .ARM.Collect$$libshutdown$$0000000C  c_w.l(libshutdown2.o)
    0x00002146   0x00000000   Code   RO          392    .ARM.Collect$$libshutdown$$0000000F  c_w.l(libshutdown2.o)
    0x00002146   0x00000002   Code   RO          393    .ARM.Collect$$libshutdown$$00000010  c_w.l(libshutdown2.o)
    0x00002148   0x00000000   Code   RO          264    .ARM.Collect$$rtentry$$00000000  c_w.l(__rtentry.o)
    0x00002148   0x00000000   Code   RO          273    .ARM.Collect$$rtentry$$00000002  c_w.l(__rtentry2.o)
    0x00002148   0x00000006   Code   RO          285    .ARM.Collect$$rtentry$$00000004  c_w.l(__rtentry4.o)
    0x0000214e   0x00000000   Code   RO          275    .ARM.Collect$$rtentry$$00000009  c_w.l(__rtentry2.o)
    0x0000214e   0x00000004   Code   RO          276    .ARM.Collect$$rtentry$$0000000A  c_w.l(__rtentry2.o)
    0x00002152   0x00000000   Code   RO          278    .ARM.Collect$$rtentry$$0000000C  c_w.l(__rtentry2.o)
    0x00002152   0x00000008   Code   RO          279    .ARM.Collect$$rtentry$$0000000D  c_w.l(__rtentry2.o)
    0x0000215a   0x00000002   Code   RO          300    .ARM.Collect$$rtexit$$00000000  c_w.l(rtexit.o)
    0x0000215c   0x00000000   Code   RO          348    .ARM.Collect$$rtexit$$00000002  c_w.l(rtexit2.o)
    0x0000215c   0x00000004   Code   RO          349    .ARM.Collect$$rtexit$$00000003  c_w.l(rtexit2.o)
    0x00002160   0x00000006   Code   RO          350    .ARM.Collect$$rtexit$$00000004  c_w.l(rtexit2.o)
    0x00002166   0x00000002   PAD
    0x00002168   0x00000034   Code   RO            5    .text               startup_lpc17xx.o
    0x0000219c   0x00000006   Code   RO          240    .text               c_w.l(heapauxi.o)
    0x000021a2   0x0000004a   Code   RO          287    .text               c_w.l(sys_stackheap_outer.o)
    0x000021ec   0x00000012   Code   RO          289    .text               c_w.l(exit.o)
    0x000021fe   0x00000002   PAD
    0x00002200   0x00000008   Code   RO          297    .text               c_w.l(libspace.o)
    0x00002208   0x0000000c   Code   RO          358    .text               c_w.l(sys_exit.o)
    0x00002214   0x00000002   Code   RO          369    .text               c_w.l(use_no_semi.o)
    0x00002216   0x00000000   Code   RO          371    .text               c_w.l(indicate_semi.o)
    0x00002216   0x00000002   PAD
    0x00002218   0x00000040   Code   RO           15    i.GPIO_PinFunction  gpio.o
    0x00002258   0x00000020   Code   RO           76    i.PWM_Init          pwm.o
    0x00002278   0x000000ec   Code   RO           77    i.PWM_SetDutyCycle  pwm.o
    0x00002364   0x000000ac   Code   RO           78    i.PWM_Start         pwm.o
    0x00002410   0x00000128   Code   RO          119    i.SystemInit        system_lpc17xx.o
    0x00002538   0x00000074   Code   RO          150    i.UART_Init         uart.o
    0x000025ac   0x00000218   Code   RO          151    i.UART_Printf       uart.o
    0x000027c4   0x0000002c   Code   RO          152    i.UART_RxChar       uart.o
    0x000027f0   0x00000084   Code   RO          154    i.UART_SetBaudRate  uart.o
    0x00002874   0x00000028   Code   RO          155    i.UART_TxChar       uart.o
    0x0000289c   0x00000058   Code   RO          156    i.UART_TxFloatNumber  uart.o
    0x000028f4   0x000000ac   Code   RO          157    i.UART_TxNumber     uart.o
    0x000029a0   0x0000001a   Code   RO          158    i.UART_TxString     uart.o
    0x000029ba   0x00000002   PAD
    0x000029bc   0x00000194   Code   RO          220    i.main              main.o
    0x00002b50   0x00000062   Code   RO          244    x$fpl$d2f           fz_ws.l(d2f.o)
    0x00002bb2   0x0000009c   Code   RO          265    x$fpl$dnaninf       fz_ws.l(dnaninf.o)
    0x00002c4e   0x00000002   PAD
    0x00002c50   0x000000c4   Code   RO          246    x$fpl$fadd          fz_ws.l(faddsub_clz.o)
    0x00002d14   0x0000003e   Code   RO          252    x$fpl$ffixu         fz_ws.l(ffixu.o)
    0x00002d52   0x00000002   PAD
    0x00002d54   0x00000026   Code   RO          256    x$fpl$ffltu         fz_ws.l(fflt_clz.o)
    0x00002d7a   0x00000002   PAD
    0x00002d7c   0x00000102   Code   RO          262    x$fpl$fmul          fz_ws.l(fmul.o)
    0x00002e7e   0x0000008c   Code   RO          267    x$fpl$fnaninf       fz_ws.l(fnaninf.o)
    0x00002f0a   0x0000000a   Code   RO          269    x$fpl$fretinf       fz_ws.l(fretinf.o)
    0x00002f14   0x00000014   Code   RO          247    x$fpl$frsb          fz_ws.l(faddsub_clz.o)
    0x00002f28   0x000000ea   Code   RO          248    x$fpl$fsub          fz_ws.l(faddsub_clz.o)
    0x00003012   0x00000000   Code   RO          271    x$fpl$usenofp       fz_ws.l(usenofp.o)
    0x00003012   0x00000002   PAD
    0x00003014   0x00000020   Data   RO          159    .constdata          uart.o
    0x00003034   0x00000020   Data   RO          424    Region$$Table       anon$$obj.o


    Execution Region RW_IRAM1 (Base: 0x10000000, Size: 0x00000268, Max: 0x00008000, ABSOLUTE)

    Base Addr    Size         Type   Attr      Idx    E Section Name        Object

    0x10000000   0x00000004   Data   RW           80    .data               pwm.o
    0x10000004   0x00000004   Data   RW          120    .data               system_lpc17xx.o
    0x10000008   0x00000060   Zero   RW          298    .bss                c_w.l(libspace.o)
    0x10000068   0x00000000   Zero   RW            2    HEAP                startup_lpc17xx.o
    0x10000068   0x00000200   Zero   RW            1    STACK               startup_lpc17xx.o



  Load Region LR$$.ARM.__at_0x02FC (Base: 0x000002fc, Size: 0x00000004, Max: 0x00000004, ABSOLUTE)

    Execution Region ER$$.ARM.__at_0x02FC (Base: 0x000002fc, Size: 0x00000004, Max: 0x00000004, ABSOLUTE, UNINIT)

    Base Addr    Size         Type   Attr      Idx    E Section Name        Object

    0x000002fc   0x00000004   Code   RO            4    .ARM.__at_0x02FC    startup_lpc17xx.o


==============================================================================

Image component sizes


      Code (inc. data)   RO Data    RW Data    ZI Data      Debug   Object Name

        64          4          0          0          0      28001   gpio.o
       404         54          0          0          0        655   main.o
       440         22          0          4          0       5314   pwm.o
        56         22        204          0        512       1080   startup_lpc17xx.o
       296         16          0          4          0        895   system_lpc17xx.o
      1154         34         32          0          0       7199   uart.o

    ----------------------------------------------------------------------
      2416        152        268          8        512      43144   Object Totals
         0          0         32          0          0          0   (incl. Generated)
         2          0          0          0          0          0   (incl. Padding)

    ----------------------------------------------------------------------

      Code (inc. data)   RO Data    RW Data    ZI Data      Debug   Library Member Name

         8          0          0          0          0         68   __main.o
         0          0          0          0          0          0   __rtentry.o
        12          0          0          0          0          0   __rtentry2.o
         6          0          0          0          0          0   __rtentry4.o
        52          8          0          0          0          0   __scatter.o
        26          0          0          0          0          0   __scatter_copy.o
        28          0          0          0          0          0   __scatter_zi.o
        18          0          0          0          0         80   exit.o
         6          0          0          0          0        152   heapauxi.o
         0          0          0          0          0          0   indicate_semi.o
         2          0          0          0          0          0   libinit.o
         2          0          0          0          0          0   libinit2.o
         2          0          0          0          0          0   libshutdown.o
         2          0          0          0          0          0   libshutdown2.o
         8          4          0          0         96         68   libspace.o
         2          0          0          0          0          0   rtexit.o
        10          0          0          0          0          0   rtexit2.o
        12          4          0          0          0         68   sys_exit.o
        74          0          0          0          0         80   sys_stackheap_outer.o
         2          0          0          0          0         68   use_no_semi.o
        98          4          0          0          0         92   d2f.o
       156          4          0          0          0         92   dnaninf.o
       450          8          0          0          0        236   faddsub_clz.o
        62          4          0          0          0         84   ffixu.o
        38          0          0          0          0         68   fflt_clz.o
       258          4          0          0          0         84   fmul.o
       140          4          0          0          0         84   fnaninf.o
        10          0          0          0          0         68   fretinf.o
         0          0          0          0          0          0   usenofp.o

    ----------------------------------------------------------------------
      1500         44          0          0         96       1392   Library Totals
        16          0          0          0          0          0   (incl. Padding)

    ----------------------------------------------------------------------

      Code (inc. data)   RO Data    RW Data    ZI Data      Debug   Library Name

       272         16          0          0         96        584   c_w.l
      1212         28          0          0          0        808   fz_ws.l

    ----------------------------------------------------------------------
      1500         44          0          0         96       1392   Library Totals

    ----------------------------------------------------------------------

==============================================================================


      Code (inc. data)   RO Data    RW Data    ZI Data      Debug   

      3916        196        268          8        608      43284   Grand Totals
      3916        196        268          8        608      43284   ELF Image Totals
      3916        196        268          8          0          0   ROM Totals

==============================================================================

    Total RO  Size (Code + RO Data)                 4184 (   4.09kB)
    Total RW  Size (RW Data + ZI Data)               616 (   0.60kB)
    Total ROM Size (Code + RO Data + RW Data)       4192 (   4.09kB)

==============================================================================

