<html>
<body>
<pre>
<h1>µVision Build Log</h1>
<h2>Project:</h2>
D:\work_space\Lpc1768_Boards\Lpc1768_BreakOut\Code\UART_Lib\UART_lib.uvproj
Project File Date:  06/27/2015

<h2>Output:</h2>
Build target 'Target 1'
compiling gpio.c...
compiling system_LPC17xx.c...
assembling startup_LPC17xx.s...
compiling uart.c...
compiling main.c...
main.c(4): warning:  #951-D: return type of function "main" must be "int"
linking...
Program Size: Code=3776 RO-data=252 RW-data=4 ZI-data=612  
FromELF: creating hex file...
User command #1: fromelf --bin Uart.axf --output Uart.bin
"UART.axf" - 0 Error(s), 1 Warning(s).
