<html>
<body>
<pre>
<h1>µVision Build Log</h1>
<h2>Project:</h2>
F:\GitHub\LPC1768\Explore-Cortex-M3-LPC1768-DVB-14001\Code\KeilTutorialExamples\LedBlinkExample3\LedBlinkExample3.uvproj
Project File Date:  03/30/2016

<h2>Output:</h2>
Build target 'Target 1'
assembling startup_LPC17xx.s...
compiling main.c...
main.c(8): warning:  #951-D: return type of function "main" must be "int"
main.c(23): warning:  #1-D: last line of file ends without a newline
compiling delay.c...
compiling gpio.c...
compiling system_LPC17xx.c...
linking...
Program Size: Code=1384 RO-data=288 RW-data=4 ZI-data=612  
FromELF: creating hex file...
"LedBlinkExample3.axf" - 0 Error(s), 2 Warning(s).
Build target 'Target 1'
assembling startup_LPC17xx.s...
compiling main.c...
compiling delay.c...
compiling gpio.c...
compiling system_LPC17xx.c...
linking...
Program Size: Code=1384 RO-data=288 RW-data=4 ZI-data=612  
FromELF: creating hex file...
"LedBlinkExample3.axf" - 0 Error(s), 0 Warning(s).
