<html>
<body>
<pre>
<h1>µVision Build Log</h1>
<h2>Project:</h2>
F:\GitHub\LPC1768\Explore-Cortex-M3-LPC1768-DVB-14001\Code\KeilTutorialExamples\Keypad_LCD\Keypad_LCD.uvproj
Project File Date:  04/01/2016

<h2>Output:</h2>
Build target 'Target 1'
assembling startup_LPC17xx.s...
compiling main.c...
main.c(34): error:  #5: cannot open source input file "keypad.h": No such file or directory
compiling delay.c...
compiling gpio.c...
compiling keypad.c...
compiling lcd.c...
compiling system_LPC17xx.c...
Target not created
Build target 'Target 1'
assembling startup_LPC17xx.s...
compiling main.c...
compiling delay.c...
compiling gpio.c...
compiling keypad.c...
compiling lcd.c...
compiling system_LPC17xx.c...
linking...
Program Size: Code=5198 RO-data=254 RW-data=20 ZI-data=628  
"Keypad_LCD.axf" - 0 Error(s), 0 Warning(s).
Build target 'Target 1'
assembling startup_LPC17xx.s...
compiling main.c...
compiling delay.c...
compiling gpio.c...
compiling keypad.c...
compiling lcd.c...
compiling system_LPC17xx.c...
linking...
Program Size: Code=5198 RO-data=254 RW-data=20 ZI-data=628  
"Keypad_LCD.axf" - 0 Error(s), 0 Warning(s).
