<html>
<body>
<pre>
<h1>µVision Build Log</h1>
<h2>Project:</h2>
F:\GitHub\LPC1768\Explore-Cortex-M3-LPC1768-DVB-14001\Code\KeilTutorialExamples\Lcd8bit_Example2\Lcd8bit_Example2.uvproj
Project File Date:  03/30/2016

<h2>Output:</h2>
Build target 'Target 1'
assembling startup_LPC17xx.s...
compiling delay.c...
compiling gpio.c...
compiling lcd.c...
compiling system_LPC17xx.c...
linking...
Lcd8bit_Example2.axf: Error: L6218E: Undefined symbol main (referred from rtentry2.o).
Target not created
Build target 'Target 1'
assembling startup_LPC17xx.s...
compiling delay.c...
compiling gpio.c...
compiling lcd.c...
compiling system_LPC17xx.c...
linking...
Lcd8bit_Example2.axf: Error: L6218E: Undefined symbol main (referred from rtentry2.o).
Target not created
Build target 'Target 1'
assembling startup_LPC17xx.s...
compiling delay.c...
compiling gpio.c...
compiling lcd.c...
compiling system_LPC17xx.c...
compiling main.c...
main.c(39): warning:  #1-D: last line of file ends without a newline
linking...
Program Size: Code=4956 RO-data=236 RW-data=12 ZI-data=628  
"Lcd8bit_Example2.axf" - 0 Error(s), 1 Warning(s).
Build target 'Target 1'
assembling startup_LPC17xx.s...
compiling delay.c...
compiling gpio.c...
compiling lcd.c...
compiling system_LPC17xx.c...
compiling main.c...
linking...
Program Size: Code=4956 RO-data=236 RW-data=12 ZI-data=628  
"Lcd8bit_Example2.axf" - 0 Error(s), 0 Warning(s).
