<html>
<body>
<pre>
<h1>µVision Build Log</h1>
<h2>Tool Versions:</h2>
IDE-Version: µVision V5.17.0.0
Copyright (C) 2015 ARM Ltd and ARM Germany GmbH. All rights reserved.
License Information: a a, a, LIC=----
 
Tool Versions:
Toolchain:       MDK-Lite  Version: 5.17
Toolchain Path:  C:\Keil_v5\ARM\ARMCC\Bin
C Compiler:      Armcc.exe V5.06 update 1 (build 61)
Assembler:       Armasm.exe V5.06 update 1 (build 61)
Linker/Locator:  ArmLink.exe V5.06 update 1 (build 61)
Library Manager: ArmAr.exe V5.06 update 1 (build 61)
Hex Converter:   FromElf.exe V5.06 update 1 (build 61)
CPU DLL:         SARMCM3.DLL V5.17
Dialog DLL:      DARMP1.DLL V1.25.0.0
Target DLL:      UL2CM3.DLL V1.156.1.0
Dialog DLL:      TARMP1.DLL V1.24.0.0
 
<h2>Project:</h2>
F:\GitHub\LPC1768\Explore-Cortex-M3-LPC1768-DVB-14001\Code\KeilExamples\ExploreLPC1768_Board_Test\ExploreLPC1768_Board_Test.uvproj
Project File Date:  09/03/2016

<h2>Output:</h2>
*** Using Compiler 'V5.06 update 1 (build 61)', folder: 'C:\Keil_v5\ARM\ARMCC\Bin'
Rebuild target 'Target 1'
assembling startup_LPC17xx.s...
compiling adc.c...
compiling delay.c...
compiling gpio.c...
compiling keypad.c...
compiling lcd.c...
compiling pwm.c...
compiling rtc.c...
compiling system_LPC17xx.c...
compiling uart.c...
compiling main.c...
linking...
Program Size: Code=6382 RO-data=638 RW-data=16 ZI-data=624  
FromELF: creating hex file...
After Build - User command #1: fromelf --bin Objects\ExploreLPC1768_Board_Test.axf --output ExploreLPC1768_Board_Test.bin
".\Objects\ExploreLPC1768_Board_Test.axf" - 0 Error(s), 0 Warning(s).
Build Time Elapsed:  00:00:02
</pre>
</body>
</html>
