<html>
<body>
<pre>
<h1>µVision Build Log</h1>
<h2>Project:</h2>
G:\ExploreLpc1768_BreakOut\ExploreLpc1768_BreakOut\06c-UART_Tx_String\06c-UART_Tx_String.uvproj
Project File Date:  03/10/2016

<h2>Output:</h2>
compiling main.c...
main.c(37): error:  #5: cannot open source input file "uart.h": No such file or directory
main.c - 1 Error(s), 0 Warning(s).
Build target 'Target 1'
assembling startup_LPC17xx.s...
compiling main.c...
main.c(41): warning:  #69-D: integer conversion resulted in truncation
main.c(41): error:  #165: too few arguments in function call
main.c(45): error:  #167: argument of type "char *" is incompatible with parameter of type "uint8_t"
main.c(45): error:  #165: too few arguments in function call
compiling delay.c...
compiling gpio.c...
compiling system_LPC17xx.c...
compiling uart.c...
Target not created
compiling main.c...
main.c(41): warning:  #69-D: integer conversion resulted in truncation
main.c(41): error:  #165: too few arguments in function call
main.c(45): error:  #167: argument of type "char *" is incompatible with parameter of type "uint8_t"
main.c(45): error:  #165: too few arguments in function call
main.c - 3 Error(s), 1 Warning(s).
compiling main.c...
main.c - 0 Error(s), 0 Warning(s).
Build target 'Target 1'
linking...
Program Size: Code=3064 RO-data=268 RW-data=4 ZI-data=612  
User command #1: fromelf --bin 06c-UART_Tx_String.axf --output 06c-UART_Tx_String.bin
"06c-UART_Tx_String.axf" - 0 Error(s), 0 Warning(s).
Build target 'Target 1'
assembling startup_LPC17xx.s...
compiling main.c...
compiling delay.c...
compiling gpio.c...
compiling system_LPC17xx.c...
compiling uart.c...
linking...
Program Size: Code=3064 RO-data=268 RW-data=4 ZI-data=612  
User command #1: fromelf --bin 06c-UART_Tx_String.axf --output 06c-UART_Tx_String.bin
"06c-UART_Tx_String.axf" - 0 Error(s), 0 Warning(s).
compiling main.c...
main.c - 0 Error(s), 0 Warning(s).
Build target 'Target 1'
linking...
Program Size: Code=3732 RO-data=268 RW-data=4 ZI-data=612  
User command #1: fromelf --bin 06c-UART_Tx_String.axf --output 06c-UART_Tx_String.bin
"06c-UART_Tx_String.axf" - 0 Error(s), 0 Warning(s).
Build target 'Target 1'
assembling startup_LPC17xx.s...
compiling main.c...
compiling delay.c...
compiling gpio.c...
compiling system_LPC17xx.c...
compiling uart.c...
linking...
Program Size: Code=3732 RO-data=268 RW-data=4 ZI-data=612  
User command #1: fromelf --bin 06c-UART_Tx_String.axf --output 06c-UART_Tx_String.bin
"06c-UART_Tx_String.axf" - 0 Error(s), 0 Warning(s).
