<html>
<body>
<pre>
<h1>µVision Build Log</h1>
<h2>Project:</h2>
G:\ExploreLpc1768_BreakOut\ExploreLpc1768_BreakOut\05a-Lcd_4bit_Display\05a-Lcd_4bit_Display.uvproj
Project File Date:  03/09/2016

<h2>Output:</h2>
Build target 'Target 1'
assembling startup_LPC17xx.s...
compiling main.c...
compiling delay.c...
compiling gpio.c...
compiling lcd.c...
compiling system_LPC17xx.c...
linking...
Program Size: Code=4716 RO-data=236 RW-data=12 ZI-data=628  
User command #1: fromelf --bin 05a-Lcd_4bit_Display.axf --output 05a-Lcd_4bit_Display.bin
"05a-Lcd_4bit_Display.axf" - 0 Error(s), 0 Warning(s).
