<html>
<body>
<pre>
<h1>µVision Build Log</h1>
<h2>Project:</h2>
F:\Tutorials_And_Codes\Lpc1768\KeillTutorialExamples\TimerExample2\TimerExample2.uvproj
Project File Date:  03/26/2016

<h2>Output:</h2>
Build target 'Target 1'
assembling startup_LPC17xx.s...
compiling gpio.c...
compiling main.c...
compiling timer.c...
timer.c(9): error:  #144: a value of type "LPC_TIM_TypeDef *" cannot be used to initialize an entity of type "timerFunPtr"
timer.c(9): error:  #144: a value of type "int" cannot be used to initialize an entity of type "LPC_TIM_TypeDef *"
timer.c(9): warning:  #188-D: enumerated type mixed with another type
timer.c(10): error:  #144: a value of type "LPC_TIM_TypeDef *" cannot be used to initialize an entity of type "timerFunPtr"
timer.c(10): error:  #144: a value of type "int" cannot be used to initialize an entity of type "LPC_TIM_TypeDef *"
timer.c(10): warning:  #188-D: enumerated type mixed with another type
timer.c(11): error:  #144: a value of type "LPC_TIM_TypeDef *" cannot be used to initialize an entity of type "timerFunPtr"
timer.c(11): error:  #144: a value of type "int" cannot be used to initialize an entity of type "LPC_TIM_TypeDef *"
timer.c(11): warning:  #188-D: enumerated type mixed with another type
timer.c(12): error:  #144: a value of type "LPC_TIM_TypeDef *" cannot be used to initialize an entity of type "timerFunPtr"
timer.c(12): error:  #144: a value of type "int" cannot be used to initialize an entity of type "LPC_TIM_TypeDef *"
timer.c(12): warning:  #188-D: enumerated type mixed with another type
compiling system_LPC17xx.c...
Target not created
Build target 'Target 1'
assembling startup_LPC17xx.s...
compiling gpio.c...
compiling main.c...
compiling timer.c...
timer.c(9): error:  #67: expected a "}"
timer.c(10): warning:  #188-D: enumerated type mixed with another type
timer.c(10): error:  #144: a value of type "LPC_TIM_TypeDef *" cannot be used to initialize an entity of type "uint8_t"
timer.c(10): error:  #67: expected a "}"
timer.c(11): error:  #144: a value of type "LPC_TIM_TypeDef *" cannot be used to initialize an entity of type "timerFunPtr"
timer.c(11): error:  #144: a value of type "int" cannot be used to initialize an entity of type "LPC_TIM_TypeDef *"
timer.c(11): warning:  #188-D: enumerated type mixed with another type
timer.c(12): error:  #67: expected a "}"
compiling system_LPC17xx.c...
Target not created
Build target 'Target 1'
assembling startup_LPC17xx.s...
compiling gpio.c...
compiling main.c...
compiling timer.c...
compiling system_LPC17xx.c...
linking...
Program Size: Code=1856 RO-data=236 RW-data=52 ZI-data=612  
FromELF: creating hex file...
"TimerExample2.axf" - 0 Error(s), 0 Warning(s).
Build target 'Target 1'
assembling startup_LPC17xx.s...
compiling gpio.c...
compiling main.c...
compiling timer.c...
compiling system_LPC17xx.c...
linking...
Program Size: Code=1856 RO-data=236 RW-data=52 ZI-data=612  
FromELF: creating hex file...
"TimerExample2.axf" - 0 Error(s), 0 Warning(s).
Build target 'Target 1'
assembling startup_LPC17xx.s...
compiling gpio.c...
compiling main.c...
compiling timer.c...
compiling system_LPC17xx.c...
linking...
Program Size: Code=1856 RO-data=236 RW-data=52 ZI-data=612  
FromELF: creating hex file...
"TimerExample2.axf" - 0 Error(s), 0 Warning(s).
Build target 'Target 1'
assembling startup_LPC17xx.s...
compiling gpio.c...
compiling main.c...
compiling timer.c...
timer.c(277): warning:  #9-D: nested comment is not allowed
compiling system_LPC17xx.c...
linking...
Program Size: Code=1868 RO-data=236 RW-data=52 ZI-data=612  
FromELF: creating hex file...
"TimerExample2.axf" - 0 Error(s), 1 Warning(s).
Build target 'Target 1'
assembling startup_LPC17xx.s...
compiling gpio.c...
compiling main.c...
compiling timer.c...
compiling system_LPC17xx.c...
linking...
Program Size: Code=1868 RO-data=236 RW-data=52 ZI-data=612  
FromELF: creating hex file...
"TimerExample2.axf" - 0 Error(s), 0 Warning(s).
Build target 'Target 1'
assembling startup_LPC17xx.s...
compiling gpio.c...
compiling main.c...
main.c(28): warning:  #223-D: function "Timer_Init" declared implicitly
main.c(31): warning:  #223-D: function "Timer_AttachInterrupt" declared implicitly
main.c(34): warning:  #223-D: function "Timer_Start" declared implicitly
compiling timer.c...
compiling system_LPC17xx.c...
linking...
TimerExample2.axf: Error: L6218E: Undefined symbol Timer_AttachInterrupt (referred from main.o).
TimerExample2.axf: Error: L6218E: Undefined symbol Timer_Init (referred from main.o).
TimerExample2.axf: Error: L6218E: Undefined symbol Timer_Start (referred from main.o).
Target not created
Build target 'Target 1'
assembling startup_LPC17xx.s...
compiling gpio.c...
compiling main.c...
compiling timer.c...
compiling system_LPC17xx.c...
linking...
Program Size: Code=1868 RO-data=236 RW-data=52 ZI-data=612  
FromELF: creating hex file...
"TimerExample2.axf" - 0 Error(s), 0 Warning(s).
Build target 'Target 1'
assembling startup_LPC17xx.s...
compiling gpio.c...
compiling main.c...
compiling timer.c...
compiling system_LPC17xx.c...
linking...
Program Size: Code=1868 RO-data=236 RW-data=52 ZI-data=612  
FromELF: creating hex file...
"TimerExample2.axf" - 0 Error(s), 0 Warning(s).
Build target 'Target 1'
assembling startup_LPC17xx.s...
compiling gpio.c...
compiling main.c...
compiling timer.c...
compiling system_LPC17xx.c...
linking...
Program Size: Code=1868 RO-data=236 RW-data=52 ZI-data=612  
FromELF: creating hex file...
"TimerExample2.axf" - 0 Error(s), 0 Warning(s).
