<html>
<body>
<pre>
<h1>µVision Build Log</h1>
<h2>Project:</h2>
D:\work_space\Lpc1768_Boards\Lpc1768_BreakOut\Code\Led_Blinking\Led_Blinking.uvproj
Project File Date:  05/23/2015

<h2>Output:</h2>
Build target 'Target 1'
compiling delay.c...
compiling led_main.c...
led_main.c(55): warning:  #951-D: return type of function "main" must be "int"
compiling system_LPC17xx.c...
assembling startup_LPC17xx.s...
compiling gpio.c...
linking...
Program Size: Code=1020 RO-data=288 RW-data=4 ZI-data=612  
FromELF: creating hex file...
User command #1: fromelf --bin Led_Blinking.axf --output Led_Blinking.bin
"Led_Blinking.axf" - 0 Error(s), 1 Warning(s).
Build target 'Target 1'
compiling delay.c...
compiling led_main.c...
led_main.c(55): warning:  #951-D: return type of function "main" must be "int"
compiling system_LPC17xx.c...
assembling startup_LPC17xx.s...
compiling gpio.c...
linking...
Program Size: Code=1020 RO-data=288 RW-data=4 ZI-data=612  
FromELF: creating hex file...
User command #1: fromelf --bin Led_Blinking.axf --output Led_Blinking.bin
"Led_Blinking.axf" - 0 Error(s), 1 Warning(s).
Build target 'Target 1'
compiling delay.c...
compiling led_main.c...
led_main.c(53): warning:  #951-D: return type of function "main" must be "int"
compiling system_LPC17xx.c...
assembling startup_LPC17xx.s...
compiling gpio.c...
linking...
Program Size: Code=1020 RO-data=288 RW-data=4 ZI-data=612  
FromELF: creating hex file...
User command #1: fromelf --bin Led_Blinking.axf --output Led_Blinking.bin
"Led_Blinking.axf" - 0 Error(s), 1 Warning(s).
