<html>
<body>
<pre>
<h1>µVision Build Log</h1>
<h2>Project:</h2>
F:\GitHub\LPC1768\Explore-Cortex-M3-LPC1768-DVB-14001\Code\KeilExamples\13b-EINT_Edge_LevelTriggered\13b-EINT_Edge_Level.uvproj
Project File Date:  04/01/2016

<h2>Output:</h2>
Build target 'Target 1'
assembling startup_LPC17xx.s...
compiling main.c...
main.c(37): error:  #5: cannot open source input file "stdutils.h": No such file or directory
compiling extintr.c...
compiling gpio.c...
compiling lcd.c...
compiling softi2c.c...
compiling system_LPC17xx.c...
Target not created
Build target 'Target 1'
assembling startup_LPC17xx.s...
compiling main.c...
main.c(59): warning:  #223-D: function "LCD_SetUp" declared implicitly
main.c(60): warning:  #223-D: function "LCD_Init" declared implicitly
main.c(70): warning:  #223-D: function "LCD_GoToLine" declared implicitly
main.c(71): warning:  #223-D: function "LCD_Printf" declared implicitly
compiling extintr.c...
compiling gpio.c...
compiling lcd.c...
compiling softi2c.c...
compiling system_LPC17xx.c...
linking...
13b-EINT_Edge_Level.axf: Error: L6218E: Undefined symbol DELAY_ms (referred from lcd.o).
13b-EINT_Edge_Level.axf: Error: L6218E: Undefined symbol DELAY_us (referred from lcd.o).
Target not created
Build target 'Target 1'
assembling startup_LPC17xx.s...
compiling main.c...
compiling extintr.c...
compiling gpio.c...
compiling lcd.c...
compiling softi2c.c...
compiling system_LPC17xx.c...
linking...
13b-EINT_Edge_Level.axf: Error: L6218E: Undefined symbol DELAY_ms (referred from lcd.o).
13b-EINT_Edge_Level.axf: Error: L6218E: Undefined symbol DELAY_us (referred from lcd.o).
Target not created
Build target 'Target 1'
assembling startup_LPC17xx.s...
compiling main.c...
compiling extintr.c...
compiling gpio.c...
compiling lcd.c...
compiling softi2c.c...
compiling system_LPC17xx.c...
compiling delay.c...
linking...
Program Size: Code=5268 RO-data=236 RW-data=52 ZI-data=628  
FromELF: creating hex file...
User command #1: fromelf --bin 13b-EINT_Edge_Level.axf --output 13b-EINT_Edge_Level.bin
"13b-EINT_Edge_Level.axf" - 0 Error(s), 0 Warning(s).
Build target 'Target 1'
assembling startup_LPC17xx.s...
compiling main.c...
compiling extintr.c...
compiling gpio.c...
compiling lcd.c...
compiling softi2c.c...
compiling system_LPC17xx.c...
compiling delay.c...
linking...
Program Size: Code=5264 RO-data=236 RW-data=52 ZI-data=628  
FromELF: creating hex file...
User command #1: fromelf --bin 13b-EINT_Edge_Level.axf --output 13b-EINT_Edge_Level.bin
"13b-EINT_Edge_Level.axf" - 0 Error(s), 0 Warning(s).
Build target 'Target 1'
assembling startup_LPC17xx.s...
compiling main.c...
compiling extintr.c...
compiling gpio.c...
compiling lcd.c...
compiling softi2c.c...
compiling system_LPC17xx.c...
compiling delay.c...
linking...
Program Size: Code=5264 RO-data=236 RW-data=52 ZI-data=628  
FromELF: creating hex file...
User command #1: fromelf --bin 13b-EINT_Edge_Level.axf --output 13b-EINT_Edge_Level.bin
"13b-EINT_Edge_Level.axf" - 0 Error(s), 0 Warning(s).
Build target 'Target 1'
assembling startup_LPC17xx.s...
compiling main.c...
compiling extintr.c...
compiling gpio.c...
compiling lcd.c...
compiling softi2c.c...
compiling system_LPC17xx.c...
compiling delay.c...
linking...
Program Size: Code=5264 RO-data=236 RW-data=52 ZI-data=628  
FromELF: creating hex file...
User command #1: fromelf --bin 13b-EINT_Edge_Level.axf --output 13b-EINT_Edge_Level.bin
"13b-EINT_Edge_Level.axf" - 0 Error(s), 0 Warning(s).
