<html>
<body>
<pre>
<h1>µVision Build Log</h1>
<h2>Project:</h2>
G:\ExploreLpc1768_BreakOut\ExploreLpc1768_BreakOut\06a_UART_Tx_Char\06a_UART_Tx_Char.uvproj
Project File Date:  03/10/2016

<h2>Output:</h2>
Build target 'Target 1'
assembling startup_LPC17xx.s...
compiling main.c...
main.c(43): warning:  #69-D: integer conversion resulted in truncation
main.c(43): error:  #165: too few arguments in function call
main.c(47): error:  #165: too few arguments in function call
compiling delay.c...
compiling gpio.c...
compiling uart.c...
Target not created
compiling main.c...
main.c(43): warning:  #69-D: integer conversion resulted in truncation
main.c(43): error:  #165: too few arguments in function call
main.c(47): error:  #165: too few arguments in function call
main.c - 2 Error(s), 1 Warning(s).
Build target 'Target 1'
assembling startup_LPC17xx.s...
compiling main.c...
compiling delay.c...
compiling gpio.c...
compiling uart.c...
linking...
06a_UART_Tx_Char.axf: Error: L6218E: Undefined symbol SystemInit (referred from main.o).
06a_UART_Tx_Char.axf: Error: L6218E: Undefined symbol SystemCoreClock (referred from uart.o).
Target not created
compiling main.c...
main.c - 0 Error(s), 0 Warning(s).
Build target 'Target 1'
linking...
06a_UART_Tx_Char.axf: Error: L6218E: Undefined symbol SystemInit (referred from main.o).
06a_UART_Tx_Char.axf: Error: L6218E: Undefined symbol SystemCoreClock (referred from uart.o).
Target not created
compiling main.c...
main.c(47): error:  #165: too few arguments in function call
main.c - 1 Error(s), 0 Warning(s).
compiling main.c...
main.c - 0 Error(s), 0 Warning(s).
Build target 'Target 1'
linking...
06a_UART_Tx_Char.axf: Error: L6218E: Undefined symbol SystemInit (referred from main.o).
06a_UART_Tx_Char.axf: Error: L6218E: Undefined symbol SystemCoreClock (referred from uart.o).
Target not created
Build target 'Target 1'
compiling main.c...
linking...
06a_UART_Tx_Char.axf: Error: L6218E: Undefined symbol SystemInit (referred from main.o).
06a_UART_Tx_Char.axf: Error: L6218E: Undefined symbol SystemCoreClock (referred from uart.o).
Target not created
compiling main.c...
main.c - 0 Error(s), 0 Warning(s).
compiling main.c...
main.c - 0 Error(s), 0 Warning(s).
Build target 'Target 1'
linking...
06a_UART_Tx_Char.axf: Error: L6218E: Undefined symbol SystemInit (referred from main.o).
06a_UART_Tx_Char.axf: Error: L6218E: Undefined symbol SystemCoreClock (referred from uart.o).
Target not created
Build target 'Target 1'
compiling main.c...
linking...
06a_UART_Tx_Char.axf: Error: L6218E: Undefined symbol SystemInit (referred from main.o).
06a_UART_Tx_Char.axf: Error: L6218E: Undefined symbol SystemCoreClock (referred from uart.o).
Target not created
compiling main.c...
main.c - 0 Error(s), 0 Warning(s).
Build target 'Target 1'
linking...
06a_UART_Tx_Char.axf: Error: L6218E: Undefined symbol SystemInit (referred from main.o).
06a_UART_Tx_Char.axf: Error: L6218E: Undefined symbol SystemCoreClock (referred from uart.o).
Target not created
Build target 'Target 1'
compiling main.c...
compiling uart.c...
linking...
06a_UART_Tx_Char.axf: Error: L6218E: Undefined symbol SystemInit (referred from main.o).
06a_UART_Tx_Char.axf: Error: L6218E: Undefined symbol SystemCoreClock (referred from uart.o).
Target not created
Build target 'Target 1'
compiling main.c...
compiling system_LPC17xx.c...
linking...
Program Size: Code=3676 RO-data=268 RW-data=4 ZI-data=612  
User command #1: fromelf --bin 06a_UART_Tx_Char.axf --output 06a_UART_Tx_Char.bin
"06a_UART_Tx_Char.axf" - 0 Error(s), 0 Warning(s).
Build target 'Target 1'
assembling startup_LPC17xx.s...
compiling main.c...
compiling delay.c...
compiling gpio.c...
compiling uart.c...
compiling system_LPC17xx.c...
linking...
Program Size: Code=3676 RO-data=268 RW-data=4 ZI-data=612  
User command #1: fromelf --bin 06a_UART_Tx_Char.axf --output 06a_UART_Tx_Char.bin
"06a_UART_Tx_Char.axf" - 0 Error(s), 0 Warning(s).
Build target 'Target 1'
assembling startup_LPC17xx.s...
compiling main.c...
compiling delay.c...
compiling gpio.c...
compiling uart.c...
compiling system_LPC17xx.c...
linking...
Program Size: Code=3676 RO-data=268 RW-data=4 ZI-data=612  
User command #1: fromelf --bin 06a_UART_Tx_Char.axf --output 06a_UART_Tx_Char.bin
"06a_UART_Tx_Char.axf" - 0 Error(s), 0 Warning(s).
