<html>
<body>
<pre>
<h1>µVision Build Log</h1>
<h2>Project:</h2>
H:\Github\Explore-Cortex-M3-LPC1768-DVB-14001\Code\Lcd_8bit_usingLib\Lcd_8bit_usingLib.uvproj
Project File Date:  08/08/2015

<h2>Output:</h2>
Build target 'Target 1'
compiling delay.c...
compiling gpio.c...
compiling lcd.c...
lcd.c(679): warning:  #550-D: variable "var_floatNum_f32" was set but never used
compiling main.c...
main.c(6): warning:  #951-D: return type of function "main" must be "int"
compiling system_LPC17xx.c...
assembling startup_LPC17xx.s...
linking...
Program Size: Code=3192 RO-data=236 RW-data=12 ZI-data=628  
FromELF: creating hex file...
User command #1: fromelf --bin lcd_8bit_usinglib.axf --output  lcd_8bit_usinglib.bin
"Lcd_8bit_usingLib.axf" - 0 Error(s), 2 Warning(s).
