<html>
<body>
<pre>
<h1>µVision Build Log</h1>
<h2>Project:</h2>
F:\Tutorials_And_Codes\Lpc1768\KeillTutorialExamples\TimerExample1\TimerExample1.uvproj
Project File Date:  03/26/2016

<h2>Output:</h2>
compiling main.c...
main.c(26): error:  #136: struct "<unnamed>" has no field "MRO"
main.c(32): error:  #136: struct "<unnamed>" has no field "MRO"
main.c(41): warning:  #111-D: statement is unreachable
main.c(47): error:  #20: identifier "uint32t" is undefined
main.c(50): warning:  #223-D: function "IsrMask" declared implicitly
main.c(50): error:  #44: expression must have pointer type
main.c(58): error:  #20: identifier "uint32t" is undefined
main.c(61): warning:  #223-D: function "IsrMask" declared implicitly
main.c(61): error:  #44: expression must have pointer type
main.c(75): error:  #20: identifier "SystemCoreClock" is undefined
main.c(98): warning:  #1-D: last line of file ends without a newline
main.c - 7 Error(s), 4 Warning(s).
Build target 'Target 1'
assembling startup_LPC17xx.s...
compiling main.c...
main.c(26): error:  #136: struct "<unnamed>" has no field "MRO"
main.c(32): error:  #136: struct "<unnamed>" has no field "MRO"
main.c(41): warning:  #111-D: statement is unreachable
main.c(47): error:  #20: identifier "uint32t" is undefined
main.c(50): warning:  #223-D: function "IsrMask" declared implicitly
main.c(50): error:  #44: expression must have pointer type
main.c(58): error:  #20: identifier "uint32t" is undefined
main.c(61): warning:  #223-D: function "IsrMask" declared implicitly
main.c(61): error:  #44: expression must have pointer type
main.c(75): error:  #20: identifier "SystemCoreClock" is undefined
main.c(98): warning:  #1-D: last line of file ends without a newline
compiling system_LPC17xx.c...
Target not created
Build target 'Target 1'
assembling startup_LPC17xx.s...
compiling main.c...
main.c(28): error:  #136: struct "<unnamed>" has no field "MRO"
main.c(34): error:  #136: struct "<unnamed>" has no field "MRO"
main.c(43): warning:  #111-D: statement is unreachable
main.c(49): error:  #20: identifier "uint32t" is undefined
main.c(52): warning:  #223-D: function "IsrMask" declared implicitly
main.c(52): error:  #44: expression must have pointer type
main.c(60): error:  #20: identifier "uint32t" is undefined
main.c(63): warning:  #223-D: function "IsrMask" declared implicitly
main.c(63): error:  #44: expression must have pointer type
main.c(100): warning:  #1-D: last line of file ends without a newline
compiling system_LPC17xx.c...
Target not created
Build target 'Target 1'
assembling startup_LPC17xx.s...
compiling main.c...
main.c(28): error:  #136: struct "<unnamed>" has no field "MRO"
main.c(34): error:  #136: struct "<unnamed>" has no field "MRO"
main.c(43): warning:  #111-D: statement is unreachable
main.c(49): error:  #20: identifier "uint32t" is undefined
main.c(52): warning:  #223-D: function "IsrMask" declared implicitly
main.c(52): error:  #44: expression must have pointer type
main.c(63): warning:  #223-D: function "IsrMask" declared implicitly
main.c(63): error:  #44: expression must have pointer type
main.c(60): warning:  #550-D: variable "isrMask" was set but never used
main.c(100): warning:  #1-D: last line of file ends without a newline
compiling system_LPC17xx.c...
Target not created
Build target 'Target 1'
assembling startup_LPC17xx.s...
compiling main.c...
main.c(28): error:  #136: struct "<unnamed>" has no field "MRO"
main.c(34): error:  #136: struct "<unnamed>" has no field "MRO"
main.c(43): warning:  #111-D: statement is unreachable
main.c(49): error:  #20: identifier "uint32t" is undefined
main.c(63): error:  #109: expression must have (pointer-to-) function type
main.c(100): warning:  #1-D: last line of file ends without a newline
compiling system_LPC17xx.c...
Target not created
Build target 'Target 1'
assembling startup_LPC17xx.s...
compiling main.c...
main.c(51): error:  #109: expression must have (pointer-to-) function type
main.c(62): error:  #109: expression must have (pointer-to-) function type
main.c(99): warning:  #1-D: last line of file ends without a newline
compiling system_LPC17xx.c...
Target not created
Build target 'Target 1'
assembling startup_LPC17xx.s...
compiling main.c...
main.c(99): warning:  #1-D: last line of file ends without a newline
compiling system_LPC17xx.c...
linking...
Program Size: Code=620 RO-data=236 RW-data=4 ZI-data=612  
"TimerExample1.axf" - 0 Error(s), 1 Warning(s).
Build target 'Target 1'
assembling startup_LPC17xx.s...
compiling main.c...
compiling system_LPC17xx.c...
linking...
Program Size: Code=620 RO-data=236 RW-data=4 ZI-data=612  
"TimerExample1.axf" - 0 Error(s), 0 Warning(s).
Build target 'Target 1'
assembling startup_LPC17xx.s...
compiling main.c...
compiling system_LPC17xx.c...
linking...
Program Size: Code=1284 RO-data=236 RW-data=4 ZI-data=612  
"TimerExample1.axf" - 0 Error(s), 0 Warning(s).
Build target 'Target 1'
assembling startup_LPC17xx.s...
compiling main.c...
compiling system_LPC17xx.c...
linking...
Program Size: Code=1284 RO-data=236 RW-data=4 ZI-data=612  
FromELF: creating hex file...
"TimerExample1.axf" - 0 Error(s), 0 Warning(s).
Build target 'Target 1'
assembling startup_LPC17xx.s...
compiling main.c...
compiling system_LPC17xx.c...
linking...
Program Size: Code=1284 RO-data=236 RW-data=4 ZI-data=612  
FromELF: creating hex file...
"TimerExample1.axf" - 0 Error(s), 0 Warning(s).
Build target 'Target 1'
assembling startup_LPC17xx.s...
compiling main.c...
compiling system_LPC17xx.c...
linking...
Program Size: Code=1284 RO-data=236 RW-data=4 ZI-data=612  
FromELF: creating hex file...
"TimerExample1.axf" - 0 Error(s), 0 Warning(s).
Build target 'Target 1'
assembling startup_LPC17xx.s...
compiling main.c...
main.c(31): warning:  #223-D: function "getPrescalarForUs" declared implicitly
compiling system_LPC17xx.c...
linking...
TimerExample1.axf: Error: L6218E: Undefined symbol getPrescalarForUs (referred from main.o).
Target not created
Build target 'Target 1'
assembling startup_LPC17xx.s...
compiling main.c...
main.c(37): warning:  #223-D: function "getPrescalarForMs" declared implicitly
compiling system_LPC17xx.c...
linking...
TimerExample1.axf: Error: L6218E: Undefined symbol getPrescalarForMs (referred from main.o).
Target not created
Build target 'Target 1'
assembling startup_LPC17xx.s...
compiling main.c...
compiling system_LPC17xx.c...
linking...
Program Size: Code=1304 RO-data=236 RW-data=4 ZI-data=612  
FromELF: creating hex file...
"TimerExample1.axf" - 0 Error(s), 0 Warning(s).
Build target 'Target 1'
assembling startup_LPC17xx.s...
compiling main.c...
compiling system_LPC17xx.c...
linking...
Program Size: Code=1304 RO-data=236 RW-data=4 ZI-data=612  
FromELF: creating hex file...
"TimerExample1.axf" - 0 Error(s), 0 Warning(s).
