<html>
<body>
<pre>
<h1>µVision Build Log</h1>
<h2>Project:</h2>
F:\GitHub\LPC1768\Explore-Cortex-M3-LPC1768-DVB-14001\Code\KeilTutorialExamples\SwitchLed_Example1\SwitchLed_Example1.uvproj
Project File Date:  03/31/2016

<h2>Output:</h2>
Build target 'Target 1'
assembling startup_LPC17xx.s...
compiling main.c...
main.c(7): warning:  #951-D: return type of function "main" must be "int"
main.c(12): error:  #29: expected an expression
main.c(30): warning:  #1-D: last line of file ends without a newline
compiling system_LPC17xx.c...
Target not created
Build target 'Target 1'
assembling startup_LPC17xx.s...
compiling main.c...
main.c(12): error:  #29: expected an expression
compiling system_LPC17xx.c...
Target not created
Build target 'Target 1'
assembling startup_LPC17xx.s...
compiling main.c...
compiling system_LPC17xx.c...
linking...
Program Size: Code=1072 RO-data=360 RW-data=4 ZI-data=612  
"SwitchLed_Example1.axf" - 0 Error(s), 0 Warning(s).
Build target 'Target 1'
assembling startup_LPC17xx.s...
compiling main.c...
compiling system_LPC17xx.c...
linking...
Program Size: Code=1072 RO-data=360 RW-data=4 ZI-data=612  
"SwitchLed_Example1.axf" - 0 Error(s), 0 Warning(s).
Build target 'Target 1'
assembling startup_LPC17xx.s...
compiling main.c...
compiling system_LPC17xx.c...
linking...
Program Size: Code=1072 RO-data=360 RW-data=4 ZI-data=612  
"SwitchLed_Example1.axf" - 0 Error(s), 0 Warning(s).
Build target 'Target 1'
assembling startup_LPC17xx.s...
compiling main.c...
compiling system_LPC17xx.c...
linking...
Program Size: Code=1072 RO-data=360 RW-data=4 ZI-data=612  
FromELF: creating hex file...
"SwitchLed_Example1.axf" - 0 Error(s), 0 Warning(s).
Build target 'Target 1'
assembling startup_LPC17xx.s...
compiling main.c...
compiling system_LPC17xx.c...
linking...
Program Size: Code=1072 RO-data=360 RW-data=4 ZI-data=612  
FromELF: creating hex file...
"SwitchLed_Example1.axf" - 0 Error(s), 0 Warning(s).
Build target 'Target 1'
assembling startup_LPC17xx.s...
compiling main.c...
compiling system_LPC17xx.c...
linking...
Program Size: Code=1072 RO-data=360 RW-data=4 ZI-data=612  
FromELF: creating hex file...
"SwitchLed_Example1.axf" - 0 Error(s), 0 Warning(s).
