<html>
<body>
<pre>
<h1>µVision Build Log</h1>
<h2>Project:</h2>
G:\ExploreLpc1768_BreakOut\ExploreLpc1768_BreakOut\07c-ADC_LM35_TempSensor\07c-ADC_LM35_TempSensor.uvproj
Project File Date:  03/10/2016

<h2>Output:</h2>
Build target 'Target 1'
assembling startup_LPC17xx.s...
compiling main.c...
main.c(36): error:  #5: cannot open source input file "adc.h": No such file or directory
compiling delay.c...
compiling gpio.c...
compiling system_LPC17xx.c...
compiling uart.c...
compiling adc.c...
..\00-libfiles\adc.c(111): warning:  #61-D: integer operation result is out of range
..\00-libfiles\adc.c(111): warning:  #68-D: integer conversion resulted in a change of sign
Target not created
Build target 'Target 1'
assembling startup_LPC17xx.s...
compiling main.c...
main.c(48): warning:  #69-D: integer conversion resulted in truncation
main.c(48): error:  #165: too few arguments in function call
main.c(60): error:  #167: argument of type "char *" is incompatible with parameter of type "uint8_t"
main.c(60): error:  #167: argument of type "int" is incompatible with parameter of type "const char *"
main.c(63): warning:  #111-D: statement is unreachable
compiling delay.c...
compiling gpio.c...
compiling system_LPC17xx.c...
compiling uart.c...
compiling adc.c...
..\00-libfiles\adc.c(111): warning:  #61-D: integer operation result is out of range
..\00-libfiles\adc.c(111): warning:  #68-D: integer conversion resulted in a change of sign
Target not created
Build target 'Target 1'
assembling startup_LPC17xx.s...
compiling main.c...
main.c(63): warning:  #111-D: statement is unreachable
compiling delay.c...
compiling gpio.c...
compiling system_LPC17xx.c...
compiling uart.c...
compiling adc.c...
..\00-libfiles\adc.c(111): warning:  #61-D: integer operation result is out of range
..\00-libfiles\adc.c(111): warning:  #68-D: integer conversion resulted in a change of sign
linking...
Program Size: Code=4900 RO-data=284 RW-data=4 ZI-data=612  
User command #1: fromelf --bin 07c-ADC_LM35_TempSensor.axf --output 07c-ADC_LM35_TempSensor.bin
"07c-ADC_LM35_TempSensor.axf" - 0 Error(s), 3 Warning(s).
Build target 'Target 1'
assembling startup_LPC17xx.s...
compiling main.c...
compiling delay.c...
compiling gpio.c...
compiling system_LPC17xx.c...
compiling uart.c...
compiling adc.c...
..\00-libfiles\adc.c(111): warning:  #61-D: integer operation result is out of range
..\00-libfiles\adc.c(111): warning:  #68-D: integer conversion resulted in a change of sign
linking...
Program Size: Code=4900 RO-data=284 RW-data=4 ZI-data=612  
User command #1: fromelf --bin 07c-ADC_LM35_TempSensor.axf --output 07c-ADC_LM35_TempSensor.bin
"07c-ADC_LM35_TempSensor.axf" - 0 Error(s), 2 Warning(s).
Build target 'Target 1'
assembling startup_LPC17xx.s...
compiling main.c...
compiling delay.c...
compiling gpio.c...
compiling system_LPC17xx.c...
compiling uart.c...
compiling adc.c...
..\00-libfiles\adc.c(111): warning:  #61-D: integer operation result is out of range
..\00-libfiles\adc.c(111): warning:  #68-D: integer conversion resulted in a change of sign
linking...
Program Size: Code=4900 RO-data=284 RW-data=4 ZI-data=612  
User command #1: fromelf --bin 07c-ADC_LM35_TempSensor.axf --output 07c-ADC_LM35_TempSensor.bin
"07c-ADC_LM35_TempSensor.axf" - 0 Error(s), 2 Warning(s).
