<html>
<body>
<pre>
<h1>µVision Build Log</h1>
<h2>Project:</h2>
D:\work_space\Lpc1768_Boards\Lpc1768_BreakOut\Code\Adc_Lib\Adc_lib_Usage.uvproj
Project File Date:  05/26/2015

<h2>Output:</h2>
Build target 'Target 1'
compiling adc.c...
adc.c(111): warning:  #61-D: integer operation result is out of range
adc.c(111): warning:  #68-D: integer conversion resulted in a change of sign
compiling delay.c...
compiling gpio.c...
compiling lcd.c...
compiling main.c...
main.c(7): warning:  #951-D: return type of function "main" must be "int"
main.c(15): error:  #20: identifier "P1_NC" is undefined
compiling system_LPC17xx.c...
assembling startup_LPC17xx.s...
Target not created
Build target 'Target 1'
compiling adc.c...
adc.c(111): warning:  #61-D: integer operation result is out of range
adc.c(111): warning:  #68-D: integer conversion resulted in a change of sign
compiling delay.c...
compiling gpio.c...
compiling lcd.c...
compiling main.c...
main.c(7): warning:  #951-D: return type of function "main" must be "int"
compiling system_LPC17xx.c...
assembling startup_LPC17xx.s...
linking...
Program Size: Code=5974 RO-data=254 RW-data=12 ZI-data=628  
FromELF: creating hex file...
"Adc_lib_Usage.axf" - 0 Error(s), 3 Warning(s).
Build target 'Target 1'
compiling adc.c...
adc.c(111): warning:  #61-D: integer operation result is out of range
adc.c(111): warning:  #68-D: integer conversion resulted in a change of sign
compiling delay.c...
compiling gpio.c...
compiling lcd.c...
compiling main.c...
main.c(7): warning:  #951-D: return type of function "main" must be "int"
compiling system_LPC17xx.c...
assembling startup_LPC17xx.s...
linking...
Program Size: Code=5974 RO-data=254 RW-data=12 ZI-data=628  
FromELF: creating hex file...
"Adc_lib_Usage.axf" - 0 Error(s), 3 Warning(s).
Build target 'Target 1'
compiling adc.c...
adc.c(111): warning:  #61-D: integer operation result is out of range
adc.c(111): warning:  #68-D: integer conversion resulted in a change of sign
compiling delay.c...
compiling gpio.c...
compiling lcd.c...
compiling main.c...
main.c(7): warning:  #951-D: return type of function "main" must be "int"
compiling system_LPC17xx.c...
assembling startup_LPC17xx.s...
linking...
Program Size: Code=5974 RO-data=254 RW-data=12 ZI-data=628  
FromELF: creating hex file...
User command #1: fromelf --bin Adc_Lib.axf --output  Adc_Lib.bin
"Adc_Lib.axf": Error: Q0122E: Could not open file 'Adc_Lib.axf': No such file or directory
Finished: 0 information, 0 warning and 1 error messages.
"Adc_lib_Usage.axf" - 0 Error(s), 3 Warning(s).
Build target 'Target 1'
compiling adc.c...
adc.c(111): warning:  #61-D: integer operation result is out of range
adc.c(111): warning:  #68-D: integer conversion resulted in a change of sign
compiling delay.c...
compiling gpio.c...
compiling lcd.c...
compiling main.c...
main.c(7): warning:  #951-D: return type of function "main" must be "int"
compiling system_LPC17xx.c...
assembling startup_LPC17xx.s...
linking...
Program Size: Code=5974 RO-data=254 RW-data=12 ZI-data=628  
FromELF: creating hex file...
User command #1: fromelf --bin Adc_lib_Usage.axf --output  Adc_lib_Usage.bin
"Adc_lib_Usage.axf" - 0 Error(s), 3 Warning(s).
Build target 'Target 1'
compiling adc.c...
adc.c(111): warning:  #61-D: integer operation result is out of range
adc.c(111): warning:  #68-D: integer conversion resulted in a change of sign
compiling delay.c...
compiling gpio.c...
compiling lcd.c...
compiling main.c...
main.c(7): warning:  #951-D: return type of function "main" must be "int"
compiling system_LPC17xx.c...
assembling startup_LPC17xx.s...
linking...
Program Size: Code=5994 RO-data=254 RW-data=12 ZI-data=628  
FromELF: creating hex file...
User command #1: fromelf --bin Adc_lib_Usage.axf --output  Adc_lib_Usage.bin
"Adc_lib_Usage.axf" - 0 Error(s), 3 Warning(s).
Build target 'Target 1'
compiling adc.c...
adc.c(111): warning:  #61-D: integer operation result is out of range
adc.c(111): warning:  #68-D: integer conversion resulted in a change of sign
compiling delay.c...
compiling gpio.c...
compiling lcd.c...
compiling main.c...
main.c(7): warning:  #951-D: return type of function "main" must be "int"
main.c(23): warning:  #111-D: statement is unreachable
compiling system_LPC17xx.c...
assembling startup_LPC17xx.s...
linking...
Program Size: Code=4802 RO-data=254 RW-data=12 ZI-data=628  
FromELF: creating hex file...
User command #1: fromelf --bin Adc_lib_Usage.axf --output  Adc_lib_Usage.bin
"Adc_lib_Usage.axf" - 0 Error(s), 4 Warning(s).
Build target 'Target 1'
compiling adc.c...
adc.c(111): warning:  #61-D: integer operation result is out of range
adc.c(111): warning:  #68-D: integer conversion resulted in a change of sign
compiling delay.c...
compiling gpio.c...
compiling lcd.c...
compiling main.c...
main.c(7): warning:  #951-D: return type of function "main" must be "int"
compiling system_LPC17xx.c...
assembling startup_LPC17xx.s...
linking...
Program Size: Code=5974 RO-data=254 RW-data=12 ZI-data=628  
FromELF: creating hex file...
User command #1: fromelf --bin Adc_lib_Usage.axf --output  Adc_lib_Usage.bin
"Adc_lib_Usage.axf" - 0 Error(s), 3 Warning(s).
Build target 'Target 1'
compiling adc.c...
adc.c(111): warning:  #61-D: integer operation result is out of range
adc.c(111): warning:  #68-D: integer conversion resulted in a change of sign
compiling delay.c...
compiling gpio.c...
compiling lcd.c...
compiling main.c...
main.c(7): warning:  #951-D: return type of function "main" must be "int"
compiling system_LPC17xx.c...
assembling startup_LPC17xx.s...
linking...
Program Size: Code=6006 RO-data=254 RW-data=12 ZI-data=628  
FromELF: creating hex file...
User command #1: fromelf --bin Adc_lib_Usage.axf --output  Adc_lib_Usage.bin
"Adc_lib_Usage.axf" - 0 Error(s), 3 Warning(s).
Build target 'Target 1'
compiling adc.c...
adc.c(111): warning:  #61-D: integer operation result is out of range
adc.c(111): warning:  #68-D: integer conversion resulted in a change of sign
compiling delay.c...
compiling gpio.c...
compiling lcd.c...
compiling main.c...
main.c(7): warning:  #951-D: return type of function "main" must be "int"
main.c(25): warning:  #111-D: statement is unreachable
compiling system_LPC17xx.c...
assembling startup_LPC17xx.s...
linking...
Program Size: Code=4818 RO-data=254 RW-data=12 ZI-data=628  
FromELF: creating hex file...
User command #1: fromelf --bin Adc_lib_Usage.axf --output  Adc_lib_Usage.bin
"Adc_lib_Usage.axf" - 0 Error(s), 4 Warning(s).
Build target 'Target 1'
compiling adc.c...
adc.c(111): warning:  #61-D: integer operation result is out of range
adc.c(111): warning:  #68-D: integer conversion resulted in a change of sign
compiling delay.c...
compiling gpio.c...
compiling lcd.c...
compiling main.c...
main.c(7): warning:  #951-D: return type of function "main" must be "int"
main.c(26): warning:  #111-D: statement is unreachable
compiling system_LPC17xx.c...
assembling startup_LPC17xx.s...
linking...
Program Size: Code=4826 RO-data=254 RW-data=12 ZI-data=628  
FromELF: creating hex file...
User command #1: fromelf --bin Adc_lib_Usage.axf --output  Adc_lib_Usage.bin
"Adc_lib_Usage.axf" - 0 Error(s), 4 Warning(s).
Build target 'Target 1'
compiling adc.c...
adc.c(111): warning:  #61-D: integer operation result is out of range
adc.c(111): warning:  #68-D: integer conversion resulted in a change of sign
compiling delay.c...
compiling gpio.c...
compiling lcd.c...
compiling main.c...
main.c(7): warning:  #951-D: return type of function "main" must be "int"
compiling system_LPC17xx.c...
assembling startup_LPC17xx.s...
linking...
Program Size: Code=5966 RO-data=254 RW-data=12 ZI-data=628  
FromELF: creating hex file...
User command #1: fromelf --bin Adc_lib_Usage.axf --output  Adc_lib_Usage.bin
"Adc_lib_Usage.axf" - 0 Error(s), 3 Warning(s).
Build target 'Target 1'
compiling adc.c...
adc.c(111): warning:  #61-D: integer operation result is out of range
adc.c(111): warning:  #68-D: integer conversion resulted in a change of sign
compiling delay.c...
compiling gpio.c...
compiling lcd.c...
compiling main.c...
main.c(7): warning:  #951-D: return type of function "main" must be "int"
compiling system_LPC17xx.c...
assembling startup_LPC17xx.s...
linking...
Program Size: Code=5966 RO-data=254 RW-data=12 ZI-data=628  
FromELF: creating hex file...
User command #1: fromelf --bin Adc_lib_Usage.axf --output  Adc_lib_Usage.bin
"Adc_lib_Usage.axf" - 0 Error(s), 3 Warning(s).
