ARM Linker, 4.1 [Build 561] [Evaluation]

==============================================================================

Section Cross References

    adc.o(.text) refers to gpio.o(.text) for GPIO_PinFunction
    adc.o(.text) refers to delay.o(.text) for DELAY_us
    adc.o(.text) refers to system_lpc17xx.o(.data) for SystemFrequency
    adc.o(.text) refers to adc.o(.constdata) for STR_AdcConfig
    lcd.o(.text) refers to gpio.o(.text) for GPIO_PinDirection
    lcd.o(.text) refers to delay.o(.text) for DELAY_us
    lcd.o(.text) refers to lcd.o(.bss) for STR_LCDConfig
    lcd.o(.text) refers to lcd.o(.data) for VAR_LcdTrackCursorPos_U8
    lcd.o(.text) refers to dfixu.o(x$fpl$dfixu) for __aeabi_d2uiz
    lcd.o(.text) refers to dflt_clz.o(x$fpl$dfltu) for __aeabi_ui2d
    lcd.o(.text) refers to daddsub_clz.o(x$fpl$drsb) for __aeabi_drsub
    lcd.o(.text) refers to dmul.o(x$fpl$dmul) for __aeabi_dmul
    main.o(.text) refers to system_lpc17xx.o(.text) for SystemInit
    main.o(.text) refers to lcd.o(.text) for LCD_SetUp
    main.o(.text) refers to adc.o(.text) for ADC_Init
    main.o(.text) refers to dflt_clz.o(x$fpl$dfltu) for __aeabi_ui2d
    main.o(.text) refers to ddiv.o(x$fpl$ddiv) for __aeabi_ddiv
    main.o(.text) refers to dfixu.o(x$fpl$dfixu) for __aeabi_d2uiz
    main.o(.text) refers to dmul.o(x$fpl$dmul) for __aeabi_dmul
    main.o(.text) refers to d2f.o(x$fpl$d2f) for __aeabi_d2f
    main.o(.text) refers to f2d.o(x$fpl$f2d) for __aeabi_f2d
    system_lpc17xx.o(.text) refers to system_lpc17xx.o(.data) for SystemFrequency
    startup_lpc17xx.o(STACK) refers (Special) to heapauxi.o(.text) for __use_two_region_memory
    startup_lpc17xx.o(HEAP) refers (Special) to heapauxi.o(.text) for __use_two_region_memory
    startup_lpc17xx.o(RESET) refers (Special) to heapauxi.o(.text) for __use_two_region_memory
    startup_lpc17xx.o(RESET) refers to startup_lpc17xx.o(STACK) for __initial_sp
    startup_lpc17xx.o(RESET) refers to startup_lpc17xx.o(.text) for Reset_Handler
    startup_lpc17xx.o(.ARM.__at_0x02FC) refers (Special) to heapauxi.o(.text) for __use_two_region_memory
    startup_lpc17xx.o(.text) refers (Special) to heapauxi.o(.text) for __use_two_region_memory
    startup_lpc17xx.o(.text) refers to __main.o(!!!main) for __main
    startup_lpc17xx.o(.text) refers to startup_lpc17xx.o(HEAP) for Heap_Mem
    startup_lpc17xx.o(.text) refers to startup_lpc17xx.o(STACK) for Stack_Mem
    __main.o(!!!main) refers to rtentry.o(.ARM.Collect$$rtentry$$00000000) for __rt_entry
    d2f.o(x$fpl$d2f) refers (Special) to usenofp.o(x$fpl$usenofp) for __I$use$fp
    d2f.o(x$fpl$d2f) refers to fretinf.o(x$fpl$fretinf) for __fpl_fretinf
    d2f.o(x$fpl$d2f) refers to dnaninf.o(x$fpl$dnaninf) for __fpl_dnaninf
    daddsub_clz.o(x$fpl$dadd) refers (Special) to usenofp.o(x$fpl$usenofp) for __I$use$fp
    daddsub_clz.o(x$fpl$dadd) refers to daddsub_clz.o(x$fpl$dsub) for _dsub1
    daddsub_clz.o(x$fpl$dadd) refers to dretinf.o(x$fpl$dretinf) for __fpl_dretinf
    daddsub_clz.o(x$fpl$dadd) refers to dnaninf.o(x$fpl$dnaninf) for __fpl_dnaninf
    daddsub_clz.o(x$fpl$drsb) refers (Special) to usenofp.o(x$fpl$usenofp) for __I$use$fp
    daddsub_clz.o(x$fpl$drsb) refers to daddsub_clz.o(x$fpl$dadd) for _dadd1
    daddsub_clz.o(x$fpl$drsb) refers to daddsub_clz.o(x$fpl$dsub) for _dsub1
    daddsub_clz.o(x$fpl$dsub) refers (Special) to usenofp.o(x$fpl$usenofp) for __I$use$fp
    daddsub_clz.o(x$fpl$dsub) refers to daddsub_clz.o(x$fpl$dadd) for _dadd1
    daddsub_clz.o(x$fpl$dsub) refers to dnaninf.o(x$fpl$dnaninf) for __fpl_dnaninf
    ddiv.o(x$fpl$drdiv) refers (Special) to usenofp.o(x$fpl$usenofp) for __I$use$fp
    ddiv.o(x$fpl$drdiv) refers to ddiv.o(x$fpl$ddiv) for ddiv_entry
    ddiv.o(x$fpl$ddiv) refers (Special) to usenofp.o(x$fpl$usenofp) for __I$use$fp
    ddiv.o(x$fpl$ddiv) refers to dretinf.o(x$fpl$dretinf) for __fpl_dretinf
    ddiv.o(x$fpl$ddiv) refers to dnaninf.o(x$fpl$dnaninf) for __fpl_dnaninf
    dfixu.o(x$fpl$dfixu) refers (Special) to usenofp.o(x$fpl$usenofp) for __I$use$fp
    dfixu.o(x$fpl$dfixu) refers to dnaninf.o(x$fpl$dnaninf) for __fpl_dnaninf
    dfixu.o(x$fpl$dfixur) refers (Special) to usenofp.o(x$fpl$usenofp) for __I$use$fp
    dfixu.o(x$fpl$dfixur) refers to dnaninf.o(x$fpl$dnaninf) for __fpl_dnaninf
    dflt_clz.o(x$fpl$dfltu) refers (Special) to usenofp.o(x$fpl$usenofp) for __I$use$fp
    dflt_clz.o(x$fpl$dflt) refers (Special) to usenofp.o(x$fpl$usenofp) for __I$use$fp
    dflt_clz.o(x$fpl$dfltn) refers (Special) to usenofp.o(x$fpl$usenofp) for __I$use$fp
    dmul.o(x$fpl$dmul) refers (Special) to usenofp.o(x$fpl$usenofp) for __I$use$fp
    dmul.o(x$fpl$dmul) refers to dretinf.o(x$fpl$dretinf) for __fpl_dretinf
    dmul.o(x$fpl$dmul) refers to dnaninf.o(x$fpl$dnaninf) for __fpl_dnaninf
    f2d.o(x$fpl$f2d) refers (Special) to usenofp.o(x$fpl$usenofp) for __I$use$fp
    f2d.o(x$fpl$f2d) refers to fnaninf.o(x$fpl$fnaninf) for __fpl_fnaninf
    f2d.o(x$fpl$f2d) refers to dretinf.o(x$fpl$dretinf) for __fpl_dretinf
    rtentry.o(.ARM.Collect$$rtentry$$00000000) refers (Special) to rtentry2.o(.ARM.Collect$$rtentry$$0000000A) for __rt_entry_li
    rtentry.o(.ARM.Collect$$rtentry$$00000000) refers (Special) to rtentry2.o(.ARM.Collect$$rtentry$$0000000D) for __rt_entry_main
    rtentry.o(.ARM.Collect$$rtentry$$00000000) refers (Special) to rtentry2.o(.ARM.Collect$$rtentry$$0000000C) for __rt_entry_postli_1
    rtentry.o(.ARM.Collect$$rtentry$$00000000) refers (Special) to rtentry2.o(.ARM.Collect$$rtentry$$00000009) for __rt_entry_postsh_1
    rtentry.o(.ARM.Collect$$rtentry$$00000000) refers (Special) to rtentry2.o(.ARM.Collect$$rtentry$$00000002) for __rt_entry_presh_1
    rtentry.o(.ARM.Collect$$rtentry$$00000000) refers (Special) to rtentry4.o(.ARM.Collect$$rtentry$$00000004) for __rt_entry_sh
    rtentry.o(.ARM.exidx) refers (Special) to rtentry2.o(.ARM.Collect$$rtentry$$0000000A) for __rt_entry_li
    rtentry.o(.ARM.exidx) refers (Special) to rtentry2.o(.ARM.Collect$$rtentry$$0000000D) for __rt_entry_main
    rtentry.o(.ARM.exidx) refers (Special) to rtentry2.o(.ARM.Collect$$rtentry$$0000000C) for __rt_entry_postli_1
    rtentry.o(.ARM.exidx) refers (Special) to rtentry2.o(.ARM.Collect$$rtentry$$00000009) for __rt_entry_postsh_1
    rtentry.o(.ARM.exidx) refers (Special) to rtentry2.o(.ARM.Collect$$rtentry$$00000002) for __rt_entry_presh_1
    rtentry.o(.ARM.exidx) refers (Special) to rtentry4.o(.ARM.Collect$$rtentry$$00000004) for __rt_entry_sh
    rtentry.o(.ARM.exidx) refers to rtentry.o(.ARM.Collect$$rtentry$$00000000) for .ARM.Collect$$rtentry$$00000000
    dnaninf.o(x$fpl$dnaninf) refers (Special) to usenofp.o(x$fpl$usenofp) for __I$use$fp
    dretinf.o(x$fpl$dretinf) refers (Special) to usenofp.o(x$fpl$usenofp) for __I$use$fp
    fnaninf.o(x$fpl$fnaninf) refers (Special) to usenofp.o(x$fpl$usenofp) for __I$use$fp
    fretinf.o(x$fpl$fretinf) refers (Special) to usenofp.o(x$fpl$usenofp) for __I$use$fp
    rtentry2.o(.ARM.Collect$$rtentry$$00000008) refers to boardinit2.o(.text) for _platform_post_stackheap_init
    rtentry2.o(.ARM.Collect$$rtentry$$0000000A) refers to libinit.o(.ARM.Collect$$libinit$$00000000) for __rt_lib_init
    rtentry2.o(.ARM.Collect$$rtentry$$0000000B) refers to boardinit3.o(.text) for _platform_post_lib_init
    rtentry2.o(.ARM.Collect$$rtentry$$0000000D) refers to main.o(.text) for main
    rtentry2.o(.ARM.Collect$$rtentry$$0000000D) refers to exit.o(.text) for exit
    rtentry2.o(.ARM.exidx) refers to rtentry2.o(.ARM.Collect$$rtentry$$00000001) for .ARM.Collect$$rtentry$$00000001
    rtentry2.o(.ARM.exidx) refers to rtentry2.o(.ARM.Collect$$rtentry$$00000002) for .ARM.Collect$$rtentry$$00000002
    rtentry2.o(.ARM.exidx) refers to rtentry2.o(.ARM.Collect$$rtentry$$00000008) for .ARM.Collect$$rtentry$$00000008
    rtentry2.o(.ARM.exidx) refers to rtentry2.o(.ARM.Collect$$rtentry$$00000009) for .ARM.Collect$$rtentry$$00000009
    rtentry2.o(.ARM.exidx) refers to rtentry2.o(.ARM.Collect$$rtentry$$0000000A) for .ARM.Collect$$rtentry$$0000000A
    rtentry2.o(.ARM.exidx) refers to rtentry2.o(.ARM.Collect$$rtentry$$0000000B) for .ARM.Collect$$rtentry$$0000000B
    rtentry2.o(.ARM.exidx) refers to rtentry2.o(.ARM.Collect$$rtentry$$0000000C) for .ARM.Collect$$rtentry$$0000000C
    rtentry2.o(.ARM.exidx) refers to rtentry2.o(.ARM.Collect$$rtentry$$0000000D) for .ARM.Collect$$rtentry$$0000000D
    rtentry4.o(.ARM.Collect$$rtentry$$00000004) refers to sys_stackheap_outer.o(.text) for __user_setup_stackheap
    rtentry4.o(.ARM.exidx) refers to rtentry4.o(.ARM.Collect$$rtentry$$00000004) for .ARM.Collect$$rtentry$$00000004
    sys_stackheap_outer.o(.text) refers to libspace.o(.text) for __user_perproc_libspace
    sys_stackheap_outer.o(.text) refers to startup_lpc17xx.o(.text) for __user_initial_stackheap
    exit.o(.text) refers to rtexit.o(.ARM.Collect$$rtexit$$00000000) for __rt_exit
    libinit.o(.ARM.Collect$$libinit$$00000000) refers (Special) to libinit2.o(.ARM.Collect$$libinit$$0000002A) for __rt_lib_init_alloca_1
    libinit.o(.ARM.Collect$$libinit$$00000000) refers (Special) to libinit2.o(.ARM.Collect$$libinit$$00000028) for __rt_lib_init_argv_1
    libinit.o(.ARM.Collect$$libinit$$00000000) refers (Special) to libinit2.o(.ARM.Collect$$libinit$$00000017) for __rt_lib_init_atexit_1
    libinit.o(.ARM.Collect$$libinit$$00000000) refers (Special) to libinit2.o(.ARM.Collect$$libinit$$0000001D) for __rt_lib_init_clock_1
    libinit.o(.ARM.Collect$$libinit$$00000000) refers (Special) to libinit2.o(.ARM.Collect$$libinit$$0000002E) for __rt_lib_init_cpp_1
    libinit.o(.ARM.Collect$$libinit$$00000000) refers (Special) to libinit2.o(.ARM.Collect$$libinit$$0000002C) for __rt_lib_init_exceptions_1
    libinit.o(.ARM.Collect$$libinit$$00000000) refers (Special) to libinit2.o(.ARM.Collect$$libinit$$0000001B) for __rt_lib_init_fp_trap_1
    libinit.o(.ARM.Collect$$libinit$$00000000) refers (Special) to libinit2.o(.ARM.Collect$$libinit$$0000001F) for __rt_lib_init_getenv_1
    libinit.o(.ARM.Collect$$libinit$$00000000) refers (Special) to libinit2.o(.ARM.Collect$$libinit$$00000006) for __rt_lib_init_heap_1
    libinit.o(.ARM.Collect$$libinit$$00000000) refers (Special) to libinit2.o(.ARM.Collect$$libinit$$0000000D) for __rt_lib_init_lc_collate_1
    libinit.o(.ARM.Collect$$libinit$$00000000) refers (Special) to libinit2.o(.ARM.Collect$$libinit$$0000000F) for __rt_lib_init_lc_ctype_1
    libinit.o(.ARM.Collect$$libinit$$00000000) refers (Special) to libinit2.o(.ARM.Collect$$libinit$$00000011) for __rt_lib_init_lc_monetary_1
    libinit.o(.ARM.Collect$$libinit$$00000000) refers (Special) to libinit2.o(.ARM.Collect$$libinit$$00000013) for __rt_lib_init_lc_numeric_1
    libinit.o(.ARM.Collect$$libinit$$00000000) refers (Special) to libinit2.o(.ARM.Collect$$libinit$$00000015) for __rt_lib_init_lc_time_1
    libinit.o(.ARM.Collect$$libinit$$00000000) refers (Special) to libinit2.o(.ARM.Collect$$libinit$$0000000A) for __rt_lib_init_rand_1
    libinit.o(.ARM.Collect$$libinit$$00000000) refers (Special) to libinit2.o(.ARM.Collect$$libinit$$0000002F) for __rt_lib_init_return
    libinit.o(.ARM.Collect$$libinit$$00000000) refers (Special) to libinit2.o(.ARM.Collect$$libinit$$00000019) for __rt_lib_init_signal_1
    libinit.o(.ARM.Collect$$libinit$$00000000) refers (Special) to libinit2.o(.ARM.Collect$$libinit$$00000021) for __rt_lib_init_stdio_1
    libinit.o(.ARM.Collect$$libinit$$00000000) refers (Special) to libinit2.o(.ARM.Collect$$libinit$$00000008) for __rt_lib_init_user_alloc_1
    libinit.o(.ARM.Collect$$libinit$$00000000) refers to fpinit.o(x$fpl$fpinit) for _fp_init
    libspace.o(.text) refers to libspace.o(.bss) for __libspace_start
    rtexit.o(.ARM.Collect$$rtexit$$00000000) refers (Special) to rtexit2.o(.ARM.Collect$$rtexit$$00000004) for __rt_exit_exit
    rtexit.o(.ARM.Collect$$rtexit$$00000000) refers (Special) to rtexit2.o(.ARM.Collect$$rtexit$$00000003) for __rt_exit_ls
    rtexit.o(.ARM.Collect$$rtexit$$00000000) refers (Special) to rtexit2.o(.ARM.Collect$$rtexit$$00000002) for __rt_exit_prels_1
    rtexit.o(.ARM.exidx) refers (Special) to rtexit2.o(.ARM.Collect$$rtexit$$00000004) for __rt_exit_exit
    rtexit.o(.ARM.exidx) refers (Special) to rtexit2.o(.ARM.Collect$$rtexit$$00000003) for __rt_exit_ls
    rtexit.o(.ARM.exidx) refers (Special) to rtexit2.o(.ARM.Collect$$rtexit$$00000002) for __rt_exit_prels_1
    rtexit.o(.ARM.exidx) refers to rtexit.o(.ARM.Collect$$rtexit$$00000000) for .ARM.Collect$$rtexit$$00000000
    libinit2.o(.ARM.Collect$$libinit$$0000000C) refers to libinit2.o(.ARM.Collect$$libinit$$0000000B) for .ARM.Collect$$libinit$$0000000B
    libinit2.o(.ARM.Collect$$libinit$$0000000E) refers to libinit2.o(.ARM.Collect$$libinit$$0000000B) for .ARM.Collect$$libinit$$0000000B
    libinit2.o(.ARM.Collect$$libinit$$00000010) refers to libinit2.o(.ARM.Collect$$libinit$$0000000B) for .ARM.Collect$$libinit$$0000000B
    libinit2.o(.ARM.Collect$$libinit$$00000012) refers to libinit2.o(.ARM.Collect$$libinit$$0000000B) for .ARM.Collect$$libinit$$0000000B
    libinit2.o(.ARM.Collect$$libinit$$00000014) refers to libinit2.o(.ARM.Collect$$libinit$$0000000B) for .ARM.Collect$$libinit$$0000000B
    libinit2.o(.ARM.Collect$$libinit$$00000022) refers to argv_veneer.o(.emb_text) for __ARM_argv_veneer
    libinit2.o(.ARM.Collect$$libinit$$00000023) refers to argv_veneer.o(.emb_text) for __ARM_argv_veneer
    fpinit.o(x$fpl$fpinit) refers to rt_fp_status_addr_intlibspace.o(.text) for __rt_fp_status_addr
    rtexit2.o(.ARM.Collect$$rtexit$$00000003) refers to libshutdown.o(.ARM.Collect$$libshutdown$$00000000) for __rt_lib_shutdown
    rtexit2.o(.ARM.Collect$$rtexit$$00000004) refers to sys_exit.o(.text) for _sys_exit
    rtexit2.o(.ARM.exidx) refers to rtexit2.o(.ARM.Collect$$rtexit$$00000001) for .ARM.Collect$$rtexit$$00000001
    rtexit2.o(.ARM.exidx) refers to rtexit2.o(.ARM.Collect$$rtexit$$00000002) for .ARM.Collect$$rtexit$$00000002
    rtexit2.o(.ARM.exidx) refers to rtexit2.o(.ARM.Collect$$rtexit$$00000003) for .ARM.Collect$$rtexit$$00000003
    rtexit2.o(.ARM.exidx) refers to rtexit2.o(.ARM.Collect$$rtexit$$00000004) for .ARM.Collect$$rtexit$$00000004
    rt_fp_status_addr.o(.text) refers to rt_fp_status_addr.o(.bss) for __rt_fp_status_addr_data
    rt_fp_status_addr_intlibspace.o(.text) refers to libspace.o(.bss) for __libspace_start
    argv_veneer.o(.emb_text) refers to no_argv.o(.text) for __ARM_get_argv
    sys_exit.o(.text) refers (Special) to use_no_semi.o(.text) for __I$use$semihosting
    _get_argv_nomalloc.o(.text) refers (Special) to hrguard.o(.text) for __heap_region$guard
    _get_argv_nomalloc.o(.text) refers to defsig_rtmem_outer.o(.text) for __rt_SIGRTMEM
    _get_argv_nomalloc.o(.text) refers to sys_command.o(.text) for _sys_command_string
    libshutdown.o(.ARM.Collect$$libshutdown$$00000000) refers (Special) to libshutdown2.o(.ARM.Collect$$libshutdown$$00000006) for __rt_lib_shutdown_fp_trap_1
    libshutdown.o(.ARM.Collect$$libshutdown$$00000000) refers (Special) to libshutdown2.o(.ARM.Collect$$libshutdown$$0000000E) for __rt_lib_shutdown_heap_1
    libshutdown.o(.ARM.Collect$$libshutdown$$00000000) refers (Special) to libshutdown2.o(.ARM.Collect$$libshutdown$$0000000F) for __rt_lib_shutdown_return
    libshutdown.o(.ARM.Collect$$libshutdown$$00000000) refers (Special) to libshutdown2.o(.ARM.Collect$$libshutdown$$00000009) for __rt_lib_shutdown_signal_1
    libshutdown.o(.ARM.Collect$$libshutdown$$00000000) refers (Special) to libshutdown2.o(.ARM.Collect$$libshutdown$$00000003) for __rt_lib_shutdown_stdio_1
    libshutdown.o(.ARM.Collect$$libshutdown$$00000000) refers (Special) to libshutdown2.o(.ARM.Collect$$libshutdown$$0000000B) for __rt_lib_shutdown_user_alloc_1
    sys_command.o(.text) refers (Special) to use_no_semi.o(.text) for __I$use$semihosting
    defsig_rtmem_outer.o(.text) refers to defsig_rtmem_inner.o(.text) for __rt_SIGRTMEM_inner
    defsig_rtmem_outer.o(.text) refers to defsig_exit.o(.text) for __sig_exit
    defsig_rtmem_formal.o(.text) refers to rt_raise.o(.text) for __rt_raise
    rt_raise.o(.text) refers to __raise.o(.text) for __raise
    rt_raise.o(.text) refers to sys_exit.o(.text) for _sys_exit
    defsig_exit.o(.text) refers to sys_exit.o(.text) for _sys_exit
    defsig_rtmem_inner.o(.text) refers to defsig_general.o(.text) for __default_signal_display
    __raise.o(.text) refers to defsig.o(CL$$defsig) for __default_signal_handler
    defsig_general.o(.text) refers to sys_wrch.o(.text) for _ttywrch
    sys_wrch.o(.text) refers (Special) to use_no_semi.o(.text) for __I$use$semihosting
    defsig.o(CL$$defsig) refers to defsig_rtmem_inner.o(.text) for __rt_SIGRTMEM_inner
    defsig_abrt_inner.o(.text) refers to defsig_general.o(.text) for __default_signal_display
    defsig_fpe_inner.o(.text) refers to defsig_general.o(.text) for __default_signal_display
    defsig_rtred_inner.o(.text) refers to defsig_general.o(.text) for __default_signal_display
    defsig_stak_inner.o(.text) refers to defsig_general.o(.text) for __default_signal_display
    defsig_pvfn_inner.o(.text) refers to defsig_general.o(.text) for __default_signal_display
    defsig_cppl_inner.o(.text) refers to defsig_general.o(.text) for __default_signal_display
    defsig_segv_inner.o(.text) refers to defsig_general.o(.text) for __default_signal_display
    defsig_other.o(.text) refers to defsig_general.o(.text) for __default_signal_display


==============================================================================

Removing Unused input sections from the image.

    Removing adc.o(.emb_text), (8 bytes).
    Removing delay.o(.emb_text), (8 bytes).
    Removing gpio.o(.emb_text), (8 bytes).
    Removing main.o(.emb_text), (8 bytes).
    Removing system_lpc17xx.o(.emb_text), (8 bytes).

5 unused section(s) (total 40 bytes) removed from the image.

==============================================================================

Image Symbol Table

    Local Symbols

    Symbol Name                              Value     Ov Type        Size  Object(Section)

    ../../angel/boardlib.s                   0x00000000   Number         0  boardinit3.o ABSOLUTE
    ../../angel/boardlib.s                   0x00000000   Number         0  boardinit2.o ABSOLUTE
    ../../angel/boardlib.s                   0x00000000   Number         0  boardinit1.o ABSOLUTE
    ../../angel/boardlib.s                   0x00000000   Number         0  boardshut.o ABSOLUTE
    ../../angel/handlers.s                   0x00000000   Number         0  __scatter_zi.o ABSOLUTE
    ../../angel/handlers.s                   0x00000000   Number         0  __scatter_copy.o ABSOLUTE
    ../../angel/kernel.s                     0x00000000   Number         0  rtexit.o ABSOLUTE
    ../../angel/kernel.s                     0x00000000   Number         0  rtentry4.o ABSOLUTE
    ../../angel/kernel.s                     0x00000000   Number         0  rtentry2.o ABSOLUTE
    ../../angel/kernel.s                     0x00000000   Number         0  rtexit2.o ABSOLUTE
    ../../angel/kernel.s                     0x00000000   Number         0  rtentry.o ABSOLUTE
    ../../angel/rt.s                         0x00000000   Number         0  rt_fp_status_addr.o ABSOLUTE
    ../../angel/rt.s                         0x00000000   Number         0  rt_raise.o ABSOLUTE
    ../../angel/rt.s                         0x00000000   Number         0  rt_fp_status_addr_intlibspace.o ABSOLUTE
    ../../angel/scatter.s                    0x00000000   Number         0  __scatter.o ABSOLUTE
    ../../angel/startup.s                    0x00000000   Number         0  __main.o ABSOLUTE
    ../../angel/sys.s                        0x00000000   Number         0  libspace.o ABSOLUTE
    ../../angel/sys.s                        0x00000000   Number         0  sys_stackheap_outer.o ABSOLUTE
    ../../angel/sys.s                        0x00000000   Number         0  use_no_semi.o ABSOLUTE
    ../../angel/sysapp.c                     0x00000000   Number         0  sys_exit.o ABSOLUTE
    ../../angel/sysapp.c                     0x00000000   Number         0  sys_wrch.o ABSOLUTE
    ../../angel/sysapp.c                     0x00000000   Number         0  sys_command.o ABSOLUTE
    ../../armsys.c                           0x00000000   Number         0  argv_veneer.o ABSOLUTE
    ../../armsys.c                           0x00000000   Number         0  _get_argv_nomalloc.o ABSOLUTE
    ../../armsys.c                           0x00000000   Number         0  no_argv.o ABSOLUTE
    ../../armsys.c                           0x00000000   Number         0  argv_veneer.o ABSOLUTE
    ../../d2f.s                              0x00000000   Number         0  d2f.o ABSOLUTE
    ../../daddsub.s                          0x00000000   Number         0  daddsub_clz.o ABSOLUTE
    ../../ddiv.s                             0x00000000   Number         0  ddiv.o ABSOLUTE
    ../../dfixu.s                            0x00000000   Number         0  dfixu.o ABSOLUTE
    ../../dflt.s                             0x00000000   Number         0  dflt_clz.o ABSOLUTE
    ../../dmul.s                             0x00000000   Number         0  dmul.o ABSOLUTE
    ../../dnaninf.s                          0x00000000   Number         0  dnaninf.o ABSOLUTE
    ../../dretinf.s                          0x00000000   Number         0  dretinf.o ABSOLUTE
    ../../f2d.s                              0x00000000   Number         0  f2d.o ABSOLUTE
    ../../fnaninf.s                          0x00000000   Number         0  fnaninf.o ABSOLUTE
    ../../fpinit.s                           0x00000000   Number         0  fpinit.o ABSOLUTE
    ../../fretinf.s                          0x00000000   Number         0  fretinf.o ABSOLUTE
    ../../heapalloc.c                        0x00000000   Number         0  hrguard.o ABSOLUTE
    ../../heapaux.c                          0x00000000   Number         0  heapauxi.o ABSOLUTE
    ../../libinit.s                          0x00000000   Number         0  libinit.o ABSOLUTE
    ../../libinit.s                          0x00000000   Number         0  libshutdown2.o ABSOLUTE
    ../../libinit.s                          0x00000000   Number         0  libinit2.o ABSOLUTE
    ../../libinit.s                          0x00000000   Number         0  libshutdown.o ABSOLUTE
    ../../signal.c                           0x00000000   Number         0  defsig_stak_inner.o ABSOLUTE
    ../../signal.c                           0x00000000   Number         0  defsig_rtmem_inner.o ABSOLUTE
    ../../signal.c                           0x00000000   Number         0  defsig_exit.o ABSOLUTE
    ../../signal.c                           0x00000000   Number         0  defsig_pvfn_inner.o ABSOLUTE
    ../../signal.c                           0x00000000   Number         0  defsig_rtmem_formal.o ABSOLUTE
    ../../signal.c                           0x00000000   Number         0  defsig_rtmem_outer.o ABSOLUTE
    ../../signal.c                           0x00000000   Number         0  defsig_abrt_inner.o ABSOLUTE
    ../../signal.c                           0x00000000   Number         0  __raise.o ABSOLUTE
    ../../signal.c                           0x00000000   Number         0  defsig_general.o ABSOLUTE
    ../../signal.c                           0x00000000   Number         0  defsig_cppl_inner.o ABSOLUTE
    ../../signal.c                           0x00000000   Number         0  defsig_other.o ABSOLUTE
    ../../signal.c                           0x00000000   Number         0  defsig_fpe_inner.o ABSOLUTE
    ../../signal.c                           0x00000000   Number         0  defsig_rtred_inner.o ABSOLUTE
    ../../signal.c                           0x00000000   Number         0  defsig_segv_inner.o ABSOLUTE
    ../../signal.s                           0x00000000   Number         0  defsig.o ABSOLUTE
    ../../stdlib.c                           0x00000000   Number         0  exit.o ABSOLUTE
    ../../usenofp.s                          0x00000000   Number         0  usenofp.o ABSOLUTE
    adc.c                                    0x00000000   Number         0  adc.o ABSOLUTE
    adc.c                                    0x00000000   Number         0  adc.o ABSOLUTE
    dc.s                                     0x00000000   Number         0  dc.o ABSOLUTE
    delay.c                                  0x00000000   Number         0  delay.o ABSOLUTE
    delay.c                                  0x00000000   Number         0  delay.o ABSOLUTE
    gpio.c                                   0x00000000   Number         0  gpio.o ABSOLUTE
    gpio.c                                   0x00000000   Number         0  gpio.o ABSOLUTE
    lcd.c                                    0x00000000   Number         0  lcd.o ABSOLUTE
    main.c                                   0x00000000   Number         0  main.o ABSOLUTE
    main.c                                   0x00000000   Number         0  main.o ABSOLUTE
    startup_LPC17xx.s                        0x00000000   Number         0  startup_lpc17xx.o ABSOLUTE
    system_LPC17xx.c                         0x00000000   Number         0  system_lpc17xx.o ABSOLUTE
    system_LPC17xx.c                         0x00000000   Number         0  system_lpc17xx.o ABSOLUTE
    .ARM.__at_0x02FC                         0x000002fc   Section        4  startup_lpc17xx.o(.ARM.__at_0x02FC)
    RESET                                    0x00002000   Section      204  startup_lpc17xx.o(RESET)
    !!!main                                  0x000020cc   Section        8  __main.o(!!!main)
    !!!scatter                               0x000020d4   Section       52  __scatter.o(!!!scatter)
    !!handler_copy                           0x00002108   Section       26  __scatter_copy.o(!!handler_copy)
    !!handler_zi                             0x00002124   Section       28  __scatter_zi.o(!!handler_zi)
    .ARM.Collect$$libinit$$00000000          0x00002140   Section        6  libinit.o(.ARM.Collect$$libinit$$00000000)
    .ARM.Collect$$libinit$$00000006          0x00002146   Section        0  libinit2.o(.ARM.Collect$$libinit$$00000006)
    .ARM.Collect$$libinit$$00000008          0x00002146   Section        0  libinit2.o(.ARM.Collect$$libinit$$00000008)
    .ARM.Collect$$libinit$$0000000A          0x00002146   Section        0  libinit2.o(.ARM.Collect$$libinit$$0000000A)
    .ARM.Collect$$libinit$$0000000D          0x00002146   Section        0  libinit2.o(.ARM.Collect$$libinit$$0000000D)
    .ARM.Collect$$libinit$$0000000F          0x00002146   Section        0  libinit2.o(.ARM.Collect$$libinit$$0000000F)
    .ARM.Collect$$libinit$$00000011          0x00002146   Section        0  libinit2.o(.ARM.Collect$$libinit$$00000011)
    .ARM.Collect$$libinit$$00000013          0x00002146   Section        0  libinit2.o(.ARM.Collect$$libinit$$00000013)
    .ARM.Collect$$libinit$$00000015          0x00002146   Section        0  libinit2.o(.ARM.Collect$$libinit$$00000015)
    .ARM.Collect$$libinit$$00000017          0x00002146   Section        0  libinit2.o(.ARM.Collect$$libinit$$00000017)
    .ARM.Collect$$libinit$$00000019          0x00002146   Section        0  libinit2.o(.ARM.Collect$$libinit$$00000019)
    .ARM.Collect$$libinit$$0000001B          0x00002146   Section        0  libinit2.o(.ARM.Collect$$libinit$$0000001B)
    .ARM.Collect$$libinit$$0000001D          0x00002146   Section        0  libinit2.o(.ARM.Collect$$libinit$$0000001D)
    .ARM.Collect$$libinit$$0000001F          0x00002146   Section        0  libinit2.o(.ARM.Collect$$libinit$$0000001F)
    .ARM.Collect$$libinit$$00000021          0x00002146   Section        0  libinit2.o(.ARM.Collect$$libinit$$00000021)
    .ARM.Collect$$libinit$$00000028          0x00002146   Section        0  libinit2.o(.ARM.Collect$$libinit$$00000028)
    .ARM.Collect$$libinit$$0000002A          0x00002146   Section        0  libinit2.o(.ARM.Collect$$libinit$$0000002A)
    .ARM.Collect$$libinit$$0000002C          0x00002146   Section        0  libinit2.o(.ARM.Collect$$libinit$$0000002C)
    .ARM.Collect$$libinit$$0000002E          0x00002146   Section        0  libinit2.o(.ARM.Collect$$libinit$$0000002E)
    .ARM.Collect$$libinit$$0000002F          0x00002146   Section        2  libinit2.o(.ARM.Collect$$libinit$$0000002F)
    .ARM.Collect$$libshutdown$$00000000      0x00002148   Section        2  libshutdown.o(.ARM.Collect$$libshutdown$$00000000)
    .ARM.Collect$$libshutdown$$00000003      0x0000214a   Section        0  libshutdown2.o(.ARM.Collect$$libshutdown$$00000003)
    .ARM.Collect$$libshutdown$$00000006      0x0000214a   Section        0  libshutdown2.o(.ARM.Collect$$libshutdown$$00000006)
    .ARM.Collect$$libshutdown$$00000009      0x0000214a   Section        0  libshutdown2.o(.ARM.Collect$$libshutdown$$00000009)
    .ARM.Collect$$libshutdown$$0000000B      0x0000214a   Section        0  libshutdown2.o(.ARM.Collect$$libshutdown$$0000000B)
    .ARM.Collect$$libshutdown$$0000000E      0x0000214a   Section        0  libshutdown2.o(.ARM.Collect$$libshutdown$$0000000E)
    .ARM.Collect$$libshutdown$$0000000F      0x0000214a   Section        2  libshutdown2.o(.ARM.Collect$$libshutdown$$0000000F)
    .ARM.Collect$$rtentry$$00000000          0x0000214c   Section        0  rtentry.o(.ARM.Collect$$rtentry$$00000000)
    .ARM.Collect$$rtentry$$00000002          0x0000214c   Section        0  rtentry2.o(.ARM.Collect$$rtentry$$00000002)
    .ARM.Collect$$rtentry$$00000004          0x0000214c   Section        6  rtentry4.o(.ARM.Collect$$rtentry$$00000004)
    .ARM.Collect$$rtentry$$00000009          0x00002152   Section        0  rtentry2.o(.ARM.Collect$$rtentry$$00000009)
    .ARM.Collect$$rtentry$$0000000A          0x00002152   Section        4  rtentry2.o(.ARM.Collect$$rtentry$$0000000A)
    .ARM.Collect$$rtentry$$0000000C          0x00002156   Section        0  rtentry2.o(.ARM.Collect$$rtentry$$0000000C)
    .ARM.Collect$$rtentry$$0000000D          0x00002156   Section        8  rtentry2.o(.ARM.Collect$$rtentry$$0000000D)
    .ARM.Collect$$rtexit$$00000000           0x0000215e   Section        2  rtexit.o(.ARM.Collect$$rtexit$$00000000)
    .ARM.Collect$$rtexit$$00000002           0x00002160   Section        0  rtexit2.o(.ARM.Collect$$rtexit$$00000002)
    .ARM.Collect$$rtexit$$00000003           0x00002160   Section        4  rtexit2.o(.ARM.Collect$$rtexit$$00000003)
    .ARM.Collect$$rtexit$$00000004           0x00002164   Section        6  rtexit2.o(.ARM.Collect$$rtexit$$00000004)
    .text                                    0x0000216c   Section        0  adc.o(.text)
    adc_GetPclk                              0x0000216d   Thumb Code    58  adc.o(.text)
    .text                                    0x00002244   Section        0  delay.o(.text)
    .text                                    0x00002290   Section        0  gpio.o(.text)
    .text                                    0x00002358   Section        0  lcd.o(.text)
    lcd_SendCmdSignals                       0x00002411   Thumb Code    50  lcd.o(.text)
    lcd_SendHigherNibble                     0x00002443   Thumb Code    52  lcd.o(.text)
    lcd_SendLowerNibble                      0x00002477   Thumb Code    54  lcd.o(.text)
    lcd_BusyCheck                            0x000024ad   Thumb Code   148  lcd.o(.text)
    lcd_Reset                                0x000025a3   Thumb Code    68  lcd.o(.text)
    lcd_SendDataSignals                      0x0000266f   Thumb Code    50  lcd.o(.text)
    lcd_DataWrite                            0x000026a1   Thumb Code    50  lcd.o(.text)
    .text                                    0x00002aa4   Section        0  main.o(.text)
    .text                                    0x00002b84   Section        0  system_lpc17xx.o(.text)
    .text                                    0x00002da0   Section       52  startup_lpc17xx.o(.text)
    .text                                    0x00002dd4   Section        0  heapauxi.o(.text)
    .text                                    0x00002dda   Section       74  sys_stackheap_outer.o(.text)
    .text                                    0x00002e24   Section        0  exit.o(.text)
    .text                                    0x00002e30   Section        8  libspace.o(.text)
    .text                                    0x00002e38   Section        8  rt_fp_status_addr_intlibspace.o(.text)
    .text                                    0x00002e40   Section        0  sys_exit.o(.text)
    .text                                    0x00002e4c   Section        2  use_no_semi.o(.text)
    x$fpl$d2f                                0x00002e50   Section       98  d2f.o(x$fpl$d2f)
    x$fpl$dadd                               0x00002eb4   Section      336  daddsub_clz.o(x$fpl$dadd)
    _dadd1                                   0x00002ec5   Thumb Code     0  daddsub_clz.o(x$fpl$dadd)
    x$fpl$ddiv                               0x00003004   Section      688  ddiv.o(x$fpl$ddiv)
    ddiv_entry                               0x0000300b   Thumb Code     0  ddiv.o(x$fpl$ddiv)
    x$fpl$dfixu                              0x000032b4   Section       90  dfixu.o(x$fpl$dfixu)
    x$fpl$dfltu                              0x0000330e   Section       38  dflt_clz.o(x$fpl$dfltu)
    x$fpl$dmul                               0x00003334   Section      340  dmul.o(x$fpl$dmul)
    x$fpl$dnaninf                            0x00003488   Section      156  dnaninf.o(x$fpl$dnaninf)
    x$fpl$dretinf                            0x00003524   Section       12  dretinf.o(x$fpl$dretinf)
    x$fpl$drsb                               0x00003530   Section       22  daddsub_clz.o(x$fpl$drsb)
    x$fpl$dsub                               0x00003548   Section      468  daddsub_clz.o(x$fpl$dsub)
    _dsub1                                   0x00003559   Thumb Code     0  daddsub_clz.o(x$fpl$dsub)
    x$fpl$f2d                                0x0000371c   Section       86  f2d.o(x$fpl$f2d)
    x$fpl$fnaninf                            0x00003772   Section      140  fnaninf.o(x$fpl$fnaninf)
    x$fpl$fpinit                             0x000037fe   Section       14  fpinit.o(x$fpl$fpinit)
    x$fpl$fretinf                            0x0000380c   Section       10  fretinf.o(x$fpl$fretinf)
    .constdata                               0x00003816   Section       16  adc.o(.constdata)
    x$fpl$usenofp                            0x00003816   Section        0  usenofp.o(x$fpl$usenofp)
    .data                                    0x10000000   Section        6  lcd.o(.data)
    .data                                    0x10000008   Section        4  system_lpc17xx.o(.data)
    .bss                                     0x1000000c   Section       14  lcd.o(.bss)
    .bss                                     0x1000001c   Section       96  libspace.o(.bss)
    HEAP                                     0x10000080   Section        0  startup_lpc17xx.o(HEAP)
    STACK                                    0x10000080   Section      512  startup_lpc17xx.o(STACK)
    Heap_Mem                                 0x10000080   Data           0  startup_lpc17xx.o(HEAP)
    Stack_Mem                                0x10000080   Data         512  startup_lpc17xx.o(STACK)
    __initial_sp                             0x10000280   Data           0  startup_lpc17xx.o(STACK)

    Global Symbols

    Symbol Name                              Value     Ov Type        Size  Object(Section)

    BuildAttributes$$THM_ISAv4$P$D$K$B$S$PE$A:L22UL41UL21$X:L11$S22US41US21$IEEE1$IW$USESV6$~STKCKD$USESV7$~SHL$OSPACE$ROPI$EBA8$UX$STANDARDLIB$REQ8$PRES8$EABIv2 0x00000000   Number         0  anon$$obj.o ABSOLUTE
    __ARM_use_no_argv                        0x00000000   Number         0  main.o ABSOLUTE
    __ARM_exceptions_init                     - Undefined Weak Reference
    __alloca_initialize                       - Undefined Weak Reference
    __cpp_initialize__aeabi_                  - Undefined Weak Reference
    __cxa_finalize                            - Undefined Weak Reference
    __rt_locale                               - Undefined Weak Reference
    __sigvec_lookup                           - Undefined Weak Reference
    _atexit_init                              - Undefined Weak Reference
    _call_atexit_fns                          - Undefined Weak Reference
    _clock_init                               - Undefined Weak Reference
    _fp_trap_init                             - Undefined Weak Reference
    _fp_trap_shutdown                         - Undefined Weak Reference
    _get_lc_collate                           - Undefined Weak Reference
    _get_lc_ctype                             - Undefined Weak Reference
    _get_lc_monetary                          - Undefined Weak Reference
    _get_lc_numeric                           - Undefined Weak Reference
    _get_lc_time                              - Undefined Weak Reference
    _getenv_init                              - Undefined Weak Reference
    _handle_redirection                       - Undefined Weak Reference
    _init_alloc                               - Undefined Weak Reference
    _init_user_alloc                          - Undefined Weak Reference
    _initio                                   - Undefined Weak Reference
    _rand_init                                - Undefined Weak Reference
    _signal_finish                            - Undefined Weak Reference
    _signal_init                              - Undefined Weak Reference
    _terminate_alloc                          - Undefined Weak Reference
    _terminate_user_alloc                     - Undefined Weak Reference
    _terminateio                              - Undefined Weak Reference
    __Vectors                                0x00002000   Data           4  startup_lpc17xx.o(RESET)
    __main                                   0x000020cd   Thumb Code     8  __main.o(!!!main)
    __scatterload                            0x000020d5   Thumb Code     0  __scatter.o(!!!scatter)
    __scatterload_rt2                        0x000020d5   Thumb Code    44  __scatter.o(!!!scatter)
    __scatterload_rt2_thumb_only             0x000020d5   Thumb Code     0  __scatter.o(!!!scatter)
    __scatterload_null                       0x000020e3   Thumb Code     0  __scatter.o(!!!scatter)
    __scatterload_copy                       0x00002109   Thumb Code    26  __scatter_copy.o(!!handler_copy)
    __scatterload_zeroinit                   0x00002125   Thumb Code    28  __scatter_zi.o(!!handler_zi)
    __rt_lib_init                            0x00002141   Thumb Code     0  libinit.o(.ARM.Collect$$libinit$$00000000)
    __rt_lib_init_alloca_1                   0x00002147   Thumb Code     0  libinit2.o(.ARM.Collect$$libinit$$0000002A)
    __rt_lib_init_argv_1                     0x00002147   Thumb Code     0  libinit2.o(.ARM.Collect$$libinit$$00000028)
    __rt_lib_init_atexit_1                   0x00002147   Thumb Code     0  libinit2.o(.ARM.Collect$$libinit$$00000017)
    __rt_lib_init_clock_1                    0x00002147   Thumb Code     0  libinit2.o(.ARM.Collect$$libinit$$0000001D)
    __rt_lib_init_cpp_1                      0x00002147   Thumb Code     0  libinit2.o(.ARM.Collect$$libinit$$0000002E)
    __rt_lib_init_exceptions_1               0x00002147   Thumb Code     0  libinit2.o(.ARM.Collect$$libinit$$0000002C)
    __rt_lib_init_fp_trap_1                  0x00002147   Thumb Code     0  libinit2.o(.ARM.Collect$$libinit$$0000001B)
    __rt_lib_init_getenv_1                   0x00002147   Thumb Code     0  libinit2.o(.ARM.Collect$$libinit$$0000001F)
    __rt_lib_init_heap_1                     0x00002147   Thumb Code     0  libinit2.o(.ARM.Collect$$libinit$$00000006)
    __rt_lib_init_lc_collate_1               0x00002147   Thumb Code     0  libinit2.o(.ARM.Collect$$libinit$$0000000D)
    __rt_lib_init_lc_ctype_1                 0x00002147   Thumb Code     0  libinit2.o(.ARM.Collect$$libinit$$0000000F)
    __rt_lib_init_lc_monetary_1              0x00002147   Thumb Code     0  libinit2.o(.ARM.Collect$$libinit$$00000011)
    __rt_lib_init_lc_numeric_1               0x00002147   Thumb Code     0  libinit2.o(.ARM.Collect$$libinit$$00000013)
    __rt_lib_init_lc_time_1                  0x00002147   Thumb Code     0  libinit2.o(.ARM.Collect$$libinit$$00000015)
    __rt_lib_init_rand_1                     0x00002147   Thumb Code     0  libinit2.o(.ARM.Collect$$libinit$$0000000A)
    __rt_lib_init_return                     0x00002147   Thumb Code     0  libinit2.o(.ARM.Collect$$libinit$$0000002F)
    __rt_lib_init_signal_1                   0x00002147   Thumb Code     0  libinit2.o(.ARM.Collect$$libinit$$00000019)
    __rt_lib_init_stdio_1                    0x00002147   Thumb Code     0  libinit2.o(.ARM.Collect$$libinit$$00000021)
    __rt_lib_init_user_alloc_1               0x00002147   Thumb Code     0  libinit2.o(.ARM.Collect$$libinit$$00000008)
    __rt_lib_shutdown                        0x00002149   Thumb Code     0  libshutdown.o(.ARM.Collect$$libshutdown$$00000000)
    __rt_lib_shutdown_fp_trap_1              0x0000214b   Thumb Code     0  libshutdown2.o(.ARM.Collect$$libshutdown$$00000006)
    __rt_lib_shutdown_heap_1                 0x0000214b   Thumb Code     0  libshutdown2.o(.ARM.Collect$$libshutdown$$0000000E)
    __rt_lib_shutdown_return                 0x0000214b   Thumb Code     0  libshutdown2.o(.ARM.Collect$$libshutdown$$0000000F)
    __rt_lib_shutdown_signal_1               0x0000214b   Thumb Code     0  libshutdown2.o(.ARM.Collect$$libshutdown$$00000009)
    __rt_lib_shutdown_stdio_1                0x0000214b   Thumb Code     0  libshutdown2.o(.ARM.Collect$$libshutdown$$00000003)
    __rt_lib_shutdown_user_alloc_1           0x0000214b   Thumb Code     0  libshutdown2.o(.ARM.Collect$$libshutdown$$0000000B)
    __rt_entry                               0x0000214d   Thumb Code     0  rtentry.o(.ARM.Collect$$rtentry$$00000000)
    __rt_entry_presh_1                       0x0000214d   Thumb Code     0  rtentry2.o(.ARM.Collect$$rtentry$$00000002)
    __rt_entry_sh                            0x0000214d   Thumb Code     0  rtentry4.o(.ARM.Collect$$rtentry$$00000004)
    __rt_entry_li                            0x00002153   Thumb Code     0  rtentry2.o(.ARM.Collect$$rtentry$$0000000A)
    __rt_entry_postsh_1                      0x00002153   Thumb Code     0  rtentry2.o(.ARM.Collect$$rtentry$$00000009)
    __rt_entry_main                          0x00002157   Thumb Code     0  rtentry2.o(.ARM.Collect$$rtentry$$0000000D)
    __rt_entry_postli_1                      0x00002157   Thumb Code     0  rtentry2.o(.ARM.Collect$$rtentry$$0000000C)
    __rt_exit                                0x0000215f   Thumb Code     0  rtexit.o(.ARM.Collect$$rtexit$$00000000)
    __rt_exit_ls                             0x00002161   Thumb Code     0  rtexit2.o(.ARM.Collect$$rtexit$$00000003)
    __rt_exit_prels_1                        0x00002161   Thumb Code     0  rtexit2.o(.ARM.Collect$$rtexit$$00000002)
    __rt_exit_exit                           0x00002165   Thumb Code     0  rtexit2.o(.ARM.Collect$$rtexit$$00000004)
    ADC_Init                                 0x000021a7   Thumb Code    42  adc.o(.text)
    ADC_GetAdcValue                          0x000021d1   Thumb Code    88  adc.o(.text)
    DELAY_us                                 0x00002245   Thumb Code    26  delay.o(.text)
    DELAY_ms                                 0x0000225f   Thumb Code    24  delay.o(.text)
    DELAY_sec                                0x00002277   Thumb Code    24  delay.o(.text)
    GPIO_PinFunction                         0x00002291   Thumb Code    62  gpio.o(.text)
    GPIO_PinDirection                        0x000022cf   Thumb Code    44  gpio.o(.text)
    GPIO_PinWrite                            0x000022fb   Thumb Code    44  gpio.o(.text)
    GPIO_PinRead                             0x00002327   Thumb Code    40  gpio.o(.text)
    LCD_SetUp                                0x00002359   Thumb Code   184  lcd.o(.text)
    LCD_CmdWrite                             0x00002541   Thumb Code    50  lcd.o(.text)
    LCD_GoToLine                             0x00002573   Thumb Code    32  lcd.o(.text)
    LCD_Clear                                0x00002593   Thumb Code    16  lcd.o(.text)
    LCD_Init                                 0x000025e7   Thumb Code    86  lcd.o(.text)
    LCD_GoToNextLine                         0x0000263d   Thumb Code    50  lcd.o(.text)
    LCD_DisplayChar                          0x000026d3   Thumb Code    46  lcd.o(.text)
    LCD_DisplayString                        0x00002701   Thumb Code    22  lcd.o(.text)
    LCD_ScrollMessage                        0x00002717   Thumb Code   130  lcd.o(.text)
    LCD_DisplayNumber                        0x00002799   Thumb Code   180  lcd.o(.text)
    LCD_DisplayFloatNumber                   0x0000284d   Thumb Code    88  lcd.o(.text)
    LCD_Printf                               0x000028a5   Thumb Code   502  lcd.o(.text)
    main                                     0x00002aa5   Thumb Code   178  main.o(.text)
    SystemInit                               0x00002b85   Thumb Code   476  system_lpc17xx.o(.text)
    Reset_Handler                            0x00002da1   Thumb Code     4  startup_lpc17xx.o(.text)
    NMI_Handler                              0x00002da5   Thumb Code     2  startup_lpc17xx.o(.text)
    HardFault_Handler                        0x00002da7   Thumb Code     2  startup_lpc17xx.o(.text)
    MemManage_Handler                        0x00002da9   Thumb Code     2  startup_lpc17xx.o(.text)
    BusFault_Handler                         0x00002dab   Thumb Code     2  startup_lpc17xx.o(.text)
    UsageFault_Handler                       0x00002dad   Thumb Code     2  startup_lpc17xx.o(.text)
    SVC_Handler                              0x00002daf   Thumb Code     2  startup_lpc17xx.o(.text)
    DebugMon_Handler                         0x00002db1   Thumb Code     2  startup_lpc17xx.o(.text)
    PendSV_Handler                           0x00002db3   Thumb Code     2  startup_lpc17xx.o(.text)
    SysTick_Handler                          0x00002db5   Thumb Code     2  startup_lpc17xx.o(.text)
    ADC_IRQHandler                           0x00002db7   Thumb Code     0  startup_lpc17xx.o(.text)
    BOD_IRQHandler                           0x00002db7   Thumb Code     0  startup_lpc17xx.o(.text)
    CANActivity_IRQHandler                   0x00002db7   Thumb Code     0  startup_lpc17xx.o(.text)
    CAN_IRQHandler                           0x00002db7   Thumb Code     0  startup_lpc17xx.o(.text)
    DMA_IRQHandler                           0x00002db7   Thumb Code     0  startup_lpc17xx.o(.text)
    EINT0_IRQHandler                         0x00002db7   Thumb Code     0  startup_lpc17xx.o(.text)
    EINT1_IRQHandler                         0x00002db7   Thumb Code     0  startup_lpc17xx.o(.text)
    EINT2_IRQHandler                         0x00002db7   Thumb Code     0  startup_lpc17xx.o(.text)
    EINT3_IRQHandler                         0x00002db7   Thumb Code     0  startup_lpc17xx.o(.text)
    ENET_IRQHandler                          0x00002db7   Thumb Code     0  startup_lpc17xx.o(.text)
    I2C0_IRQHandler                          0x00002db7   Thumb Code     0  startup_lpc17xx.o(.text)
    I2C1_IRQHandler                          0x00002db7   Thumb Code     0  startup_lpc17xx.o(.text)
    I2C2_IRQHandler                          0x00002db7   Thumb Code     0  startup_lpc17xx.o(.text)
    I2S_IRQHandler                           0x00002db7   Thumb Code     0  startup_lpc17xx.o(.text)
    MCPWM_IRQHandler                         0x00002db7   Thumb Code     0  startup_lpc17xx.o(.text)
    PLL0_IRQHandler                          0x00002db7   Thumb Code     0  startup_lpc17xx.o(.text)
    PLL1_IRQHandler                          0x00002db7   Thumb Code     0  startup_lpc17xx.o(.text)
    PWM1_IRQHandler                          0x00002db7   Thumb Code     0  startup_lpc17xx.o(.text)
    QEI_IRQHandler                           0x00002db7   Thumb Code     0  startup_lpc17xx.o(.text)
    RIT_IRQHandler                           0x00002db7   Thumb Code     0  startup_lpc17xx.o(.text)
    RTC_IRQHandler                           0x00002db7   Thumb Code     0  startup_lpc17xx.o(.text)
    SPI_IRQHandler                           0x00002db7   Thumb Code     0  startup_lpc17xx.o(.text)
    SSP0_IRQHandler                          0x00002db7   Thumb Code     0  startup_lpc17xx.o(.text)
    SSP1_IRQHandler                          0x00002db7   Thumb Code     0  startup_lpc17xx.o(.text)
    TIMER0_IRQHandler                        0x00002db7   Thumb Code     0  startup_lpc17xx.o(.text)
    TIMER1_IRQHandler                        0x00002db7   Thumb Code     0  startup_lpc17xx.o(.text)
    TIMER2_IRQHandler                        0x00002db7   Thumb Code     0  startup_lpc17xx.o(.text)
    TIMER3_IRQHandler                        0x00002db7   Thumb Code     0  startup_lpc17xx.o(.text)
    UART0_IRQHandler                         0x00002db7   Thumb Code     0  startup_lpc17xx.o(.text)
    UART1_IRQHandler                         0x00002db7   Thumb Code     0  startup_lpc17xx.o(.text)
    UART2_IRQHandler                         0x00002db7   Thumb Code     0  startup_lpc17xx.o(.text)
    UART3_IRQHandler                         0x00002db7   Thumb Code     0  startup_lpc17xx.o(.text)
    USBActivity_IRQHandler                   0x00002db7   Thumb Code     0  startup_lpc17xx.o(.text)
    USB_IRQHandler                           0x00002db7   Thumb Code     0  startup_lpc17xx.o(.text)
    WDT_IRQHandler                           0x00002db7   Thumb Code     0  startup_lpc17xx.o(.text)
    __user_initial_stackheap                 0x00002db9   Thumb Code     0  startup_lpc17xx.o(.text)
    __use_two_region_memory                  0x00002dd5   Thumb Code     2  heapauxi.o(.text)
    __rt_heap_escrow$2region                 0x00002dd7   Thumb Code     2  heapauxi.o(.text)
    __rt_heap_expand$2region                 0x00002dd9   Thumb Code     2  heapauxi.o(.text)
    __user_setup_stackheap                   0x00002ddb   Thumb Code    74  sys_stackheap_outer.o(.text)
    exit                                     0x00002e25   Thumb Code    12  exit.o(.text)
    __user_libspace                          0x00002e31   Thumb Code     8  libspace.o(.text)
    __user_perproc_libspace                  0x00002e31   Thumb Code     0  libspace.o(.text)
    __user_perthread_libspace                0x00002e31   Thumb Code     0  libspace.o(.text)
    __rt_fp_status_addr                      0x00002e39   Thumb Code     8  rt_fp_status_addr_intlibspace.o(.text)
    _sys_exit                                0x00002e41   Thumb Code     8  sys_exit.o(.text)
    __I$use$semihosting                      0x00002e4d   Thumb Code     0  use_no_semi.o(.text)
    __use_no_semihosting_swi                 0x00002e4d   Thumb Code     2  use_no_semi.o(.text)
    __aeabi_d2f                              0x00002e51   Thumb Code     0  d2f.o(x$fpl$d2f)
    _d2f                                     0x00002e51   Thumb Code    98  d2f.o(x$fpl$d2f)
    __aeabi_dadd                             0x00002eb5   Thumb Code     0  daddsub_clz.o(x$fpl$dadd)
    _dadd                                    0x00002eb5   Thumb Code   332  daddsub_clz.o(x$fpl$dadd)
    __aeabi_ddiv                             0x00003005   Thumb Code     0  ddiv.o(x$fpl$ddiv)
    _ddiv                                    0x00003005   Thumb Code   552  ddiv.o(x$fpl$ddiv)
    __aeabi_d2uiz                            0x000032b5   Thumb Code     0  dfixu.o(x$fpl$dfixu)
    _dfixu                                   0x000032b5   Thumb Code    90  dfixu.o(x$fpl$dfixu)
    __aeabi_ui2d                             0x0000330f   Thumb Code     0  dflt_clz.o(x$fpl$dfltu)
    _dfltu                                   0x0000330f   Thumb Code    38  dflt_clz.o(x$fpl$dfltu)
    __aeabi_dmul                             0x00003335   Thumb Code     0  dmul.o(x$fpl$dmul)
    _dmul                                    0x00003335   Thumb Code   332  dmul.o(x$fpl$dmul)
    __fpl_dnaninf                            0x00003489   Thumb Code   156  dnaninf.o(x$fpl$dnaninf)
    __fpl_dretinf                            0x00003525   Thumb Code    12  dretinf.o(x$fpl$dretinf)
    __aeabi_drsub                            0x00003531   Thumb Code     0  daddsub_clz.o(x$fpl$drsb)
    _drsb                                    0x00003531   Thumb Code    22  daddsub_clz.o(x$fpl$drsb)
    __aeabi_dsub                             0x00003549   Thumb Code     0  daddsub_clz.o(x$fpl$dsub)
    _dsub                                    0x00003549   Thumb Code   464  daddsub_clz.o(x$fpl$dsub)
    __aeabi_f2d                              0x0000371d   Thumb Code     0  f2d.o(x$fpl$f2d)
    _f2d                                     0x0000371d   Thumb Code    86  f2d.o(x$fpl$f2d)
    __fpl_fnaninf                            0x00003773   Thumb Code   140  fnaninf.o(x$fpl$fnaninf)
    _fp_init                                 0x000037ff   Thumb Code    14  fpinit.o(x$fpl$fpinit)
    __fplib_config_pureend_doubles           0x0000380b   Thumb Code     0  fpinit.o(x$fpl$fpinit)
    __fpl_fretinf                            0x0000380d   Thumb Code    10  fretinf.o(x$fpl$fretinf)
    STR_AdcConfig                            0x00003816   Data          16  adc.o(.constdata)
    __I$use$fp                               0x00003817   Thumb Code     0  usenofp.o(x$fpl$usenofp)
    Region$$Table$$Base                      0x00003828   Number         0  anon$$obj.o(Region$$Table)
    Region$$Table$$Limit                     0x00003848   Number         0  anon$$obj.o(Region$$Table)
    ARR_LcdLineNumAddress_U8                 0x10000000   Data           4  lcd.o(.data)
    VAR_LcdTrackLineNum_U8                   0x10000004   Data           1  lcd.o(.data)
    VAR_LcdTrackCursorPos_U8                 0x10000005   Data           1  lcd.o(.data)
    SystemFrequency                          0x10000008   Data           4  system_lpc17xx.o(.data)
    STR_LCDConfig                            0x1000000c   Data          14  lcd.o(.bss)
    __libspace_start                         0x1000001c   Data          96  libspace.o(.bss)
    __temporary_stack_top$libspace           0x1000007c   Data           0  libspace.o(.bss)



==============================================================================

Memory Map of the image

  Image Entry point : 0x000020cd

  Load Region LR_IROM1 (Base: 0x00002000, Size: 0x00001854, Max: 0x00080000, ABSOLUTE)

    Execution Region ER_IROM1 (Base: 0x00002000, Size: 0x00001848, Max: 0x00080000, ABSOLUTE)

    Base Addr    Size         Type   Attr      Idx    E Section Name        Object

    0x00002000   0x000000cc   Data   RO          159    RESET               startup_lpc17xx.o
    0x000020cc   0x00000008   Code   RO          171  * !!!main             c_w.l(__main.o)
    0x000020d4   0x00000034   Code   RO          368    !!!scatter          c_w.l(__scatter.o)
    0x00002108   0x0000001a   Code   RO          370    !!handler_copy      c_w.l(__scatter_copy.o)
    0x00002122   0x00000002   PAD
    0x00002124   0x0000001c   Code   RO          372    !!handler_zi        c_w.l(__scatter_zi.o)
    0x00002140   0x00000006   Code   RO          238    .ARM.Collect$$libinit$$00000000  c_w.l(libinit.o)
    0x00002146   0x00000000   Code   RO          246    .ARM.Collect$$libinit$$00000006  c_w.l(libinit2.o)
    0x00002146   0x00000000   Code   RO          248    .ARM.Collect$$libinit$$00000008  c_w.l(libinit2.o)
    0x00002146   0x00000000   Code   RO          250    .ARM.Collect$$libinit$$0000000A  c_w.l(libinit2.o)
    0x00002146   0x00000000   Code   RO          253    .ARM.Collect$$libinit$$0000000D  c_w.l(libinit2.o)
    0x00002146   0x00000000   Code   RO          255    .ARM.Collect$$libinit$$0000000F  c_w.l(libinit2.o)
    0x00002146   0x00000000   Code   RO          257    .ARM.Collect$$libinit$$00000011  c_w.l(libinit2.o)
    0x00002146   0x00000000   Code   RO          259    .ARM.Collect$$libinit$$00000013  c_w.l(libinit2.o)
    0x00002146   0x00000000   Code   RO          261    .ARM.Collect$$libinit$$00000015  c_w.l(libinit2.o)
    0x00002146   0x00000000   Code   RO          263    .ARM.Collect$$libinit$$00000017  c_w.l(libinit2.o)
    0x00002146   0x00000000   Code   RO          265    .ARM.Collect$$libinit$$00000019  c_w.l(libinit2.o)
    0x00002146   0x00000000   Code   RO          267    .ARM.Collect$$libinit$$0000001B  c_w.l(libinit2.o)
    0x00002146   0x00000000   Code   RO          269    .ARM.Collect$$libinit$$0000001D  c_w.l(libinit2.o)
    0x00002146   0x00000000   Code   RO          271    .ARM.Collect$$libinit$$0000001F  c_w.l(libinit2.o)
    0x00002146   0x00000000   Code   RO          273    .ARM.Collect$$libinit$$00000021  c_w.l(libinit2.o)
    0x00002146   0x00000000   Code   RO          277    .ARM.Collect$$libinit$$00000028  c_w.l(libinit2.o)
    0x00002146   0x00000000   Code   RO          279    .ARM.Collect$$libinit$$0000002A  c_w.l(libinit2.o)
    0x00002146   0x00000000   Code   RO          281    .ARM.Collect$$libinit$$0000002C  c_w.l(libinit2.o)
    0x00002146   0x00000000   Code   RO          283    .ARM.Collect$$libinit$$0000002E  c_w.l(libinit2.o)
    0x00002146   0x00000002   Code   RO          284    .ARM.Collect$$libinit$$0000002F  c_w.l(libinit2.o)
    0x00002148   0x00000002   Code   RO          310    .ARM.Collect$$libshutdown$$00000000  c_w.l(libshutdown.o)
    0x0000214a   0x00000000   Code   RO          323    .ARM.Collect$$libshutdown$$00000003  c_w.l(libshutdown2.o)
    0x0000214a   0x00000000   Code   RO          326    .ARM.Collect$$libshutdown$$00000006  c_w.l(libshutdown2.o)
    0x0000214a   0x00000000   Code   RO          329    .ARM.Collect$$libshutdown$$00000009  c_w.l(libshutdown2.o)
    0x0000214a   0x00000000   Code   RO          331    .ARM.Collect$$libshutdown$$0000000B  c_w.l(libshutdown2.o)
    0x0000214a   0x00000000   Code   RO          334    .ARM.Collect$$libshutdown$$0000000E  c_w.l(libshutdown2.o)
    0x0000214a   0x00000002   Code   RO          335    .ARM.Collect$$libshutdown$$0000000F  c_w.l(libshutdown2.o)
    0x0000214c   0x00000000   Code   RO          199    .ARM.Collect$$rtentry$$00000000  c_w.l(rtentry.o)
    0x0000214c   0x00000000   Code   RO          211    .ARM.Collect$$rtentry$$00000002  c_w.l(rtentry2.o)
    0x0000214c   0x00000006   Code   RO          226    .ARM.Collect$$rtentry$$00000004  c_w.l(rtentry4.o)
    0x00002152   0x00000000   Code   RO          213    .ARM.Collect$$rtentry$$00000009  c_w.l(rtentry2.o)
    0x00002152   0x00000004   Code   RO          214    .ARM.Collect$$rtentry$$0000000A  c_w.l(rtentry2.o)
    0x00002156   0x00000000   Code   RO          216    .ARM.Collect$$rtentry$$0000000C  c_w.l(rtentry2.o)
    0x00002156   0x00000008   Code   RO          217    .ARM.Collect$$rtentry$$0000000D  c_w.l(rtentry2.o)
    0x0000215e   0x00000002   Code   RO          242    .ARM.Collect$$rtexit$$00000000  c_w.l(rtexit.o)
    0x00002160   0x00000000   Code   RO          288    .ARM.Collect$$rtexit$$00000002  c_w.l(rtexit2.o)
    0x00002160   0x00000004   Code   RO          289    .ARM.Collect$$rtexit$$00000003  c_w.l(rtexit2.o)
    0x00002164   0x00000006   Code   RO          290    .ARM.Collect$$rtexit$$00000004  c_w.l(rtexit2.o)
    0x0000216a   0x00000002   PAD
    0x0000216c   0x000000d8   Code   RO            2    .text               adc.o
    0x00002244   0x0000004a   Code   RO           53    .text               delay.o
    0x0000228e   0x00000002   PAD
    0x00002290   0x000000c8   Code   RO           69    .text               gpio.o
    0x00002358   0x0000074c   Code   RO           84    .text               lcd.o
    0x00002aa4   0x000000e0   Code   RO          110    .text               main.o
    0x00002b84   0x0000021c   Code   RO          129    .text               system_lpc17xx.o
    0x00002da0   0x00000034   Code   RO          161    .text               startup_lpc17xx.o
    0x00002dd4   0x00000006   Code   RO          169    .text               c_w.l(heapauxi.o)
    0x00002dda   0x0000004a   Code   RO          228    .text               c_w.l(sys_stackheap_outer.o)
    0x00002e24   0x0000000c   Code   RO          230    .text               c_w.l(exit.o)
    0x00002e30   0x00000008   Code   RO          239    .text               c_w.l(libspace.o)
    0x00002e38   0x00000008   Code   RO          298    .text               c_w.l(rt_fp_status_addr_intlibspace.o)
    0x00002e40   0x0000000c   Code   RO          302    .text               c_w.l(sys_exit.o)
    0x00002e4c   0x00000002   Code   RO          313    .text               c_w.l(use_no_semi.o)
    0x00002e4e   0x00000002   PAD
    0x00002e50   0x00000062   Code   RO          173    x$fpl$d2f           fz_ws.l(d2f.o)
    0x00002eb2   0x00000002   PAD
    0x00002eb4   0x00000150   Code   RO          175    x$fpl$dadd          fz_ws.l(daddsub_clz.o)
    0x00003004   0x000002b0   Code   RO          182    x$fpl$ddiv          fz_ws.l(ddiv.o)
    0x000032b4   0x0000005a   Code   RO          185    x$fpl$dfixu         fz_ws.l(dfixu.o)
    0x0000330e   0x00000026   Code   RO          189    x$fpl$dfltu         fz_ws.l(dflt_clz.o)
    0x00003334   0x00000154   Code   RO          195    x$fpl$dmul          fz_ws.l(dmul.o)
    0x00003488   0x0000009c   Code   RO          201    x$fpl$dnaninf       fz_ws.l(dnaninf.o)
    0x00003524   0x0000000c   Code   RO          203    x$fpl$dretinf       fz_ws.l(dretinf.o)
    0x00003530   0x00000016   Code   RO          176    x$fpl$drsb          fz_ws.l(daddsub_clz.o)
    0x00003546   0x00000002   PAD
    0x00003548   0x000001d4   Code   RO          177    x$fpl$dsub          fz_ws.l(daddsub_clz.o)
    0x0000371c   0x00000056   Code   RO          197    x$fpl$f2d           fz_ws.l(f2d.o)
    0x00003772   0x0000008c   Code   RO          205    x$fpl$fnaninf       fz_ws.l(fnaninf.o)
    0x000037fe   0x0000000e   Code   RO          285    x$fpl$fpinit        fz_ws.l(fpinit.o)
    0x0000380c   0x0000000a   Code   RO          207    x$fpl$fretinf       fz_ws.l(fretinf.o)
    0x00003816   0x00000000   Code   RO          209    x$fpl$usenofp       fz_ws.l(usenofp.o)
    0x00003816   0x00000010   Data   RO            3    .constdata          adc.o
    0x00003826   0x00000002   PAD
    0x00003828   0x00000020   Data   RO          366    Region$$Table       anon$$obj.o


    Execution Region RW_IRAM1 (Base: 0x10000000, Size: 0x00000280, Max: 0x00008000, ABSOLUTE)

    Base Addr    Size         Type   Attr      Idx    E Section Name        Object

    0x10000000   0x00000006   Data   RW           86    .data               lcd.o
    0x10000006   0x00000002   PAD
    0x10000008   0x00000004   Data   RW          130    .data               system_lpc17xx.o
    0x1000000c   0x0000000e   Zero   RW           85    .bss                lcd.o
    0x1000001a   0x00000002   PAD
    0x1000001c   0x00000060   Zero   RW          240    .bss                c_w.l(libspace.o)
    0x1000007c   0x00000004   PAD
    0x10000080   0x00000000   Zero   RW          158    HEAP                startup_lpc17xx.o
    0x10000080   0x00000200   Zero   RW          157    STACK               startup_lpc17xx.o



  Load Region LR$$.ARM.__at_0x02FC (Base: 0x000002fc, Size: 0x00000004, Max: 0x00000004, ABSOLUTE)

    Execution Region ER$$.ARM.__at_0x02FC (Base: 0x000002fc, Size: 0x00000004, Max: 0x00000004, ABSOLUTE, UNINIT)

    Base Addr    Size         Type   Attr      Idx    E Section Name        Object

    0x000002fc   0x00000004   Code   RO          160    .ARM.__at_0x02FC    startup_lpc17xx.o


==============================================================================

Image component sizes


      Code (inc. data)   RO Data    RW Data    ZI Data      Debug   Object Name

       216         28         16          0          0      24743   adc.o
        74          0          0          0          0        826   delay.o
       200         10          0          0          0       1964   gpio.o
      1868         28          0          6         14      11075   lcd.o
       224         46          0          0          0        619   main.o
        56         22        204          0        512        896   startup_lpc17xx.o
       540         64          0          4          0        715   system_lpc17xx.o

    ----------------------------------------------------------------------
      3180        198        254         12        528      40838   Object Totals
         0          0         32          0          0          0   (incl. Generated)
         2          0          2          2          2          2   (incl. Padding)

    ----------------------------------------------------------------------

      Code (inc. data)   RO Data    RW Data    ZI Data      Debug   Library Member Name

         8          0          0          0          0         68   __main.o
        52          8          0          0          0          0   __scatter.o
        26          0          0          0          0          0   __scatter_copy.o
        28          0          0          0          0          0   __scatter_zi.o
        12          0          0          0          0         68   exit.o
         6          0          0          0          0        152   heapauxi.o
         6          0          0          0          0          0   libinit.o
         2          0          0          0          0          0   libinit2.o
         2          0          0          0          0          0   libshutdown.o
         2          0          0          0          0          0   libshutdown2.o
         8          4          0          0         96         68   libspace.o
         8          4          0          0          0         68   rt_fp_status_addr_intlibspace.o
         0          0          0          0          0          0   rtentry.o
        12          0          0          0          0          0   rtentry2.o
         6          0          0          0          0          0   rtentry4.o
         2          0          0          0          0          0   rtexit.o
        10          0          0          0          0          0   rtexit2.o
        12          4          0          0          0         68   sys_exit.o
        74          0          0          0          0         80   sys_stackheap_outer.o
         2          0          0          0          0         68   use_no_semi.o
        98          4          0          0          0         92   d2f.o
       826         16          0          0          0        356   daddsub_clz.o
       688        140          0          0          0        212   ddiv.o
        90          4          0          0          0         92   dfixu.o
        38          0          0          0          0         68   dflt_clz.o
       340         12          0          0          0        104   dmul.o
       156          4          0          0          0         92   dnaninf.o
        12          0          0          0          0         68   dretinf.o
        86          4          0          0          0         84   f2d.o
       140          4          0          0          0         84   fnaninf.o
        14          0          0          0          0         76   fpinit.o
        10          0          0          0          0         68   fretinf.o
         0          0          0          0          0          0   usenofp.o

    ----------------------------------------------------------------------
      2786        208          0          0        100       2036   Library Totals
        10          0          0          0          4          0   (incl. Padding)

    ----------------------------------------------------------------------

      Code (inc. data)   RO Data    RW Data    ZI Data      Debug   Library Name

       278         20          0          0         96        640   c_w.l
      2498        188          0          0          0       1396   fz_ws.l

    ----------------------------------------------------------------------
      2786        208          0          0        100       2036   Library Totals

    ----------------------------------------------------------------------

==============================================================================


      Code (inc. data)   RO Data    RW Data    ZI Data      Debug   

      5966        406        254         12        628      41524   Grand Totals
      5966        406        254         12        628      41524   ELF Image Totals
      5966        406        254         12          0          0   ROM Totals

==============================================================================

    Total RO  Size (Code + RO Data)                 6220 (   6.07kB)
    Total RW  Size (RW Data + ZI Data)               640 (   0.63kB)
    Total ROM Size (Code + RO Data + RW Data)       6232 (   6.09kB)

==============================================================================

