<html>
<body>
<pre>
<h1>µVision Build Log</h1>
<h2>Project:</h2>
H:\Github\Explore-Cortex-M3-LPC1768-DVB-14001\Code\Adc_Lib\Adc_lib_Usage.uvproj
Project File Date:  08/11/2015

<h2>Output:</h2>
Build target 'Target 1'
compiling adc.c...
adc.c(111): warning:  #61-D: integer operation result is out of range
adc.c(111): warning:  #68-D: integer conversion resulted in a change of sign
compiling delay.c...
compiling gpio.c...
compiling lcd.c...
compiling main.c...
main.c(7): warning:  #951-D: return type of function "main" must be "int"
compiling system_LPC17xx.c...
assembling startup_LPC17xx.s...
linking...
Program Size: Code=5970 RO-data=254 RW-data=12 ZI-data=628  
FromELF: creating hex file...
User command #1: fromelf --bin Adc_lib_Usage.axf --output  Adc_lib_Usage.bin
"Adc_lib_Usage.axf" - 0 Error(s), 3 Warning(s).
