<html>
<body>
<pre>
<h1>µVision Build Log</h1>
<h2>Project:</h2>
G:\ExploreLpc1768_BreakOut\ExploreLpc1768_BreakOut\01a-LedBlinking\01a-LedBlinking.uvproj
Project File Date:  03/08/2016

<h2>Output:</h2>
Build target 'Target 1'
assembling startup_LPC17xx.s...
compiling main.c...
main.c(38): error:  #5: cannot open source input file "lpc1768.h": No such file or directory
Target not created
Build target 'Target 1'
assembling startup_LPC17xx.s...
compiling main.c...
main.c(38): error:  #5: cannot open source input file "LPC1768.h": No such file or directory
Target not created
Build target 'Target 1'
assembling startup_LPC17xx.s...
compiling main.c...
main.c(38): error:  #5: cannot open source input file "LPC1768.h": No such file or directory
Target not created
Build target 'Target 1'
assembling startup_LPC17xx.s...
compiling main.c...
main.c(51): warning:  #951-D: return type of function "main" must be "int"
linking...
01a-LedBlinking.axf: Error: L6218E: Undefined symbol SystemInit (referred from main.o).
Target not created
Build target 'Target 1'
assembling startup_LPC17xx.s...
compiling main.c...
main.c(69): warning:  #111-D: statement is unreachable
linking...
01a-LedBlinking.axf: Error: L6218E: Undefined symbol SystemInit (referred from main.o).
Target not created
Build target 'Target 1'
assembling startup_LPC17xx.s...
compiling main.c...
main.c(69): warning:  #111-D: statement is unreachable
main.c(69): warning:  #111-D: statement is unreachable
main.c(69): error:  #20: identifier "z" is undefined
main.c(70): error:  #65: expected a ";"
compiling system_LPC17xx.c...
..\00-libfiles\system_LPC17xx.c(584): warning:  #1-D: last line of file ends without a newline
Target not created
Build target 'Target 1'
assembling startup_LPC17xx.s...
compiling main.c...
main.c(69): warning:  #111-D: statement is unreachable
compiling system_LPC17xx.c...
..\00-libfiles\system_LPC17xx.c(584): warning:  #1-D: last line of file ends without a newline
linking...
Program Size: Code=1356 RO-data=236 RW-data=4 ZI-data=612  
"01a-LedBlinking.axf" - 0 Error(s), 2 Warning(s).
Build target 'Target 1'
assembling startup_LPC17xx.s...
compiling main.c...
main.c(69): warning:  #111-D: statement is unreachable
compiling system_LPC17xx.c...
linking...
Program Size: Code=1356 RO-data=236 RW-data=4 ZI-data=612  
"01a-LedBlinking.axf" - 0 Error(s), 1 Warning(s).
Build target 'Target 1'
assembling startup_LPC17xx.s...
compiling main.c...
main.c(69): warning:  #111-D: statement is unreachable
main.c(69): warning:  #117-D: non-void function "main" should return a value
compiling system_LPC17xx.c...
linking...
Program Size: Code=1356 RO-data=236 RW-data=4 ZI-data=612  
"01a-LedBlinking.axf" - 0 Error(s), 2 Warning(s).
Build target 'Target 1'
assembling startup_LPC17xx.s...
compiling main.c...
compiling system_LPC17xx.c...
linking...
Program Size: Code=1356 RO-data=236 RW-data=4 ZI-data=612  
"01a-LedBlinking.axf" - 0 Error(s), 0 Warning(s).
Build target 'Target 1'
assembling startup_LPC17xx.s...
compiling main.c...
compiling system_LPC17xx.c...
linking...
Program Size: Code=1356 RO-data=236 RW-data=4 ZI-data=612  
User command #1: fromelf --bin 01a-LedBlinking.axf -o 01a-LedBlinking.bin
"01a-LedBlinking.axf" - 0 Error(s), 0 Warning(s).
Build target 'Target 1'
assembling startup_LPC17xx.s...
compiling main.c...
compiling system_LPC17xx.c...
linking...
Program Size: Code=1352 RO-data=236 RW-data=4 ZI-data=612  
User command #1: fromelf --bin 01a-LedBlinking.axf -o 01a-LedBlinking.bin
Error: Q0147E: Failed to create Directory 01a-LedBlinking.bin\ER$$.ARM.__at_0x02FC: File exists
Finished: 0 information, 0 warning and 1 error messages.
"01a-LedBlinking.axf" - 0 Error(s), 0 Warning(s).
Build target 'Target 1'
assembling startup_LPC17xx.s...
compiling main.c...
compiling system_LPC17xx.c...
linking...
Program Size: Code=1352 RO-data=236 RW-data=4 ZI-data=612  
User command #1: fromelf --bin 01a-LedBlinking.axf -o 01a-LedBlinking.bin
"01a-LedBlinking.axf" - 0 Error(s), 0 Warning(s).
Build target 'Target 1'
assembling startup_LPC17xx.s...
compiling main.c...
compiling system_LPC17xx.c...
linking...
Program Size: Code=1356 RO-data=236 RW-data=4 ZI-data=612  
User command #1: fromelf --bin 01a-LedBlinking.axf -o 01a-LedBlinking.bin
"01a-LedBlinking.axf" - 0 Error(s), 0 Warning(s).
Build target 'Target 1'
compiling main.c...
linking...
Program Size: Code=1356 RO-data=236 RW-data=4 ZI-data=612  
User command #1: fromelf --bin 01a-LedBlinking.axf -o 01a-LedBlinking.bin
"01a-LedBlinking.axf" - 0 Error(s), 0 Warning(s).
Build target 'Target 1'
assembling startup_LPC17xx.s...
compiling main.c...
compiling system_LPC17xx.c...
linking...
Program Size: Code=1100 RO-data=236 RW-data=4 ZI-data=612  
User command #1: fromelf --bin 01a-LedBlinking.axf -o 01a-LedBlinking.bin
"01a-LedBlinking.axf" - 0 Error(s), 0 Warning(s).
Build target 'Target 1'
assembling startup_LPC17xx.s...
compiling main.c...
compiling system_LPC17xx.c...
linking...
Program Size: Code=1100 RO-data=236 RW-data=4 ZI-data=612  
User command #1: fromelf --bin 01a-LedBlinking.axf -o 01a-LedBlinking.bin
"01a-LedBlinking.axf" - 0 Error(s), 0 Warning(s).
Build target 'Target 1'
assembling startup_LPC17xx.s...
compiling main.c...
compiling system_LPC17xx.c...
linking...
Program Size: Code=1100 RO-data=236 RW-data=4 ZI-data=612  
User command #1: fromelf --bin 01a-LedBlinking.axf -o 01a-LedBlinking.bin
"01a-LedBlinking.axf" - 0 Error(s), 0 Warning(s).
Build target 'Target 1'
assembling startup_LPC17xx.s...
compiling main.c...
compiling system_LPC17xx.c...
linking...
Program Size: Code=1100 RO-data=236 RW-data=4 ZI-data=612  
User command #1: fromelf --bin 01a-LedBlinking.axf -o 01a-LedBlinking.bin
"01a-LedBlinking.axf" - 0 Error(s), 0 Warning(s).
Build target 'Target 1'
assembling startup_LPC17xx.s...
compiling main.c...
compiling system_LPC17xx.c...
linking...
Program Size: Code=976 RO-data=236 RW-data=4 ZI-data=612  
User command #1: fromelf --bin 01a-LedBlinking.axf -o 01a-LedBlinking.bin
"01a-LedBlinking.axf" - 0 Error(s), 0 Warning(s).
Build target 'Target 1'
assembling startup_LPC17xx.s...
compiling main.c...
compiling system_LPC17xx.c...
linking...
Program Size: Code=976 RO-data=236 RW-data=4 ZI-data=612  
User command #1: fromelf --bin 01a-LedBlinking.axf -o 01a-LedBlinking.bin
"01a-LedBlinking.axf" - 0 Error(s), 0 Warning(s).
Build target 'Target 1'
assembling startup_LPC17xx.s...
compiling main.c...
compiling system_LPC17xx.c...
linking...
Program Size: Code=976 RO-data=236 RW-data=4 ZI-data=612  
User command #1: fromelf --bin 01a-LedBlinking.axf -output 01a-LedBlinking.bin
Warning: Q3910W: Old syntax, please use '--output'.
Finished: 0 information, 1 warning and 0 error messages.
"01a-LedBlinking.axf" - 0 Error(s), 0 Warning(s).
Build target 'Target 1'
assembling startup_LPC17xx.s...
compiling main.c...
compiling system_LPC17xx.c...
linking...
Program Size: Code=976 RO-data=236 RW-data=4 ZI-data=612  
User command #1: fromelf --bin 01a-LedBlinking.axf --output 01a-LedBlinking.bin
"01a-LedBlinking.axf" - 0 Error(s), 0 Warning(s).
Build target 'Target 1'
assembling startup_LPC17xx.s...
compiling main.c...
compiling system_LPC17xx.c...
linking...
Program Size: Code=1104 RO-data=236 RW-data=4 ZI-data=612  
User command #1: fromelf --bin 01a-LedBlinking.axf --output 01a-LedBlinking.bin
"01a-LedBlinking.axf" - 0 Error(s), 0 Warning(s).
Build target 'Target 1'
assembling startup_LPC17xx.s...
compiling main.c...
compiling system_LPC17xx.c...
linking...
Program Size: Code=1104 RO-data=236 RW-data=4 ZI-data=612  
User command #1: fromelf --bin 01a-LedBlinking.axf --output 01a-LedBlinking.bin
"01a-LedBlinking.axf" - 0 Error(s), 0 Warning(s).
Build target 'Target 1'
assembling startup_LPC17xx.s...
compiling main.c...
compiling system_LPC17xx.c...
linking...
Program Size: Code=1104 RO-data=236 RW-data=4 ZI-data=612  
User command #1: fromelf --bin 01a-LedBlinking.axf --output 01a-LedBlinking.bin
"01a-LedBlinking.axf" - 0 Error(s), 0 Warning(s).
