<html>
<body>
<pre>
<h1>µVision Build Log</h1>
<h2>Project:</h2>
G:\ExploreLpc1768_BreakOut\ExploreLpc1768_BreakOut\07d-ADC_LCD\07d-ADC_LCD.uvproj
Project File Date:  03/10/2016

<h2>Output:</h2>
compiling main.c...
main.c(49): error:  #20: identifier "PB_0" is undefined
main.c(49): error:  #20: identifier "PB_1" is undefined
main.c(49): error:  #20: identifier "PB_2" is undefined
main.c(60): warning:  #111-D: statement is unreachable
main.c - 3 Error(s), 1 Warning(s).
compiling main.c...
main.c(60): warning:  #111-D: statement is unreachable
main.c - 0 Error(s), 1 Warning(s).
Build target 'Target 1'
compiling gpio.c...
assembling startup_LPC17xx.s...
compiling main.c...
compiling adc.c...
..\00-libfiles\adc.c(111): warning:  #61-D: integer operation result is out of range
..\00-libfiles\adc.c(111): warning:  #68-D: integer conversion resulted in a change of sign
compiling delay.c...
compiling lcd.c...
compiling system_LPC17xx.c...
linking...
Program Size: Code=5390 RO-data=254 RW-data=12 ZI-data=628  
User command #1: fromelf --bin 07d-ADC_LCD.axf --output 07d-ADC_LCD.bin
"07d-ADC_LCD.axf" - 0 Error(s), 2 Warning(s).
compiling main.c...
main.c - 0 Error(s), 0 Warning(s).
compiling main.c...
main.c - 0 Error(s), 0 Warning(s).
Build target 'Target 1'
compiling gpio.c...
assembling startup_LPC17xx.s...
compiling main.c...
compiling adc.c...
..\00-libfiles\adc.c(111): warning:  #61-D: integer operation result is out of range
..\00-libfiles\adc.c(111): warning:  #68-D: integer conversion resulted in a change of sign
compiling delay.c...
compiling lcd.c...
compiling system_LPC17xx.c...
linking...
Program Size: Code=6058 RO-data=254 RW-data=12 ZI-data=628  
User command #1: fromelf --bin 07d-ADC_LCD.axf --output 07d-ADC_LCD.bin
"07d-ADC_LCD.axf" - 0 Error(s), 2 Warning(s).
compiling main.c...
main.c - 0 Error(s), 0 Warning(s).
Build target 'Target 1'
linking...
Program Size: Code=6058 RO-data=254 RW-data=12 ZI-data=628  
User command #1: fromelf --bin 07d-ADC_LCD.axf --output 07d-ADC_LCD.bin
"07d-ADC_LCD.axf" - 0 Error(s), 0 Warning(s).
Build target 'Target 1'
compiling gpio.c...
assembling startup_LPC17xx.s...
compiling main.c...
compiling adc.c...
..\00-libfiles\adc.c(111): warning:  #61-D: integer operation result is out of range
..\00-libfiles\adc.c(111): warning:  #68-D: integer conversion resulted in a change of sign
compiling delay.c...
compiling lcd.c...
compiling system_LPC17xx.c...
linking...
Program Size: Code=6058 RO-data=254 RW-data=12 ZI-data=628  
User command #1: fromelf --bin 07d-ADC_LCD.axf --output 07d-ADC_LCD.bin
"07d-ADC_LCD.axf" - 0 Error(s), 2 Warning(s).
Build target 'Target 1'
compiling gpio.c...
assembling startup_LPC17xx.s...
compiling main.c...
compiling adc.c...
..\00-libfiles\adc.c(111): warning:  #61-D: integer operation result is out of range
..\00-libfiles\adc.c(111): warning:  #68-D: integer conversion resulted in a change of sign
compiling delay.c...
compiling lcd.c...
compiling system_LPC17xx.c...
linking...
Program Size: Code=6058 RO-data=254 RW-data=12 ZI-data=628  
User command #1: fromelf --bin 07d-ADC_LCD.axf --output 07d-ADC_LCD.bin
"07d-ADC_LCD.axf" - 0 Error(s), 2 Warning(s).
Build target 'Target 1'
compiling gpio.c...
assembling startup_LPC17xx.s...
compiling main.c...
compiling adc.c...
..\00-libfiles\adc.c(111): warning:  #61-D: integer operation result is out of range
..\00-libfiles\adc.c(111): warning:  #68-D: integer conversion resulted in a change of sign
compiling delay.c...
compiling lcd.c...
compiling system_LPC17xx.c...
linking...
Program Size: Code=6058 RO-data=254 RW-data=12 ZI-data=628  
User command #1: fromelf --bin 07d-ADC_LCD.axf --output 07d-ADC_LCD.bin
"07d-ADC_LCD.axf" - 0 Error(s), 2 Warning(s).
Build target 'Target 1'
compiling gpio.c...
assembling startup_LPC17xx.s...
compiling main.c...
compiling adc.c...
..\00-libfiles\adc.c(111): warning:  #61-D: integer operation result is out of range
..\00-libfiles\adc.c(111): warning:  #68-D: integer conversion resulted in a change of sign
compiling delay.c...
compiling lcd.c...
compiling system_LPC17xx.c...
linking...
Program Size: Code=6058 RO-data=254 RW-data=12 ZI-data=628  
User command #1: fromelf --bin 07d-ADC_LCD.axf --output 07d-ADC_LCD.bin
"07d-ADC_LCD.axf" - 0 Error(s), 2 Warning(s).
Build target 'Target 1'
compiling gpio.c...
assembling startup_LPC17xx.s...
compiling main.c...
compiling adc.c...
..\00-libfiles\adc.c(111): warning:  #61-D: integer operation result is out of range
..\00-libfiles\adc.c(111): warning:  #68-D: integer conversion resulted in a change of sign
compiling delay.c...
compiling lcd.c...
compiling system_LPC17xx.c...
linking...
Program Size: Code=6058 RO-data=254 RW-data=12 ZI-data=628  
User command #1: fromelf --bin 07d-ADC_LCD.axf --output 07d-ADC_LCD.bin
"07d-ADC_LCD.axf" - 0 Error(s), 2 Warning(s).
Build target 'Target 1'
compiling gpio.c...
assembling startup_LPC17xx.s...
compiling main.c...
compiling adc.c...
..\00-libfiles\adc.c(111): warning:  #61-D: integer operation result is out of range
..\00-libfiles\adc.c(111): warning:  #68-D: integer conversion resulted in a change of sign
compiling delay.c...
compiling lcd.c...
compiling system_LPC17xx.c...
linking...
Program Size: Code=6058 RO-data=254 RW-data=12 ZI-data=628  
User command #1: fromelf --bin 07d-ADC_LCD.axf --output 07d-ADC_LCD.bin
"07d-ADC_LCD.axf" - 0 Error(s), 2 Warning(s).
Clean started: Project: '07d-ADC_LCD'
   deleting intermediate output files for target 'Target 1'
Build target 'Target 1'
compiling gpio.c...
assembling startup_LPC17xx.s...
compiling main.c...
compiling adc.c...
..\00-libfiles\adc.c(111): warning:  #61-D: integer operation result is out of range
..\00-libfiles\adc.c(111): warning:  #68-D: integer conversion resulted in a change of sign
compiling delay.c...
compiling lcd.c...
compiling system_LPC17xx.c...
linking...
Program Size: Code=6058 RO-data=254 RW-data=12 ZI-data=628  
User command #1: fromelf --bin 07d-ADC_LCD.axf --output 07d-ADC_LCD.bin
"07d-ADC_LCD.axf" - 0 Error(s), 2 Warning(s).
Build target 'Target 1'
compiling gpio.c...
assembling startup_LPC17xx.s...
compiling main.c...
compiling adc.c...
..\00-libfiles\adc.c(111): warning:  #61-D: integer operation result is out of range
..\00-libfiles\adc.c(111): warning:  #68-D: integer conversion resulted in a change of sign
compiling delay.c...
compiling lcd.c...
compiling system_LPC17xx.c...
linking...
Program Size: Code=6062 RO-data=254 RW-data=12 ZI-data=628  
User command #1: fromelf --bin 07d-ADC_LCD.axf --output 07d-ADC_LCD.bin
"07d-ADC_LCD.axf" - 0 Error(s), 2 Warning(s).
Build target 'Target 1'
compiling gpio.c...
assembling startup_LPC17xx.s...
compiling main.c...
compiling adc.c...
..\00-libfiles\adc.c(111): warning:  #61-D: integer operation result is out of range
..\00-libfiles\adc.c(111): warning:  #68-D: integer conversion resulted in a change of sign
compiling delay.c...
compiling lcd.c...
compiling system_LPC17xx.c...
linking...
Program Size: Code=6062 RO-data=254 RW-data=12 ZI-data=628  
User command #1: fromelf --bin 07d-ADC_LCD.axf --output 07d-ADC_LCD.bin
"07d-ADC_LCD.axf" - 0 Error(s), 2 Warning(s).
