<html>
<body>
<pre>
<h1>µVision Build Log</h1>
<h2>Project:</h2>
F:\GitHub\LPC1768\Explore-Cortex-M3-LPC1768-DVB-14001\Code\KeilTutorialExamples\Lcd4Bit_Example2\Lcd4Bit_Example2.uvproj
Project File Date:  03/30/2016

<h2>Output:</h2>
Build target 'Target 1'
assembling startup_LPC17xx.s...
compiling main.c...
main.c(2): error:  #5: cannot open source input file "lcd.h": No such file or directory
compiling delay.c...
compiling gpio.c...
compiling lcd.c...
compiling system_LPC17xx.c...
Target not created
Build target 'Target 1'
assembling startup_LPC17xx.s...
compiling main.c...
main.c(2): error:  #5: cannot open source input file "lcd.h": No such file or directory
compiling delay.c...
compiling gpio.c...
compiling lcd.c...
compiling system_LPC17xx.c...
Target not created
Build target 'Target 1'
assembling startup_LPC17xx.s...
compiling main.c...
main.c(6): warning:  #951-D: return type of function "main" must be "int"
main.c(38): warning:  #1-D: last line of file ends without a newline
compiling delay.c...
compiling gpio.c...
compiling lcd.c...
compiling system_LPC17xx.c...
linking...
Program Size: Code=4956 RO-data=236 RW-data=12 ZI-data=628  
FromELF: creating hex file...
"Lcd4Bit_Example2.axf" - 0 Error(s), 2 Warning(s).
Build target 'Target 1'
assembling startup_LPC17xx.s...
compiling main.c...
main.c(6): warning:  #951-D: return type of function "main" must be "int"
main.c(38): warning:  #1-D: last line of file ends without a newline
compiling delay.c...
compiling gpio.c...
compiling lcd.c...
compiling system_LPC17xx.c...
linking...
Program Size: Code=4956 RO-data=236 RW-data=12 ZI-data=628  
FromELF: creating hex file...
"Lcd4Bit_Example2.axf" - 0 Error(s), 2 Warning(s).
Build target 'Target 1'
assembling startup_LPC17xx.s...
compiling main.c...
compiling delay.c...
compiling gpio.c...
compiling lcd.c...
compiling system_LPC17xx.c...
linking...
Program Size: Code=4956 RO-data=236 RW-data=12 ZI-data=628  
FromELF: creating hex file...
"Lcd4Bit_Example2.axf" - 0 Error(s), 0 Warning(s).
Build target 'Target 1'
assembling startup_LPC17xx.s...
compiling main.c...
compiling delay.c...
compiling gpio.c...
compiling lcd.c...
compiling system_LPC17xx.c...
linking...
Program Size: Code=4956 RO-data=236 RW-data=12 ZI-data=628  
FromELF: creating hex file...
"Lcd4Bit_Example2.axf" - 0 Error(s), 0 Warning(s).
Build target 'Target 1'
assembling startup_LPC17xx.s...
compiling main.c...
compiling delay.c...
compiling gpio.c...
compiling lcd.c...
compiling system_LPC17xx.c...
linking...
Program Size: Code=4956 RO-data=236 RW-data=12 ZI-data=628  
FromELF: creating hex file...
"Lcd4Bit_Example2.axf" - 0 Error(s), 0 Warning(s).
Build target 'Target 1'
assembling startup_LPC17xx.s...
compiling main.c...
compiling delay.c...
compiling gpio.c...
compiling lcd.c...
compiling system_LPC17xx.c...
linking...
Program Size: Code=4956 RO-data=236 RW-data=12 ZI-data=628  
FromELF: creating hex file...
"Lcd4Bit_Example2.axf" - 0 Error(s), 0 Warning(s).
Build target 'Target 1'
assembling startup_LPC17xx.s...
compiling main.c...
compiling delay.c...
compiling gpio.c...
compiling lcd.c...
compiling system_LPC17xx.c...
linking...
Program Size: Code=4956 RO-data=236 RW-data=12 ZI-data=628  
FromELF: creating hex file...
"Lcd4Bit_Example2.axf" - 0 Error(s), 0 Warning(s).
