<html>
<body>
<pre>
<h1>µVision Build Log</h1>
<h2>Project:</h2>
G:\ExploreLpc1768_BreakOut\ExploreLpc1768_BreakOut\07b-Adc_RawValue_Voltage\07b-Adc_RawValue_Voltage.uvproj
Project File Date:  03/10/2016

<h2>Output:</h2>
Build target 'Target 1'
assembling startup_LPC17xx.s...
compiling main.c...
compiling adc.c...
..\00-libfiles\adc.c(111): warning:  #61-D: integer operation result is out of range
..\00-libfiles\adc.c(111): warning:  #68-D: integer conversion resulted in a change of sign
compiling delay.c...
compiling gpio.c...
compiling system_LPC17xx.c...
compiling uart.c...
linking...
Program Size: Code=4582 RO-data=286 RW-data=4 ZI-data=612  
User command #1: fromelf --bin 07b-Adc_RawValue_Voltage.axf --output 07b-Adc_RawValue_Voltage.bin
"07b-Adc_RawValue_Voltage.axf" - 0 Error(s), 2 Warning(s).
Build target 'Target 1'
assembling startup_LPC17xx.s...
compiling main.c...
compiling adc.c...
..\00-libfiles\adc.c(111): warning:  #61-D: integer operation result is out of range
..\00-libfiles\adc.c(111): warning:  #68-D: integer conversion resulted in a change of sign
compiling delay.c...
compiling gpio.c...
compiling system_LPC17xx.c...
compiling uart.c...
linking...
Program Size: Code=5250 RO-data=286 RW-data=4 ZI-data=612  
User command #1: fromelf --bin 07b-Adc_RawValue_Voltage.axf --output 07b-Adc_RawValue_Voltage.bin
"07b-Adc_RawValue_Voltage.axf" - 0 Error(s), 2 Warning(s).
Build target 'Target 1'
assembling startup_LPC17xx.s...
compiling main.c...
compiling adc.c...
..\00-libfiles\adc.c(111): warning:  #61-D: integer operation result is out of range
..\00-libfiles\adc.c(111): warning:  #68-D: integer conversion resulted in a change of sign
compiling delay.c...
compiling gpio.c...
compiling system_LPC17xx.c...
compiling uart.c...
linking...
Program Size: Code=5250 RO-data=286 RW-data=4 ZI-data=612  
User command #1: fromelf --bin 07b-Adc_RawValue_Voltage.axf --output 07b-Adc_RawValue_Voltage.bin
"07b-Adc_RawValue_Voltage.axf" - 0 Error(s), 2 Warning(s).
