<html>
<body>
<pre>
<h1>µVision Build Log</h1>
<h2>Project:</h2>
F:\GitHub\LPC1768\Explore-Cortex-M3-LPC1768-DVB-14001\Code\KeilExamples\17a-SystickHandler\17a-SystickHandler.uvproj
Project File Date:  04/07/2016

<h2>Output:</h2>
Build target 'Target 1'
assembling startup_LPC17xx.s...
compiling main.c...
compiling gpio.c...
compiling system_LPC17xx.c...
compiling systick.c...
compiling uart.c...
linking...
Program Size: Code=3884 RO-data=268 RW-data=12 ZI-data=612  
FromELF: creating hex file...
"17a-SystickHandler.axf" - 0 Error(s), 0 Warning(s).
Build target 'Target 1'
assembling startup_LPC17xx.s...
compiling main.c...
compiling gpio.c...
compiling system_LPC17xx.c...
compiling systick.c...
compiling uart.c...
linking...
Program Size: Code=3872 RO-data=268 RW-data=12 ZI-data=612  
FromELF: creating hex file...
"17a-SystickHandler.axf" - 0 Error(s), 0 Warning(s).
Build target 'Target 1'
assembling startup_LPC17xx.s...
compiling main.c...
compiling gpio.c...
compiling system_LPC17xx.c...
compiling systick.c...
compiling uart.c...
linking...
Program Size: Code=3872 RO-data=268 RW-data=12 ZI-data=612  
FromELF: creating hex file...
"17a-SystickHandler.axf" - 0 Error(s), 0 Warning(s).
Build target 'Target 1'
assembling startup_LPC17xx.s...
compiling main.c...
compiling gpio.c...
compiling system_LPC17xx.c...
compiling systick.c...
compiling uart.c...
linking...
Program Size: Code=3872 RO-data=268 RW-data=12 ZI-data=612  
FromELF: creating hex file...
"17a-SystickHandler.axf" - 0 Error(s), 0 Warning(s).
Build target 'Target 1'
assembling startup_LPC17xx.s...
compiling main.c...
compiling gpio.c...
compiling system_LPC17xx.c...
compiling systick.c...
compiling uart.c...
linking...
Program Size: Code=3884 RO-data=268 RW-data=12 ZI-data=612  
FromELF: creating hex file...
"17a-SystickHandler.axf" - 0 Error(s), 0 Warning(s).
Build target 'Target 1'
assembling startup_LPC17xx.s...
compiling main.c...
compiling gpio.c...
compiling system_LPC17xx.c...
compiling systick.c...
compiling uart.c...
linking...
Program Size: Code=3884 RO-data=268 RW-data=12 ZI-data=612  
FromELF: creating hex file...
"17a-SystickHandler.axf" - 0 Error(s), 0 Warning(s).
Build target 'Target 1'
assembling startup_LPC17xx.s...
compiling main.c...
compiling gpio.c...
compiling system_LPC17xx.c...
compiling systick.c...
compiling uart.c...
linking...
Program Size: Code=3884 RO-data=268 RW-data=12 ZI-data=612  
FromELF: creating hex file...
"17a-SystickHandler.axf" - 0 Error(s), 0 Warning(s).
Build target 'Target 1'
assembling startup_LPC17xx.s...
compiling main.c...
compiling gpio.c...
compiling system_LPC17xx.c...
compiling systick.c...
compiling uart.c...
linking...
Program Size: Code=3924 RO-data=268 RW-data=16 ZI-data=608  
FromELF: creating hex file...
"17a-SystickHandler.axf" - 0 Error(s), 0 Warning(s).
Build target 'Target 1'
assembling startup_LPC17xx.s...
compiling main.c...
compiling gpio.c...
compiling system_LPC17xx.c...
compiling systick.c...
compiling uart.c...
linking...
Program Size: Code=3924 RO-data=268 RW-data=16 ZI-data=608  
FromELF: creating hex file...
"17a-SystickHandler.axf" - 0 Error(s), 0 Warning(s).
