<html>
<body>
<pre>
<h1>µVision Build Log</h1>
<h2>Project:</h2>
G:\ExploreLpc1768_BreakOut\ExploreLpc1768_BreakOut\08a-Eeprom_Byte_RdWr\08a-Eeprom_Byte_RdWr.uvproj
Project File Date:  03/10/2016

<h2>Output:</h2>
Build target 'Target 1'
assembling startup_LPC17xx.s...
compiling main.c...
..\00-libfiles\eeprom.h(48): warning:  #9-D: nested comment is not allowed
main.c(46): warning:  #69-D: integer conversion resulted in truncation
main.c(46): error:  #165: too few arguments in function call
main.c(47): error:  #165: too few arguments in function call
compiling delay.c...
compiling gpio.c...
compiling system_LPC17xx.c...
compiling uart.c...
compiling eeprom.c...
..\00-libfiles\eeprom.h(48): warning:  #9-D: nested comment is not allowed
..\00-libfiles\eeprom.c(63): warning:  #223-D: function "SoftSoftI2C_Init" declared implicitly
..\00-libfiles\eeprom.c(64): error:  #20: identifier "V_EepromType_U16" is undefined
..\00-libfiles\eeprom.c(124): error:  #20: identifier "V_EepromType_U16" is undefined
..\00-libfiles\eeprom.c(128): error:  #20: identifier "C_EepromIcType_U16" is undefined
..\00-libfiles\eeprom.c(215): error:  #20: identifier "V_EepromType_U16" is undefined
..\00-libfiles\eeprom.c(219): error:  #20: identifier "C_EepromIcType_U16" is undefined
..\00-libfiles\eeprom.c(390): error:  #20: identifier "V_EepromType_U16" is undefined
compiling softi2c.c...
..\00-libfiles\softi2c.c(71): error:  #147-D: declaration is incompatible with "void SoftI2C_Init(void)" (declared at line 58 of "..\00-libfiles\softi2c.h")
Target not created
Build target 'Target 1'
assembling startup_LPC17xx.s...
compiling main.c...
..\00-libfiles\eeprom.h(48): warning:  #9-D: nested comment is not allowed
main.c(46): warning:  #69-D: integer conversion resulted in truncation
main.c(46): error:  #165: too few arguments in function call
main.c(47): error:  #20: identifier "P2_01" is undefined
main.c(47): error:  #20: identifier "P2_02" is undefined
compiling delay.c...
compiling gpio.c...
compiling system_LPC17xx.c...
compiling uart.c...
compiling eeprom.c...
..\00-libfiles\eeprom.h(48): warning:  #9-D: nested comment is not allowed
..\00-libfiles\eeprom.c(63): warning:  #223-D: function "SoftSoftI2C_Init" declared implicitly
..\00-libfiles\eeprom.c(64): error:  #20: identifier "V_EepromType_U16" is undefined
..\00-libfiles\eeprom.c(124): error:  #20: identifier "V_EepromType_U16" is undefined
..\00-libfiles\eeprom.c(128): error:  #20: identifier "C_EepromIcType_U16" is undefined
..\00-libfiles\eeprom.c(215): error:  #20: identifier "V_EepromType_U16" is undefined
..\00-libfiles\eeprom.c(219): error:  #20: identifier "C_EepromIcType_U16" is undefined
..\00-libfiles\eeprom.c(390): error:  #20: identifier "V_EepromType_U16" is undefined
compiling softi2c.c...
..\00-libfiles\softi2c.c(71): error:  #147-D: declaration is incompatible with "void SoftI2C_Init(void)" (declared at line 58 of "..\00-libfiles\softi2c.h")
Target not created
Build target 'Target 1'
assembling startup_LPC17xx.s...
compiling main.c...
..\00-libfiles\eeprom.h(48): warning:  #9-D: nested comment is not allowed
main.c(47): warning:  #69-D: integer conversion resulted in truncation
main.c(47): error:  #165: too few arguments in function call
main.c(48): error:  #20: identifier "P2_01" is undefined
main.c(48): error:  #20: identifier "P2_02" is undefined
compiling delay.c...
compiling gpio.c...
compiling system_LPC17xx.c...
compiling uart.c...
compiling eeprom.c...
..\00-libfiles\eeprom.h(48): warning:  #9-D: nested comment is not allowed
..\00-libfiles\eeprom.c(63): warning:  #223-D: function "SoftSoftI2C_Init" declared implicitly
..\00-libfiles\eeprom.c(64): error:  #20: identifier "V_EepromType_U16" is undefined
..\00-libfiles\eeprom.c(124): error:  #20: identifier "V_EepromType_U16" is undefined
..\00-libfiles\eeprom.c(128): error:  #20: identifier "C_EepromIcType_U16" is undefined
..\00-libfiles\eeprom.c(215): error:  #20: identifier "V_EepromType_U16" is undefined
..\00-libfiles\eeprom.c(219): error:  #20: identifier "C_EepromIcType_U16" is undefined
..\00-libfiles\eeprom.c(390): error:  #20: identifier "V_EepromType_U16" is undefined
compiling softi2c.c...
..\00-libfiles\softi2c.c(71): error:  #147-D: declaration is incompatible with "void SoftI2C_Init(void)" (declared at line 58 of "..\00-libfiles\softi2c.h")
Target not created
Build target 'Target 1'
assembling startup_LPC17xx.s...
compiling main.c...
..\00-libfiles\eeprom.h(48): warning:  #9-D: nested comment is not allowed
main.c(47): warning:  #69-D: integer conversion resulted in truncation
main.c(47): error:  #165: too few arguments in function call
main.c(48): error:  #20: identifier "P2_01" is undefined
main.c(48): error:  #20: identifier "P2_02" is undefined
compiling delay.c...
compiling gpio.c...
compiling system_LPC17xx.c...
compiling uart.c...
compiling eeprom.c...
..\00-libfiles\eeprom.h(48): warning:  #9-D: nested comment is not allowed
..\00-libfiles\eeprom.c(63): warning:  #223-D: function "SoftSoftI2C_Init" declared implicitly
..\00-libfiles\eeprom.c(128): error:  #20: identifier "C_EepromIcType_U16" is undefined
..\00-libfiles\eeprom.c(219): error:  #20: identifier "C_EepromIcType_U16" is undefined
compiling softi2c.c...
..\00-libfiles\softi2c.c(71): error:  #147-D: declaration is incompatible with "void SoftI2C_Init(void)" (declared at line 58 of "..\00-libfiles\softi2c.h")
Target not created
Build target 'Target 1'
assembling startup_LPC17xx.s...
compiling main.c...
..\00-libfiles\eeprom.h(48): warning:  #9-D: nested comment is not allowed
main.c(47): warning:  #69-D: integer conversion resulted in truncation
main.c(47): error:  #165: too few arguments in function call
main.c(48): error:  #20: identifier "P2_01" is undefined
main.c(48): error:  #20: identifier "P2_02" is undefined
compiling delay.c...
compiling gpio.c...
compiling system_LPC17xx.c...
compiling uart.c...
compiling eeprom.c...
..\00-libfiles\eeprom.h(48): warning:  #9-D: nested comment is not allowed
..\00-libfiles\eeprom.c(63): warning:  #223-D: function "SoftSoftI2C_Init" declared implicitly
..\00-libfiles\eeprom.c(142): error:  #20: identifier "C_EepromIcType_U16" is undefined
..\00-libfiles\eeprom.c(233): error:  #20: identifier "C_EepromIcType_U16" is undefined
compiling softi2c.c...
..\00-libfiles\softi2c.c(71): error:  #147-D: declaration is incompatible with "void SoftI2C_Init(void)" (declared at line 58 of "..\00-libfiles\softi2c.h")
Target not created
Build target 'Target 1'
assembling startup_LPC17xx.s...
compiling main.c...
..\00-libfiles\eeprom.h(48): warning:  #9-D: nested comment is not allowed
main.c(47): warning:  #69-D: integer conversion resulted in truncation
main.c(47): error:  #165: too few arguments in function call
main.c(48): error:  #20: identifier "P2_01" is undefined
main.c(48): error:  #20: identifier "P2_02" is undefined
compiling delay.c...
compiling gpio.c...
compiling system_LPC17xx.c...
compiling uart.c...
compiling eeprom.c...
..\00-libfiles\eeprom.h(48): warning:  #9-D: nested comment is not allowed
..\00-libfiles\eeprom.c(63): warning:  #223-D: function "SoftSoftI2C_Init" declared implicitly
..\00-libfiles\eeprom.c(142): error:  #20: identifier "C_EepromIcType_U16" is undefined
..\00-libfiles\eeprom.c(233): error:  #20: identifier "C_EepromIcType_U16" is undefined
compiling softi2c.c...
Target not created
Build target 'Target 1'
assembling startup_LPC17xx.s...
compiling main.c...
..\00-libfiles\eeprom.h(48): warning:  #9-D: nested comment is not allowed
main.c(47): warning:  #69-D: integer conversion resulted in truncation
main.c(47): error:  #165: too few arguments in function call
main.c(48): error:  #20: identifier "P2_01" is undefined
main.c(48): error:  #20: identifier "P2_02" is undefined
compiling delay.c...
compiling gpio.c...
compiling system_LPC17xx.c...
compiling uart.c...
compiling eeprom.c...
..\00-libfiles\eeprom.h(48): warning:  #9-D: nested comment is not allowed
..\00-libfiles\eeprom.c(63): warning:  #223-D: function "SoftSoftI2C_Init" declared implicitly
..\00-libfiles\eeprom.c(64): error:  #20: identifier "V_EepromType_U16" is undefined
..\00-libfiles\eeprom.c(124): error:  #20: identifier "V_EepromType_U16" is undefined
..\00-libfiles\eeprom.c(216): error:  #20: identifier "V_EepromType_U16" is undefined
..\00-libfiles\eeprom.c(391): error:  #20: identifier "V_EepromType_U16" is undefined
compiling softi2c.c...
Target not created
Build target 'Target 1'
assembling startup_LPC17xx.s...
compiling main.c...
..\00-libfiles\eeprom.h(48): warning:  #9-D: nested comment is not allowed
main.c(47): warning:  #69-D: integer conversion resulted in truncation
main.c(47): error:  #165: too few arguments in function call
main.c(48): error:  #20: identifier "P2_01" is undefined
main.c(48): error:  #20: identifier "P2_02" is undefined
compiling delay.c...
compiling gpio.c...
compiling system_LPC17xx.c...
compiling uart.c...
compiling eeprom.c...
..\00-libfiles\eeprom.h(48): warning:  #9-D: nested comment is not allowed
..\00-libfiles\eeprom.c(64): warning:  #223-D: function "SoftSoftI2C_Init" declared implicitly
compiling softi2c.c...
Target not created
Build target 'Target 1'
assembling startup_LPC17xx.s...
compiling main.c...
..\00-libfiles\eeprom.h(48): warning:  #9-D: nested comment is not allowed
main.c(47): warning:  #69-D: integer conversion resulted in truncation
main.c(47): error:  #165: too few arguments in function call
main.c(48): error:  #20: identifier "P2_01" is undefined
main.c(48): error:  #20: identifier "P2_02" is undefined
compiling delay.c...
compiling gpio.c...
compiling system_LPC17xx.c...
compiling uart.c...
compiling eeprom.c...
..\00-libfiles\eeprom.h(48): warning:  #9-D: nested comment is not allowed
compiling softi2c.c...
Target not created
Build target 'Target 1'
assembling startup_LPC17xx.s...
compiling main.c...
main.c(47): warning:  #69-D: integer conversion resulted in truncation
main.c(47): error:  #165: too few arguments in function call
main.c(48): error:  #20: identifier "P2_01" is undefined
main.c(48): error:  #20: identifier "P2_02" is undefined
compiling delay.c...
compiling gpio.c...
compiling system_LPC17xx.c...
compiling uart.c...
compiling eeprom.c...
compiling softi2c.c...
Target not created
Build target 'Target 1'
assembling startup_LPC17xx.s...
compiling main.c...
main.c(48): error:  #20: identifier "P2_01" is undefined
main.c(48): error:  #20: identifier "P2_02" is undefined
compiling delay.c...
compiling gpio.c...
compiling system_LPC17xx.c...
compiling uart.c...
compiling eeprom.c...
compiling softi2c.c...
Target not created
Build target 'Target 1'
assembling startup_LPC17xx.s...
compiling main.c...
compiling delay.c...
compiling gpio.c...
compiling system_LPC17xx.c...
compiling uart.c...
compiling eeprom.c...
compiling softi2c.c...
linking...
Program Size: Code=4584 RO-data=268 RW-data=8 ZI-data=608  
User command #1: fromelf --bin 08a-Eeprom_Byte_RdWr.axf --output 08a-Eeprom_Byte_RdWr.bin
"08a-Eeprom_Byte_RdWr.axf" - 0 Error(s), 0 Warning(s).
Build target 'Target 1'
assembling startup_LPC17xx.s...
compiling main.c...
compiling delay.c...
compiling gpio.c...
compiling system_LPC17xx.c...
compiling uart.c...
compiling eeprom.c...
compiling softi2c.c...
linking...
Program Size: Code=4544 RO-data=268 RW-data=8 ZI-data=608  
User command #1: fromelf --bin 08a-Eeprom_Byte_RdWr.axf --output 08a-Eeprom_Byte_RdWr.bin
"08a-Eeprom_Byte_RdWr.axf" - 0 Error(s), 0 Warning(s).
Build target 'Target 1'
assembling startup_LPC17xx.s...
compiling main.c...
compiling delay.c...
compiling gpio.c...
compiling system_LPC17xx.c...
compiling uart.c...
compiling eeprom.c...
compiling softi2c.c...
linking...
Program Size: Code=4588 RO-data=268 RW-data=8 ZI-data=608  
User command #1: fromelf --bin 08a-Eeprom_Byte_RdWr.axf --output 08a-Eeprom_Byte_RdWr.bin
"08a-Eeprom_Byte_RdWr.axf" - 0 Error(s), 0 Warning(s).
Build target 'Target 1'
assembling startup_LPC17xx.s...
compiling main.c...
compiling delay.c...
compiling gpio.c...
compiling system_LPC17xx.c...
compiling uart.c...
compiling eeprom.c...
compiling softi2c.c...
linking...
Program Size: Code=4552 RO-data=268 RW-data=8 ZI-data=608  
User command #1: fromelf --bin 08a-Eeprom_Byte_RdWr.axf --output 08a-Eeprom_Byte_RdWr.bin
"08a-Eeprom_Byte_RdWr.axf" - 0 Error(s), 0 Warning(s).
Build target 'Target 1'
assembling startup_LPC17xx.s...
compiling main.c...
compiling delay.c...
compiling gpio.c...
compiling system_LPC17xx.c...
compiling uart.c...
compiling eeprom.c...
compiling softi2c.c...
linking...
Program Size: Code=4592 RO-data=268 RW-data=8 ZI-data=608  
User command #1: fromelf --bin 08a-Eeprom_Byte_RdWr.axf --output 08a-Eeprom_Byte_RdWr.bin
"08a-Eeprom_Byte_RdWr.axf" - 0 Error(s), 0 Warning(s).
Build target 'Target 1'
assembling startup_LPC17xx.s...
compiling main.c...
compiling delay.c...
compiling gpio.c...
compiling system_LPC17xx.c...
compiling uart.c...
compiling eeprom.c...
compiling softi2c.c...
linking...
Program Size: Code=4592 RO-data=268 RW-data=8 ZI-data=608  
User command #1: fromelf --bin 08a-Eeprom_Byte_RdWr.axf --output 08a-Eeprom_Byte_RdWr.bin
"08a-Eeprom_Byte_RdWr.axf" - 0 Error(s), 0 Warning(s).
Build target 'Target 1'
assembling startup_LPC17xx.s...
compiling main.c...
compiling delay.c...
compiling gpio.c...
compiling system_LPC17xx.c...
compiling uart.c...
compiling eeprom.c...
compiling softi2c.c...
linking...
Program Size: Code=4592 RO-data=268 RW-data=8 ZI-data=608  
User command #1: fromelf --bin 08a-Eeprom_Byte_RdWr.axf --output 08a-Eeprom_Byte_RdWr.bin
"08a-Eeprom_Byte_RdWr.axf" - 0 Error(s), 0 Warning(s).
Build target 'Target 1'
assembling startup_LPC17xx.s...
compiling main.c...
compiling delay.c...
compiling gpio.c...
compiling system_LPC17xx.c...
compiling uart.c...
compiling eeprom.c...
compiling softi2c.c...
linking...
Program Size: Code=4592 RO-data=268 RW-data=8 ZI-data=608  
User command #1: fromelf --bin 08a-Eeprom_Byte_RdWr.axf --output 08a-Eeprom_Byte_RdWr.bin
"08a-Eeprom_Byte_RdWr.axf" - 0 Error(s), 0 Warning(s).
Build target 'Target 1'
assembling startup_LPC17xx.s...
compiling main.c...
compiling delay.c...
compiling gpio.c...
compiling system_LPC17xx.c...
compiling uart.c...
compiling eeprom.c...
compiling softi2c.c...
linking...
Program Size: Code=4592 RO-data=268 RW-data=8 ZI-data=608  
User command #1: fromelf --bin 08a-Eeprom_Byte_RdWr.axf --output 08a-Eeprom_Byte_RdWr.bin
"08a-Eeprom_Byte_RdWr.axf" - 0 Error(s), 0 Warning(s).
