<html>
<body>
<pre>
<h1>µVision Build Log</h1>
<h2>Project:</h2>
G:\ExploreLpc1768_BreakOut\ExploreLpc1768_BreakOut\06b-UART_Rx_Tx_Lcd\06b-UART_Rx_Tx_Lcd.uvproj
Project File Date:  03/09/2016

<h2>Output:</h2>
Build target 'Target 1'
assembling startup_LPC17xx.s...
compiling main.c...
compiling delay.c...
compiling gpio.c...
compiling lcd.c...
compiling system_LPC17xx.c...
compiling uart.c...
linking...
Program Size: Code=7028 RO-data=268 RW-data=12 ZI-data=628  
User command #1: fromelf --bin 06b-UART_Rx_Tx_Lcd.axf --output 06b-UART_Rx_Tx_Lcd.bin
"06b-UART_Rx_Tx_Lcd.axf" - 0 Error(s), 0 Warning(s).
