
Discarded input sections

 .text          0x00000000        0x0 startup_LPC17xx.o
 .data          0x00000000        0x0 startup_LPC17xx.o
 .bss           0x00000000        0x0 startup_LPC17xx.o
 .text          0x00000000        0x0 core_cm3.o
 .data          0x00000000        0x0 core_cm3.o
 .bss           0x00000000        0x0 core_cm3.o
 .text.__get_PSP
                0x00000000       0x10 core_cm3.o
 .text.__set_PSP
                0x00000000        0x8 core_cm3.o
 .text.__get_MSP
                0x00000000       0x10 core_cm3.o
 .text.__set_MSP
                0x00000000        0x8 core_cm3.o
 .text.__get_BASEPRI
                0x00000000       0x20 core_cm3.o
 .text.__set_BASEPRI
                0x00000000       0x18 core_cm3.o
 .text.__get_PRIMASK
                0x00000000       0x20 core_cm3.o
 .text.__set_PRIMASK
                0x00000000       0x18 core_cm3.o
 .text.__get_FAULTMASK
                0x00000000       0x20 core_cm3.o
 .text.__set_FAULTMASK
                0x00000000       0x18 core_cm3.o
 .text.__get_CONTROL
                0x00000000       0x20 core_cm3.o
 .text.__set_CONTROL
                0x00000000       0x18 core_cm3.o
 .text.__REV    0x00000000       0x24 core_cm3.o
 .text.__REV16  0x00000000       0x24 core_cm3.o
 .text.__REVSH  0x00000000       0x24 core_cm3.o
 .text.__RBIT   0x00000000       0x24 core_cm3.o
 .text.__LDREXB
                0x00000000       0x24 core_cm3.o
 .text.__LDREXH
                0x00000000       0x24 core_cm3.o
 .text.__LDREXW
                0x00000000       0x24 core_cm3.o
 .text.__STREXB
                0x00000000       0x2c core_cm3.o
 .text.__STREXH
                0x00000000       0x2c core_cm3.o
 .text.__STREXW
                0x00000000       0x28 core_cm3.o
 .comment       0x00000000       0x12 core_cm3.o
 .ARM.attributes
                0x00000000       0x39 core_cm3.o
 .text          0x00000000        0x0 delay.o
 .data          0x00000000        0x0 delay.o
 .bss           0x00000000        0x0 delay.o
 .text          0x00000000        0x0 gpio.o
 .data          0x00000000        0x0 gpio.o
 .bss           0x00000000        0x0 gpio.o
 .text.GPIO_PinFunction
                0x00000000       0x8c gpio.o
 .text.GPIO_PinDirection
                0x00000000       0x74 gpio.o
 .text.GPIO_PinWrite
                0x00000000       0x74 gpio.o
 .text.GPIO_PinRead
                0x00000000       0x60 gpio.o
 .comment       0x00000000       0x12 gpio.o
 .ARM.attributes
                0x00000000       0x39 gpio.o
 .text          0x00000000        0x0 main.o
 .data          0x00000000        0x0 main.o
 .bss           0x00000000        0x0 main.o
 .text          0x00000000        0x0 system_LPC17xx.o
 .data          0x00000000        0x0 system_LPC17xx.o
 .bss           0x00000000        0x0 system_LPC17xx.o
 .data.SystemFrequency
                0x00000000        0x4 system_LPC17xx.o
 .text.SystemCoreClockUpdate
                0x00000000      0x214 system_LPC17xx.o

Memory Configuration

Name             Origin             Length             Attributes
IROM             0x00000000         0x00080000         xr
IRAM0            0x10000000         0x00008000         xrw
IRAM1            0x2007c000         0x00004000         xrw
IRAM2            0x20080000         0x00004000         xrw
*default*        0x00000000         0xffffffff

Linker script and memory map


.text           0x00000000      0x4dc
 *(.isr_vector .isr_vector.*)
 .isr_vector    0x00000000       0xc4 startup_LPC17xx.o
                0x00000000                g_pfnVectors
 *(.text .text.*)
 .text.Reset_Handler
                0x000000c4       0xf0 startup_LPC17xx.o
                0x000000c4                Reset_Handler
 .text.Default_Handler
                0x000001b4        0x8 startup_LPC17xx.o
                0x000001b4                TIMER2_IRQHandler
                0x000001b4                DebugMon_Handler
                0x000001b4                RIT_IRQHandler
                0x000001b4                I2C0_IRQHandler
                0x000001b4                SysTick_Handler
                0x000001b4                PWM1_IRQHandler
                0x000001b4                PendSV_Handler
                0x000001b4                I2C1_IRQHandler
                0x000001b4                EINT2_IRQHandler
                0x000001b4                UART1_IRQHandler
                0x000001b4                EINT3_IRQHandler
                0x000001b4                TIMER3_IRQHandler
                0x000001b4                UART0_IRQHandler
                0x000001b4                UsageFault_Handler
                0x000001b4                PLL0_IRQHandler
                0x000001b4                CAN_IRQHandler
                0x000001b4                PLL1_IRQHandler
                0x000001b4                SSP0_IRQHandler
                0x000001b4                I2S_IRQHandler
                0x000001b4                I2C2_IRQHandler
                0x000001b4                RTC_IRQHandler
                0x000001b4                TIMER0_IRQHandler
                0x000001b4                SPI_IRQHandler
                0x000001b4                EINT1_IRQHandler
                0x000001b4                TIMER1_IRQHandler
                0x000001b4                UART2_IRQHandler
                0x000001b4                Default_Handler
                0x000001b4                ADC_IRQHandler
                0x000001b4                SSP1_IRQHandler
                0x000001b4                USB_IRQHandler
                0x000001b4                BOD_IRQHandler
                0x000001b4                MemManage_Handler
                0x000001b4                WDT_IRQHandler
                0x000001b4                SVC_Handler
                0x000001b4                QEI_IRQHandler
                0x000001b4                EINT0_IRQHandler
                0x000001b4                DMA_IRQHandler
                0x000001b4                BusFault_Handler
                0x000001b4                UART3_IRQHandler
                0x000001b4                MCPWM_IRQHandler
                0x000001b4                ENET_IRQHandler
 .text.DELAY_us
                0x000001bc       0x4c delay.o
                0x000001bc                DELAY_us
 .text.DELAY_ms
                0x00000208       0x30 delay.o
                0x00000208                DELAY_ms
 .text.DELAY_sec
                0x00000238       0x30 delay.o
                0x00000238                DELAY_sec
 .text.main     0x00000268       0x54 main.o
                0x00000268                main
 .text.SystemInit
                0x000002bc      0x220 system_LPC17xx.o
                0x000002bc                SystemInit
 *(.gnu.linkonce.t.*)
 *(.glue_7)
 .glue_7        0x00000000        0x0 linker stubs
 *(.glue_7t)
 .glue_7t       0x00000000        0x0 linker stubs
 *(.gcc_except_table)
 *(.rodata .rodata*)
 *(.gnu.linkonce.r.*)

.vfp11_veneer   0x000004dc        0x0
 .vfp11_veneer  0x00000000        0x0 linker stubs

.v4_bx          0x000004dc        0x0
 .v4_bx         0x00000000        0x0 linker stubs

.iplt           0x000004dc        0x0
 .iplt          0x00000000        0x0 startup_LPC17xx.o

.rel.dyn        0x000004dc        0x0
 .rel.iplt      0x00000000        0x0 startup_LPC17xx.o

.ctors          0x000004dc        0x0
                0x000004dc                . = ALIGN (0x4)
                0x000004dc                PROVIDE (__ctors_start, .)
 *(SORT(.ctors.*))
 *(.ctors)
                0x000004dc                PROVIDE (__ctors_end, .)

.dtors          0x000004dc        0x0
                0x000004dc                . = ALIGN (0x4)
                0x000004dc                PROVIDE (__dtors_start, .)
 *(SORT(.dtors.*))
 *(.dtors)
                0x000004dc                PROVIDE (__dtors_end, .)
                0x000004dc                . = ALIGN (0x4)
                0x000004dc                _etext = .
                0x000004dc                _sifastcode = .

.fastcode       0x10000000        0x0 load address 0x000004dc
                0x10000000                . = ALIGN (0x4)
                0x10000000                _sfastcode = .
 *(.glue_7t)
 *(.glue_7)
 *(.fastcode)
                0x10000000                . = ALIGN (0x4)
                0x10000000                _efastcode = .
                0x10000000                _sidata = .

.usb_ram
 *.o(USB_RAM)

.data           0x10000000        0x0 load address 0x000004dc
                0x000004dc                _sidata = LOADADDR (.data)
                0x10000000                . = ALIGN (0x4)
                0x10000000                _sdata = .
 *(vtable vtable.*)
 *(.data .data.*)
 *(.gnu.linkonce.d*)
                0x10000000                . = ALIGN (0x4)
                0x10000000                _edata = .

.igot.plt       0x10000000        0x0 load address 0x000004dc
 .igot.plt      0x00000000        0x0 startup_LPC17xx.o

.bss            0x10000000        0x0 load address 0x000004dc
                0x10000000                . = ALIGN (0x4)
                0x10000000                _sbss = .
 *(.bss .bss.*)
 *(.gnu.linkonce.b*)
 *(COMMON)
                0x10000000                . = ALIGN (0x4)
                0x10000000                _ebss = .

.stackarea      0x10000000      0x800 load address 0x000004dc
                0x10000000                . = ALIGN (0x8)
                0x10000000                _sstack = .
 *(.stackarea .stackarea.*)
 .stackarea     0x10000000      0x800 startup_LPC17xx.o
                0x10000000                pulStack
                0x10000800                . = ALIGN (0x8)
                0x10000800                _estack = .
                0x10000800                . = ALIGN (0x4)
                0x10000800                _end = .
                0x10000800                PROVIDE (end, .)

.stab
 *(.stab)

.stabstr
 *(.stabstr)

.stab.excl
 *(.stab.excl)

.stab.exclstr
 *(.stab.exclstr)

.stab.index
 *(.stab.index)

.stab.indexstr
 *(.stab.indexstr)

.debug
 *(.debug)

.line
 *(.line)

.debug_srcinfo
 *(.debug_srcinfo)

.debug_sfnames
 *(.debug_sfnames)

.debug_aranges
 *(.debug_aranges)

.debug_pubnames
 *(.debug_pubnames)

.debug_info
 *(.debug_info .gnu.linkonce.wi.*)

.debug_abbrev
 *(.debug_abbrev)

.debug_line
 *(.debug_line)

.debug_frame
 *(.debug_frame)

.debug_str
 *(.debug_str)

.debug_loc
 *(.debug_loc)

.debug_macinfo
 *(.debug_macinfo)

.debug_weaknames
 *(.debug_weaknames)

.debug_funcnames
 *(.debug_funcnames)

.debug_typenames
 *(.debug_typenames)

.debug_varnames
 *(.debug_varnames)
LOAD startup_LPC17xx.o
LOAD core_cm3.o
LOAD delay.o
LOAD gpio.o
LOAD main.o
LOAD system_LPC17xx.o
OUTPUT(main.elf elf32-littlearm)

.comment        0x00000000       0x11
 .comment       0x00000000       0x11 startup_LPC17xx.o
                                 0x12 (size before relaxing)
 .comment       0x00000000       0x12 delay.o
 .comment       0x00000000       0x12 main.o
 .comment       0x00000000       0x12 system_LPC17xx.o

.ARM.attributes
                0x00000000       0x39
 .ARM.attributes
                0x00000000       0x39 startup_LPC17xx.o
 .ARM.attributes
                0x00000039       0x39 delay.o
 .ARM.attributes
                0x00000072       0x39 main.o
 .ARM.attributes
                0x000000ab       0x39 system_LPC17xx.o
