<html>
<body>
<pre>
<h1>µVision Build Log</h1>
<h2>Project:</h2>
F:\GitHub\LPC1768\Explore-Cortex-M3-LPC1768-DVB-14001\Code\KeilTutorialExamples\SysTick Timer\SysTick Timer.uvproj
Project File Date:  04/16/2016

<h2>Output:</h2>
Build target 'Target 1'
assembling startup_LPC17xx.s...
compiling main.c...
main.c(31): error:  #20: identifier "P2_0" is undefined
main.c(41): error:  #20: identifier "P2_0" is undefined
compiling system_LPC17xx.c...
Target not created
Build target 'Target 1'
assembling startup_LPC17xx.s...
compiling main.c...
compiling system_LPC17xx.c...
linking...
Program Size: Code=1068 RO-data=364 RW-data=4 ZI-data=612  
"SysTick Timer.axf" - 0 Error(s), 0 Warning(s).
Build target 'Target 1'
assembling startup_LPC17xx.s...
compiling main.c...
compiling system_LPC17xx.c...
linking...
Program Size: Code=1068 RO-data=364 RW-data=4 ZI-data=612  
"SysTick Timer.axf" - 0 Error(s), 0 Warning(s).
Build target 'Target 1'
assembling startup_LPC17xx.s...
compiling main.c...
compiling system_LPC17xx.c...
linking...
Program Size: Code=1068 RO-data=364 RW-data=4 ZI-data=612  
FromELF: creating hex file...
"SysTick Timer.axf" - 0 Error(s), 0 Warning(s).
Load "F:\\GitHub\\LPC1768\\Explore-Cortex-M3-LPC1768-DVB-14001\\Code\\KeilTutorialExamples\\SysTick Timer\\SysTick Timer.AXF" 
USB Communication Failure
