<html>
<body>
<pre>
<h1>µVision Build Log</h1>
<h2>Project:</h2>
G:\ExploreLpc1768_BreakOut\ExploreLpc1768_BreakOut\07a-ADC_UART\07a-ADC_UART.uvproj
Project File Date:  03/08/2016

<h2>Output:</h2>
compiling main.c...
main.c - 0 Error(s), 0 Warning(s).
Build target 'Target 1'
compiling gpio.c...
assembling startup_LPC17xx.s...
compiling main.c...
compiling adc.c...
..\00-libfiles\adc.c(111): warning:  #61-D: integer operation result is out of range
..\00-libfiles\adc.c(111): warning:  #68-D: integer conversion resulted in a change of sign
compiling delay.c...
compiling system_LPC17xx.c...
compiling uart.c...
linking...
Program Size: Code=3998 RO-data=286 RW-data=4 ZI-data=612  
FromELF: creating hex file...
User command #1: fromelf --bin 07a-ADC_UART.axf --output 07a-ADC_UART.bin
Error: Q0108E: Could not create output file '07a-ADC_UART.bin': Permission denied
Finished: 0 information, 0 warning and 1 error messages.
"07a-ADC_UART.axf" - 0 Error(s), 2 Warning(s).
Build target 'Target 1'
compiling gpio.c...
assembling startup_LPC17xx.s...
compiling main.c...
compiling adc.c...
..\00-libfiles\adc.c(111): warning:  #61-D: integer operation result is out of range
..\00-libfiles\adc.c(111): warning:  #68-D: integer conversion resulted in a change of sign
compiling delay.c...
compiling system_LPC17xx.c...
compiling uart.c...
linking...
Program Size: Code=3998 RO-data=286 RW-data=4 ZI-data=612  
FromELF: creating hex file...
User command #1: fromelf --bin 07a-ADC_UART.axf --output 07a-ADC_UART.bin
Error: Q0108E: Could not create output file '07a-ADC_UART.bin': Permission denied
Finished: 0 information, 0 warning and 1 error messages.
"07a-ADC_UART.axf" - 0 Error(s), 2 Warning(s).
Build target 'Target 1'
compiling gpio.c...
assembling startup_LPC17xx.s...
compiling main.c...
compiling adc.c...
..\00-libfiles\adc.c(111): warning:  #61-D: integer operation result is out of range
..\00-libfiles\adc.c(111): warning:  #68-D: integer conversion resulted in a change of sign
compiling delay.c...
compiling system_LPC17xx.c...
compiling uart.c...
linking...
Program Size: Code=3998 RO-data=286 RW-data=4 ZI-data=612  
FromELF: creating hex file...
User command #1: fromelf --bin 07a-ADC_UART.axf --output 07a-ADC_UART.bin
Error: Q0108E: Could not create output file '07a-ADC_UART.bin': Permission denied
Finished: 0 information, 0 warning and 1 error messages.
"07a-ADC_UART.axf" - 0 Error(s), 2 Warning(s).
