<html>
<body>
<pre>
<h1>µVision Build Log</h1>
<h2>Project:</h2>
F:\GitHub\LPC1768\Explore-Cortex-M3-LPC1768-DVB-14001\Code\KeilTutorialExamples\Keil Project For Bin File\LedBlink.uvproj
Project File Date:  03/26/2016

<h2>Output:</h2>
Build target 'Target 1'
assembling startup_LPC17xx.s...
compiling main.c...
compiling system_LPC17xx.c...
linking...
Program Size: Code=1100 RO-data=236 RW-data=4 ZI-data=612  
FromELF: creating hex file...
User command #1: fromelf --bin LedBlink.axf --output LedBlink.bin
"LedBlink.axf" - 0 Error(s), 0 Warning(s).
Build target 'Target 1'
linking...
Program Size: Code=1100 RO-data=236 RW-data=4 ZI-data=612  
FromELF: creating hex file...
User command #1: fromelf --bin LedBlink.axf --output LedBlink.bin
"LedBlink.axf" - 0 Error(s), 0 Warning(s).
