<html>
<body>
<pre>
<h1>µVision Build Log</h1>
<h2>Project:</h2>
F:\Tutorials_And_Codes\Lpc1768\KeillTutorialExamples\ExternalInterruptsExample2\ExternalInterruptsExample2.uvproj
Project File Date:  03/28/2016

<h2>Output:</h2>
Build target 'Target 1'
assembling startup_LPC17xx.s...
compiling extintr.c...
compiling gpio.c...
compiling main.c...
compiling system_LPC17xx.c...
linking...
Program Size: Code=1712 RO-data=236 RW-data=36 ZI-data=612  
FromELF: creating hex file...
"ExternalInterruptsExample2.axf" - 0 Error(s), 0 Warning(s).
Build target 'Target 1'
assembling startup_LPC17xx.s...
compiling extintr.c...
compiling gpio.c...
compiling main.c...
compiling system_LPC17xx.c...
linking...
Program Size: Code=1724 RO-data=236 RW-data=36 ZI-data=612  
FromELF: creating hex file...
"ExternalInterruptsExample2.axf" - 0 Error(s), 0 Warning(s).
Build target 'Target 1'
assembling startup_LPC17xx.s...
compiling extintr.c...
compiling gpio.c...
compiling main.c...
compiling system_LPC17xx.c...
linking...
Program Size: Code=1724 RO-data=236 RW-data=36 ZI-data=612  
FromELF: creating hex file...
"ExternalInterruptsExample2.axf" - 0 Error(s), 0 Warning(s).
Build target 'Target 1'
assembling startup_LPC17xx.s...
compiling extintr.c...
compiling gpio.c...
compiling main.c...
compiling system_LPC17xx.c...
linking...
Program Size: Code=1724 RO-data=236 RW-data=36 ZI-data=612  
FromELF: creating hex file...
"ExternalInterruptsExample2.axf" - 0 Error(s), 0 Warning(s).
Build target 'Target 1'
assembling startup_LPC17xx.s...
compiling extintr.c...
compiling gpio.c...
compiling main.c...
compiling system_LPC17xx.c...
linking...
Program Size: Code=1724 RO-data=236 RW-data=36 ZI-data=612  
FromELF: creating hex file...
"ExternalInterruptsExample2.axf" - 0 Error(s), 0 Warning(s).
Build target 'Target 1'
assembling startup_LPC17xx.s...
compiling extintr.c...
compiling gpio.c...
compiling main.c...
compiling system_LPC17xx.c...
linking...
Program Size: Code=1752 RO-data=236 RW-data=36 ZI-data=612  
FromELF: creating hex file...
"ExternalInterruptsExample2.axf" - 0 Error(s), 0 Warning(s).
Build target 'Target 1'
assembling startup_LPC17xx.s...
compiling extintr.c...
compiling gpio.c...
compiling main.c...
compiling system_LPC17xx.c...
linking...
Program Size: Code=1752 RO-data=236 RW-data=36 ZI-data=612  
FromELF: creating hex file...
"ExternalInterruptsExample2.axf" - 0 Error(s), 0 Warning(s).
Build target 'Target 1'
assembling startup_LPC17xx.s...
compiling extintr.c...
compiling gpio.c...
compiling main.c...
compiling system_LPC17xx.c...
linking...
Program Size: Code=1780 RO-data=236 RW-data=36 ZI-data=612  
FromELF: creating hex file...
"ExternalInterruptsExample2.axf" - 0 Error(s), 0 Warning(s).
Build target 'Target 1'
assembling startup_LPC17xx.s...
compiling extintr.c...
compiling gpio.c...
compiling main.c...
compiling system_LPC17xx.c...
linking...
Program Size: Code=1780 RO-data=236 RW-data=36 ZI-data=612  
FromELF: creating hex file...
"ExternalInterruptsExample2.axf" - 0 Error(s), 0 Warning(s).
Build target 'Target 1'
assembling startup_LPC17xx.s...
compiling extintr.c...
extintr.c(204): warning:  #1-D: last line of file ends without a newline
compiling gpio.c...
compiling main.c...
compiling system_LPC17xx.c...
linking...
Program Size: Code=1780 RO-data=236 RW-data=36 ZI-data=612  
FromELF: creating hex file...
"ExternalInterruptsExample2.axf" - 0 Error(s), 1 Warning(s).
Build target 'Target 1'
assembling startup_LPC17xx.s...
compiling extintr.c...
extintr.c(204): warning:  #1-D: last line of file ends without a newline
compiling gpio.c...
compiling main.c...
compiling system_LPC17xx.c...
linking...
Program Size: Code=1780 RO-data=236 RW-data=36 ZI-data=612  
FromELF: creating hex file...
"ExternalInterruptsExample2.axf" - 0 Error(s), 1 Warning(s).
Build target 'Target 1'
assembling startup_LPC17xx.s...
compiling extintr.c...
compiling gpio.c...
compiling main.c...
compiling system_LPC17xx.c...
linking...
Program Size: Code=1780 RO-data=236 RW-data=36 ZI-data=612  
FromELF: creating hex file...
"ExternalInterruptsExample2.axf" - 0 Error(s), 0 Warning(s).
Build target 'Target 1'
assembling startup_LPC17xx.s...
compiling extintr.c...
compiling gpio.c...
compiling main.c...
compiling system_LPC17xx.c...
linking...
Program Size: Code=1780 RO-data=236 RW-data=36 ZI-data=612  
FromELF: creating hex file...
"ExternalInterruptsExample2.axf" - 0 Error(s), 0 Warning(s).
Build target 'Target 1'
assembling startup_LPC17xx.s...
compiling extintr.c...
compiling gpio.c...
compiling main.c...
compiling system_LPC17xx.c...
linking...
Program Size: Code=1780 RO-data=236 RW-data=36 ZI-data=612  
FromELF: creating hex file...
"ExternalInterruptsExample2.axf" - 0 Error(s), 0 Warning(s).
Build target 'Target 1'
assembling startup_LPC17xx.s...
compiling extintr.c...
compiling gpio.c...
compiling main.c...
compiling system_LPC17xx.c...
linking...
Program Size: Code=1780 RO-data=236 RW-data=36 ZI-data=612  
FromELF: creating hex file...
"ExternalInterruptsExample2.axf" - 0 Error(s), 0 Warning(s).
