<html>
<body>
<pre>
<h1>µVision Build Log</h1>
<h2>Project:</h2>
G:\ExploreLpc1768_BreakOut\ExploreLpc1768_BreakOut\09a-RTC_UART\09a-RTC_UART.uvproj
Project File Date:  03/10/2016

<h2>Output:</h2>
Build target 'Target 1'
compiling uart.c...
compiling gpio.c...
compiling rtc.c...
compiling system_LPC17xx.c...
assembling startup_LPC17xx.s...
compiling main.c...
linking...
Program Size: Code=3976 RO-data=268 RW-data=4 ZI-data=612  
"09a-RTC_UART.axf" - 0 Error(s), 0 Warning(s).
Build target 'Target 1'
compiling uart.c...
compiling gpio.c...
compiling rtc.c...
compiling system_LPC17xx.c...
assembling startup_LPC17xx.s...
compiling main.c...
linking...
Program Size: Code=3976 RO-data=268 RW-data=4 ZI-data=612  
"09a-RTC_UART.axf" - 0 Error(s), 0 Warning(s).
Build target 'Target 1'
compiling uart.c...
compiling gpio.c...
compiling rtc.c...
compiling system_LPC17xx.c...
assembling startup_LPC17xx.s...
compiling main.c...
linking...
Program Size: Code=3968 RO-data=268 RW-data=4 ZI-data=612  
User command #1: fromelf --bin 09a-RTC_UART.axf --output 09a-RTC_UART.bin
"09a-RTC_UART.axf" - 0 Error(s), 0 Warning(s).
