<html>
<body>
<pre>
<h1>µVision Build Log</h1>
<h2>Project:</h2>
G:\ExploreLpc1768_BreakOut\ExploreLpc1768_BreakOut\06e-UART_String_RxTx_Lcd\06e-UART_String_RxTx_Lcd.uvproj
Project File Date:  03/09/2016

<h2>Output:</h2>
Build target 'Target 1'
compiling gpio.c...
assembling startup_LPC17xx.s...
compiling main.c...
compiling delay.c...
compiling lcd.c...
compiling uart.c...
compiling system_LPC17xx.c...
linking...
Program Size: Code=7092 RO-data=268 RW-data=12 ZI-data=628  
User command #1: fromelf --bin 06e-UART_String_RxTx_Lcd.axf --output 06e-UART_String_RxTx_Lcd.bin
"06e-UART_String_RxTx_Lcd.axf" - 0 Error(s), 0 Warning(s).
Build target 'Target 1'
compiling gpio.c...
assembling startup_LPC17xx.s...
compiling main.c...
compiling delay.c...
compiling lcd.c...
compiling uart.c...
compiling system_LPC17xx.c...
linking...
Program Size: Code=7092 RO-data=268 RW-data=12 ZI-data=628  
User command #1: fromelf --bin 06e-UART_String_RxTx_Lcd.axf --output 06e-UART_String_RxTx_Lcd.bin
"06e-UART_String_RxTx_Lcd.axf" - 0 Error(s), 0 Warning(s).
Build target 'Target 1'
compiling gpio.c...
assembling startup_LPC17xx.s...
compiling main.c...
compiling delay.c...
compiling lcd.c...
compiling uart.c...
compiling system_LPC17xx.c...
linking...
Program Size: Code=7092 RO-data=268 RW-data=12 ZI-data=628  
User command #1: fromelf --bin 06e-UART_String_RxTx_Lcd.axf --output 06e-UART_String_RxTx_Lcd.bin
"06e-UART_String_RxTx_Lcd.axf" - 0 Error(s), 0 Warning(s).
Build target 'Target 1'
compiling gpio.c...
assembling startup_LPC17xx.s...
compiling main.c...
compiling delay.c...
compiling lcd.c...
compiling uart.c...
compiling system_LPC17xx.c...
linking...
Program Size: Code=7068 RO-data=268 RW-data=12 ZI-data=628  
User command #1: fromelf --bin 06e-UART_String_RxTx_Lcd.axf --output 06e-UART_String_RxTx_Lcd.bin
"06e-UART_String_RxTx_Lcd.axf" - 0 Error(s), 0 Warning(s).
Build target 'Target 1'
compiling gpio.c...
assembling startup_LPC17xx.s...
compiling main.c...
compiling delay.c...
compiling lcd.c...
compiling uart.c...
compiling system_LPC17xx.c...
linking...
Program Size: Code=7092 RO-data=268 RW-data=12 ZI-data=628  
User command #1: fromelf --bin 06e-UART_String_RxTx_Lcd.axf --output 06e-UART_String_RxTx_Lcd.bin
"06e-UART_String_RxTx_Lcd.axf" - 0 Error(s), 0 Warning(s).
Build target 'Target 1'
compiling gpio.c...
assembling startup_LPC17xx.s...
compiling main.c...
main.c(46): warning:  #177-D: variable "str" was declared but never referenced
main.c(47): warning:  #177-D: variable "len" was declared but never referenced
compiling delay.c...
compiling lcd.c...
compiling uart.c...
compiling system_LPC17xx.c...
linking...
Program Size: Code=7008 RO-data=268 RW-data=12 ZI-data=628  
User command #1: fromelf --bin 06e-UART_String_RxTx_Lcd.axf --output 06e-UART_String_RxTx_Lcd.bin
"06e-UART_String_RxTx_Lcd.axf" - 0 Error(s), 2 Warning(s).
Build target 'Target 1'
compiling gpio.c...
assembling startup_LPC17xx.s...
compiling main.c...
compiling delay.c...
compiling lcd.c...
compiling uart.c...
compiling system_LPC17xx.c...
linking...
Program Size: Code=7092 RO-data=268 RW-data=12 ZI-data=628  
User command #1: fromelf --bin 06e-UART_String_RxTx_Lcd.axf --output 06e-UART_String_RxTx_Lcd.bin
"06e-UART_String_RxTx_Lcd.axf" - 0 Error(s), 0 Warning(s).
Build target 'Target 1'
compiling gpio.c...
assembling startup_LPC17xx.s...
compiling main.c...
compiling delay.c...
compiling lcd.c...
compiling uart.c...
compiling system_LPC17xx.c...
linking...
Program Size: Code=7088 RO-data=268 RW-data=12 ZI-data=628  
User command #1: fromelf --bin 06e-UART_String_RxTx_Lcd.axf --output 06e-UART_String_RxTx_Lcd.bin
"06e-UART_String_RxTx_Lcd.axf" - 0 Error(s), 0 Warning(s).
